[0.017s] Invoking command in '/home/andrew/ros2_ws/src/build/my_bot': CMAKE_PREFIX_PATH=/opt/ros/humble /usr/bin/cmake /home/andrew/ros2_ws/src/my_bot -DAMENT_CMAKE_SYMLINK_INSTALL=1 -DCMAKE_INSTALL_PREFIX=/home/andrew/ros2_ws/src/install/my_bot
[0.221s] -- The C compiler identification is GNU 11.4.0
[0.620s] -- The CXX compiler identification is GNU 11.4.0
[0.851s] -- Detecting C compiler ABI info
[0.988s] -- Detecting C compiler ABI info - done
[0.994s] -- Check for working C compiler: /usr/bin/cc - skipped
[0.996s] -- Detecting C compile features
[0.997s] -- Detecting C compile features - done
[1.004s] -- Detecting CXX compiler ABI info
[1.160s] -- Detecting CXX compiler ABI info - done
[1.167s] -- Check for working CXX compiler: /usr/bin/c++ - skipped
[1.167s] -- Detecting CXX compile features
[1.167s] -- Detecting CXX compile features - done
[1.190s] -- Found ament_cmake: 1.3.14 (/opt/ros/humble/share/ament_cmake/cmake)
[1.340s] -- Found Python3: /usr/bin/python3 (found version "3.10.12") found components: Interpreter 
[1.420s] -- Override CMake install command with custom implementation using symlinks instead of copying resources
[1.475s] -- Found ament_lint_auto: 0.12.15 (/opt/ros/humble/share/ament_lint_auto/cmake)
[1.567s] -- Added test 'copyright' to check source files copyright and LICENSE
[1.582s] -- Added test 'flake8' to check Python code syntax and style conventions
[1.584s] -- Added test 'lint_cmake' to check CMake code style
[1.586s] -- Added test 'pep257' to check Python code against some of the docstring style conventions in PEP 257
[1.592s] -- Added test 'xmllint' to check XML markup files
[1.595s] -- Configuring done
[1.603s] -- Generating done
[1.605s] -- Build files have been written to: /home/andrew/ros2_ws/src/build/my_bot
[1.612s] Invoked command in '/home/andrew/ros2_ws/src/build/my_bot' returned '0': CMAKE_PREFIX_PATH=/opt/ros/humble /usr/bin/cmake /home/andrew/ros2_ws/src/my_bot -DAMENT_CMAKE_SYMLINK_INSTALL=1 -DCMAKE_INSTALL_PREFIX=/home/andrew/ros2_ws/src/install/my_bot
[1.615s] Invoking command in '/home/andrew/ros2_ws/src/build/my_bot': CMAKE_PREFIX_PATH=/opt/ros/humble /usr/bin/cmake --build /home/andrew/ros2_ws/src/build/my_bot -- -j16 -l16
[1.660s] Invoked command in '/home/andrew/ros2_ws/src/build/my_bot' returned '0': CMAKE_PREFIX_PATH=/opt/ros/humble /usr/bin/cmake --build /home/andrew/ros2_ws/src/build/my_bot -- -j16 -l16
[1.671s] Invoking command in '/home/andrew/ros2_ws/src/build/my_bot': CMAKE_PREFIX_PATH=/opt/ros/humble /usr/bin/cmake --install /home/andrew/ros2_ws/src/build/my_bot
[1.681s] -- Install configuration: ""
[1.681s] -- Execute custom install script
[1.684s] -- Symlinking: /home/andrew/ros2_ws/src/install/my_bot/share/my_bot/config/empty.yaml
[1.696s] -- Symlinking: /home/andrew/ros2_ws/src/install/my_bot/share/my_bot/description/robot.urdf.xacro
[1.705s] -- Symlinking: /home/andrew/ros2_ws/src/install/my_bot/share/my_bot/description/robot_core.xacro
[1.716s] -- Symlinking: /home/andrew/ros2_ws/src/install/my_bot/share/my_bot/launch/rsp.launch.py
[1.726s] -- Symlinking: /home/andrew/ros2_ws/src/install/my_bot/share/my_bot/worlds/empty.world
[1.736s] -- Symlinking: /home/andrew/ros2_ws/src/install/my_bot/share/ament_index/resource_index/package_run_dependencies/my_bot
[1.745s] -- Symlinking: /home/andrew/ros2_ws/src/install/my_bot/share/ament_index/resource_index/parent_prefix_path/my_bot
[1.757s] -- Symlinking: /home/andrew/ros2_ws/src/install/my_bot/share/my_bot/environment/ament_prefix_path.sh
[1.767s] -- Symlinking: /home/andrew/ros2_ws/src/install/my_bot/share/my_bot/environment/ament_prefix_path.dsv
[1.778s] -- Symlinking: /home/andrew/ros2_ws/src/install/my_bot/share/my_bot/environment/path.sh
[1.788s] -- Symlinking: /home/andrew/ros2_ws/src/install/my_bot/share/my_bot/environment/path.dsv
[1.797s] -- Symlinking: /home/andrew/ros2_ws/src/install/my_bot/share/my_bot/local_setup.bash
[1.806s] -- Symlinking: /home/andrew/ros2_ws/src/install/my_bot/share/my_bot/local_setup.sh
[1.818s] -- Symlinking: /home/andrew/ros2_ws/src/install/my_bot/share/my_bot/local_setup.zsh
[1.827s] -- Symlinking: /home/andrew/ros2_ws/src/install/my_bot/share/my_bot/local_setup.dsv
[1.836s] -- Symlinking: /home/andrew/ros2_ws/src/install/my_bot/share/my_bot/package.dsv
[1.846s] -- Symlinking: /home/andrew/ros2_ws/src/install/my_bot/share/ament_index/resource_index/packages/my_bot
[1.856s] -- Symlinking: /home/andrew/ros2_ws/src/install/my_bot/share/my_bot/cmake/my_botConfig.cmake
[1.868s] -- Symlinking: /home/andrew/ros2_ws/src/install/my_bot/share/my_bot/cmake/my_botConfig-version.cmake
[1.878s] -- Symlinking: /home/andrew/ros2_ws/src/install/my_bot/share/my_bot/package.xml
[1.890s] Invoked command in '/home/andrew/ros2_ws/src/build/my_bot' returned '0': CMAKE_PREFIX_PATH=/opt/ros/humble /usr/bin/cmake --install /home/andrew/ros2_ws/src/build/my_bot
