[0.014s] Invoking command in '/home/andrew/CompanionBot2/NavigationSoftware/ros2_ws/build/my_bot': CMAKE_PREFIX_PATH=${CMAKE_PREFIX_PATH}:/opt/ros/humble /usr/bin/cmake /home/andrew/CompanionBot2/NavigationSoftware/ros2_ws/src/my_bot -DAMENT_CMAKE_SYMLINK_INSTALL=1 -DCMAKE_INSTALL_PREFIX=/home/andrew/CompanionBot2/NavigationSoftware/ros2_ws/install/my_bot
[0.169s] -- The C compiler identification is GNU 11.4.0
[0.510s] -- The CXX compiler identification is GNU 11.4.0
[0.720s] -- Detecting C compiler ABI info
[0.841s] -- Detecting C compiler ABI info - done
[0.846s] -- Check for working C compiler: /usr/bin/cc - skipped
[0.847s] -- Detecting C compile features
[0.848s] -- Detecting C compile features - done
[0.854s] -- Detecting CXX compiler ABI info
[0.973s] -- Detecting CXX compiler ABI info - done
[0.978s] -- Check for working CXX compiler: /usr/bin/c++ - skipped
[0.978s] -- Detecting CXX compile features
[0.979s] -- Detecting CXX compile features - done
[0.991s] -- Found ament_cmake: 1.3.14 (/opt/ros/humble/share/ament_cmake/cmake)
[1.114s] -- Found Python3: /usr/bin/python3 (found version "3.10.12") found components: Interpreter 
[1.179s] -- Override CMake install command with custom implementation using symlinks instead of copying resources
[1.225s] -- Found ament_lint_auto: 0.12.15 (/opt/ros/humble/share/ament_lint_auto/cmake)
[1.299s] -- Added test 'copyright' to check source files copyright and LICENSE
[1.307s] -- Added test 'flake8' to check Python code syntax and style conventions
[1.308s] -- Added test 'lint_cmake' to check CMake code style
[1.309s] -- Added test 'pep257' to check Python code against some of the docstring style conventions in PEP 257
[1.313s] -- Added test 'xmllint' to check XML markup files
[1.317s] -- Configuring done
[1.323s] -- Generating done
[1.325s] -- Build files have been written to: /home/andrew/CompanionBot2/NavigationSoftware/ros2_ws/build/my_bot
[1.331s] Invoked command in '/home/andrew/CompanionBot2/NavigationSoftware/ros2_ws/build/my_bot' returned '0': CMAKE_PREFIX_PATH=${CMAKE_PREFIX_PATH}:/opt/ros/humble /usr/bin/cmake /home/andrew/CompanionBot2/NavigationSoftware/ros2_ws/src/my_bot -DAMENT_CMAKE_SYMLINK_INSTALL=1 -DCMAKE_INSTALL_PREFIX=/home/andrew/CompanionBot2/NavigationSoftware/ros2_ws/install/my_bot
[1.332s] Invoking command in '/home/andrew/CompanionBot2/NavigationSoftware/ros2_ws/build/my_bot': CMAKE_PREFIX_PATH=${CMAKE_PREFIX_PATH}:/opt/ros/humble /usr/bin/cmake --build /home/andrew/CompanionBot2/NavigationSoftware/ros2_ws/build/my_bot -- -j16 -l16
[1.370s] Invoked command in '/home/andrew/CompanionBot2/NavigationSoftware/ros2_ws/build/my_bot' returned '0': CMAKE_PREFIX_PATH=${CMAKE_PREFIX_PATH}:/opt/ros/humble /usr/bin/cmake --build /home/andrew/CompanionBot2/NavigationSoftware/ros2_ws/build/my_bot -- -j16 -l16
[1.378s] Invoking command in '/home/andrew/CompanionBot2/NavigationSoftware/ros2_ws/build/my_bot': CMAKE_PREFIX_PATH=${CMAKE_PREFIX_PATH}:/opt/ros/humble /usr/bin/cmake --install /home/andrew/CompanionBot2/NavigationSoftware/ros2_ws/build/my_bot
[1.384s] -- Install configuration: ""
[1.384s] -- Execute custom install script
[1.386s] -- Symlinking: /home/andrew/CompanionBot2/NavigationSoftware/ros2_ws/install/my_bot/share/my_bot/config/empty.yaml
[1.394s] -- Symlinking: /home/andrew/CompanionBot2/NavigationSoftware/ros2_ws/install/my_bot/share/my_bot/config/empty.yaml:Zone.Identifier
[1.403s] -- Symlinking: /home/andrew/CompanionBot2/NavigationSoftware/ros2_ws/install/my_bot/share/my_bot/description/robot.urdf.xacro
[1.413s] -- Symlinking: /home/andrew/CompanionBot2/NavigationSoftware/ros2_ws/install/my_bot/share/my_bot/description/robot_core.xacro
[1.422s] -- Symlinking: /home/andrew/CompanionBot2/NavigationSoftware/ros2_ws/install/my_bot/share/my_bot/description/rover2.xacro
[1.431s] -- Symlinking: /home/andrew/CompanionBot2/NavigationSoftware/ros2_ws/install/my_bot/share/my_bot/launch/rover2.launch.py
[1.439s] -- Symlinking: /home/andrew/CompanionBot2/NavigationSoftware/ros2_ws/install/my_bot/share/my_bot/launch/rsp.launch.py
[1.448s] -- Symlinking: /home/andrew/CompanionBot2/NavigationSoftware/ros2_ws/install/my_bot/share/my_bot/worlds/empty.world
[1.456s] -- Symlinking: /home/andrew/CompanionBot2/NavigationSoftware/ros2_ws/install/my_bot/share/my_bot/worlds/empty.world:Zone.Identifier
[1.465s] -- Symlinking: /home/andrew/CompanionBot2/NavigationSoftware/ros2_ws/install/my_bot/share/ament_index/resource_index/package_run_dependencies/my_bot
[1.473s] -- Symlinking: /home/andrew/CompanionBot2/NavigationSoftware/ros2_ws/install/my_bot/share/ament_index/resource_index/parent_prefix_path/my_bot
[1.481s] -- Symlinking: /home/andrew/CompanionBot2/NavigationSoftware/ros2_ws/install/my_bot/share/my_bot/environment/ament_prefix_path.sh
[1.489s] -- Symlinking: /home/andrew/CompanionBot2/NavigationSoftware/ros2_ws/install/my_bot/share/my_bot/environment/ament_prefix_path.dsv
[1.496s] -- Symlinking: /home/andrew/CompanionBot2/NavigationSoftware/ros2_ws/install/my_bot/share/my_bot/environment/path.sh
[1.503s] -- Symlinking: /home/andrew/CompanionBot2/NavigationSoftware/ros2_ws/install/my_bot/share/my_bot/environment/path.dsv
[1.511s] -- Symlinking: /home/andrew/CompanionBot2/NavigationSoftware/ros2_ws/install/my_bot/share/my_bot/local_setup.bash
[1.519s] -- Symlinking: /home/andrew/CompanionBot2/NavigationSoftware/ros2_ws/install/my_bot/share/my_bot/local_setup.sh
[1.529s] -- Symlinking: /home/andrew/CompanionBot2/NavigationSoftware/ros2_ws/install/my_bot/share/my_bot/local_setup.zsh
[1.538s] -- Symlinking: /home/andrew/CompanionBot2/NavigationSoftware/ros2_ws/install/my_bot/share/my_bot/local_setup.dsv
[1.545s] -- Symlinking: /home/andrew/CompanionBot2/NavigationSoftware/ros2_ws/install/my_bot/share/my_bot/package.dsv
[1.553s] -- Symlinking: /home/andrew/CompanionBot2/NavigationSoftware/ros2_ws/install/my_bot/share/ament_index/resource_index/packages/my_bot
[1.561s] -- Symlinking: /home/andrew/CompanionBot2/NavigationSoftware/ros2_ws/install/my_bot/share/my_bot/cmake/my_botConfig.cmake
[1.569s] -- Symlinking: /home/andrew/CompanionBot2/NavigationSoftware/ros2_ws/install/my_bot/share/my_bot/cmake/my_botConfig-version.cmake
[1.577s] -- Symlinking: /home/andrew/CompanionBot2/NavigationSoftware/ros2_ws/install/my_bot/share/my_bot/package.xml
[1.586s] Invoked command in '/home/andrew/CompanionBot2/NavigationSoftware/ros2_ws/build/my_bot' returned '0': CMAKE_PREFIX_PATH=${CMAKE_PREFIX_PATH}:/opt/ros/humble /usr/bin/cmake --install /home/andrew/CompanionBot2/NavigationSoftware/ros2_ws/build/my_bot
