[0.019s] Invoking command in '/home/andrew/CompanionBot2/NavigationSoftware/ros2_ws/build/roverrobotics_input_manager': CMAKE_PREFIX_PATH=/opt/ros/humble /usr/bin/cmake --build /home/andrew/CompanionBot2/NavigationSoftware/ros2_ws/build/roverrobotics_input_manager -- -j16 -l16
[0.081s] Invoked command in '/home/andrew/CompanionBot2/NavigationSoftware/ros2_ws/build/roverrobotics_input_manager' returned '0': CMAKE_PREFIX_PATH=/opt/ros/humble /usr/bin/cmake --build /home/andrew/CompanionBot2/NavigationSoftware/ros2_ws/build/roverrobotics_input_manager -- -j16 -l16
[0.083s] Invoking command in '/home/andrew/CompanionBot2/NavigationSoftware/ros2_ws/build/roverrobotics_input_manager': CMAKE_PREFIX_PATH=/opt/ros/humble /usr/bin/cmake --install /home/andrew/CompanionBot2/NavigationSoftware/ros2_ws/build/roverrobotics_input_manager
[0.091s] -- Install configuration: ""
[0.092s] -- Execute custom install script
[0.095s] -- Up-to-date symlink: /home/andrew/CompanionBot2/NavigationSoftware/ros2_ws/install/roverrobotics_input_manager/lib/roverrobotics_input_manager/modules/Controller.py
[0.095s] -- Up-to-date symlink: /home/andrew/CompanionBot2/NavigationSoftware/ros2_ws/install/roverrobotics_input_manager/lib/roverrobotics_input_manager/modules/PadHeartbeat.py
[0.095s] -- Up-to-date symlink: /home/andrew/CompanionBot2/NavigationSoftware/ros2_ws/install/roverrobotics_input_manager/lib/roverrobotics_input_manager/modules/Topics.py
[0.096s] -- Up-to-date symlink: /home/andrew/CompanionBot2/NavigationSoftware/ros2_ws/install/roverrobotics_input_manager/lib/roverrobotics_input_manager/modules/__pycache__/Controller.cpython-310.pyc
[0.096s] -- Up-to-date symlink: /home/andrew/CompanionBot2/NavigationSoftware/ros2_ws/install/roverrobotics_input_manager/lib/roverrobotics_input_manager/modules/__pycache__/Controller.cpython-38.pyc
[0.096s] -- Up-to-date symlink: /home/andrew/CompanionBot2/NavigationSoftware/ros2_ws/install/roverrobotics_input_manager/lib/roverrobotics_input_manager/modules/__pycache__/Topics.cpython-310.pyc
[0.097s] -- Up-to-date symlink: /home/andrew/CompanionBot2/NavigationSoftware/ros2_ws/install/roverrobotics_input_manager/lib/roverrobotics_input_manager/modules/__pycache__/Topics.cpython-38.pyc
[0.097s] -- Up-to-date symlink: /home/andrew/CompanionBot2/NavigationSoftware/ros2_ws/install/roverrobotics_input_manager/lib/roverrobotics_input_manager/joys_manager.py
[0.097s] -- Up-to-date symlink: /home/andrew/CompanionBot2/NavigationSoftware/ros2_ws/install/roverrobotics_input_manager/share/ament_index/resource_index/package_run_dependencies/roverrobotics_input_manager
[0.098s] -- Up-to-date symlink: /home/andrew/CompanionBot2/NavigationSoftware/ros2_ws/install/roverrobotics_input_manager/share/ament_index/resource_index/parent_prefix_path/roverrobotics_input_manager
[0.098s] -- Up-to-date symlink: /home/andrew/CompanionBot2/NavigationSoftware/ros2_ws/install/roverrobotics_input_manager/share/roverrobotics_input_manager/environment/ament_prefix_path.sh
[0.098s] -- Up-to-date symlink: /home/andrew/CompanionBot2/NavigationSoftware/ros2_ws/install/roverrobotics_input_manager/share/roverrobotics_input_manager/environment/ament_prefix_path.dsv
[0.099s] -- Up-to-date symlink: /home/andrew/CompanionBot2/NavigationSoftware/ros2_ws/install/roverrobotics_input_manager/share/roverrobotics_input_manager/environment/path.sh
[0.099s] -- Up-to-date symlink: /home/andrew/CompanionBot2/NavigationSoftware/ros2_ws/install/roverrobotics_input_manager/share/roverrobotics_input_manager/environment/path.dsv
[0.099s] -- Up-to-date symlink: /home/andrew/CompanionBot2/NavigationSoftware/ros2_ws/install/roverrobotics_input_manager/share/roverrobotics_input_manager/local_setup.bash
[0.100s] -- Up-to-date symlink: /home/andrew/CompanionBot2/NavigationSoftware/ros2_ws/install/roverrobotics_input_manager/share/roverrobotics_input_manager/local_setup.sh
[0.101s] -- Up-to-date symlink: /home/andrew/CompanionBot2/NavigationSoftware/ros2_ws/install/roverrobotics_input_manager/share/roverrobotics_input_manager/local_setup.zsh
[0.101s] -- Up-to-date symlink: /home/andrew/CompanionBot2/NavigationSoftware/ros2_ws/install/roverrobotics_input_manager/share/roverrobotics_input_manager/local_setup.dsv
[0.101s] -- Symlinking: /home/andrew/CompanionBot2/NavigationSoftware/ros2_ws/install/roverrobotics_input_manager/share/roverrobotics_input_manager/package.dsv
[0.110s] -- Up-to-date symlink: /home/andrew/CompanionBot2/NavigationSoftware/ros2_ws/install/roverrobotics_input_manager/share/ament_index/resource_index/packages/roverrobotics_input_manager
[0.111s] -- Up-to-date symlink: /home/andrew/CompanionBot2/NavigationSoftware/ros2_ws/install/roverrobotics_input_manager/share/roverrobotics_input_manager/cmake/roverrobotics_input_managerConfig.cmake
[0.111s] -- Up-to-date symlink: /home/andrew/CompanionBot2/NavigationSoftware/ros2_ws/install/roverrobotics_input_manager/share/roverrobotics_input_manager/cmake/roverrobotics_input_managerConfig-version.cmake
[0.111s] -- Up-to-date symlink: /home/andrew/CompanionBot2/NavigationSoftware/ros2_ws/install/roverrobotics_input_manager/share/roverrobotics_input_manager/package.xml
[0.134s] Invoked command in '/home/andrew/CompanionBot2/NavigationSoftware/ros2_ws/build/roverrobotics_input_manager' returned '0': CMAKE_PREFIX_PATH=/opt/ros/humble /usr/bin/cmake --install /home/andrew/CompanionBot2/NavigationSoftware/ros2_ws/build/roverrobotics_input_manager
