-- Install configuration: ""
-- Execute custom install script
-- Up-to-date symlink: /home/andrew/CompanionBot2/NavigationSoftware/ros2_ws/install/roverrobotics_gazebo/share/roverrobotics_gazebo/launch/2wd_rover_gazebo.launch.py
-- Up-to-date symlink: /home/andrew/CompanionBot2/NavigationSoftware/ros2_ws/install/roverrobotics_gazebo/share/roverrobotics_gazebo/launch/4wd_rover_gazebo.launch.py
-- Up-to-date symlink: /home/andrew/CompanionBot2/NavigationSoftware/ros2_ws/install/roverrobotics_gazebo/share/roverrobotics_gazebo/launch/flipper_gazebo.launch.py
-- Up-to-date symlink: /home/andrew/CompanionBot2/NavigationSoftware/ros2_ws/install/roverrobotics_gazebo/share/roverrobotics_gazebo/launch/max_gazebo.launch.py
-- Up-to-date symlink: /home/andrew/CompanionBot2/NavigationSoftware/ros2_ws/install/roverrobotics_gazebo/share/roverrobotics_gazebo/launch/mega_gazebo.launch.py
-- Up-to-date symlink: /home/andrew/CompanionBot2/NavigationSoftware/ros2_ws/install/roverrobotics_gazebo/share/roverrobotics_gazebo/launch/mini_2wd_gazebo.launch.py
-- Up-to-date symlink: /home/andrew/CompanionBot2/NavigationSoftware/ros2_ws/install/roverrobotics_gazebo/share/roverrobotics_gazebo/launch/mini_gazebo.launch.py
-- Up-to-date symlink: /home/andrew/CompanionBot2/NavigationSoftware/ros2_ws/install/roverrobotics_gazebo/share/roverrobotics_gazebo/launch/miti_65_gazebo.launch.py
-- Up-to-date symlink: /home/andrew/CompanionBot2/NavigationSoftware/ros2_ws/install/roverrobotics_gazebo/share/roverrobotics_gazebo/launch/miti_gazebo.launch.py
-- Up-to-date symlink: /home/andrew/CompanionBot2/NavigationSoftware/ros2_ws/install/roverrobotics_gazebo/share/roverrobotics_gazebo/worlds/depot.sdf
-- Up-to-date symlink: /home/andrew/CompanionBot2/NavigationSoftware/ros2_ws/install/roverrobotics_gazebo/share/roverrobotics_gazebo/worlds/maze.sdf
-- Up-to-date symlink: /home/andrew/CompanionBot2/NavigationSoftware/ros2_ws/install/roverrobotics_gazebo/share/roverrobotics_gazebo/worlds/warehouse.sdf
-- Up-to-date symlink: /home/andrew/CompanionBot2/NavigationSoftware/ros2_ws/install/roverrobotics_gazebo/share/ament_index/resource_index/package_run_dependencies/roverrobotics_gazebo
-- Up-to-date symlink: /home/andrew/CompanionBot2/NavigationSoftware/ros2_ws/install/roverrobotics_gazebo/share/ament_index/resource_index/parent_prefix_path/roverrobotics_gazebo
-- Up-to-date symlink: /home/andrew/CompanionBot2/NavigationSoftware/ros2_ws/install/roverrobotics_gazebo/share/roverrobotics_gazebo/environment/ament_prefix_path.sh
-- Up-to-date symlink: /home/andrew/CompanionBot2/NavigationSoftware/ros2_ws/install/roverrobotics_gazebo/share/roverrobotics_gazebo/environment/ament_prefix_path.dsv
-- Up-to-date symlink: /home/andrew/CompanionBot2/NavigationSoftware/ros2_ws/install/roverrobotics_gazebo/share/roverrobotics_gazebo/environment/path.sh
-- Up-to-date symlink: /home/andrew/CompanionBot2/NavigationSoftware/ros2_ws/install/roverrobotics_gazebo/share/roverrobotics_gazebo/environment/path.dsv
-- Up-to-date symlink: /home/andrew/CompanionBot2/NavigationSoftware/ros2_ws/install/roverrobotics_gazebo/share/roverrobotics_gazebo/local_setup.bash
-- Up-to-date symlink: /home/andrew/CompanionBot2/NavigationSoftware/ros2_ws/install/roverrobotics_gazebo/share/roverrobotics_gazebo/local_setup.sh
-- Up-to-date symlink: /home/andrew/CompanionBot2/NavigationSoftware/ros2_ws/install/roverrobotics_gazebo/share/roverrobotics_gazebo/local_setup.zsh
-- Up-to-date symlink: /home/andrew/CompanionBot2/NavigationSoftware/ros2_ws/install/roverrobotics_gazebo/share/roverrobotics_gazebo/local_setup.dsv
-- Symlinking: /home/andrew/CompanionBot2/NavigationSoftware/ros2_ws/install/roverrobotics_gazebo/share/roverrobotics_gazebo/package.dsv
-- Up-to-date symlink: /home/andrew/CompanionBot2/NavigationSoftware/ros2_ws/install/roverrobotics_gazebo/share/ament_index/resource_index/packages/roverrobotics_gazebo
-- Up-to-date symlink: /home/andrew/CompanionBot2/NavigationSoftware/ros2_ws/install/roverrobotics_gazebo/share/roverrobotics_gazebo/cmake/roverrobotics_gazeboConfig.cmake
-- Up-to-date symlink: /home/andrew/CompanionBot2/NavigationSoftware/ros2_ws/install/roverrobotics_gazebo/share/roverrobotics_gazebo/cmake/roverrobotics_gazeboConfig-version.cmake
-- Up-to-date symlink: /home/andrew/CompanionBot2/NavigationSoftware/ros2_ws/install/roverrobotics_gazebo/share/roverrobotics_gazebo/package.xml
