[0.134s] DEBUG:colcon:Command line arguments: ['/usr/bin/colcon', 'build', '--symlink-install']
[0.134s] DEBUG:colcon:Parsed command line arguments: Namespace(log_base=None, log_level=None, verb_name='build', build_base='build', install_base='install', merge_install=False, symlink_install=True, test_result_base=None, continue_on_error=False, executor='parallel', parallel_workers=16, event_handlers=None, ignore_user_meta=False, metas=['./colcon.meta'], base_paths=['.'], packages_ignore=None, packages_ignore_regex=None, paths=None, packages_up_to=None, packages_up_to_regex=None, packages_above=None, packages_above_and_dependencies=None, packages_above_depth=None, packages_select_by_dep=None, packages_skip_by_dep=None, packages_skip_up_to=None, packages_select_build_failed=False, packages_skip_build_finished=False, packages_select_test_failures=False, packages_skip_test_passed=False, packages_select=None, packages_skip=None, packages_select_regex=None, packages_skip_regex=None, packages_start=None, packages_end=None, allow_overriding=[], cmake_args=None, cmake_target=None, cmake_target_skip_unavailable=False, cmake_clean_cache=False, cmake_clean_first=False, cmake_force_configure=False, ament_cmake_args=None, catkin_cmake_args=None, catkin_skip_building_tests=False, verb_parser=<colcon_defaults.argument_parser.defaults.DefaultArgumentsDecorator object at 0x759cff2cb220>, verb_extension=<colcon_core.verb.build.BuildVerb object at 0x759cff2cac50>, main=<bound method BuildVerb.main of <colcon_core.verb.build.BuildVerb object at 0x759cff2cac50>>)
[0.254s] Level 1:colcon.colcon_core.package_discovery:discover_packages(colcon_meta) check parameters
[0.254s] Level 1:colcon.colcon_core.package_discovery:discover_packages(recursive) check parameters
[0.254s] Level 1:colcon.colcon_core.package_discovery:discover_packages(ignore) check parameters
[0.254s] Level 1:colcon.colcon_core.package_discovery:discover_packages(path) check parameters
[0.254s] Level 1:colcon.colcon_core.package_discovery:discover_packages(colcon_meta) discover
[0.254s] Level 1:colcon.colcon_core.package_discovery:discover_packages(recursive) discover
[0.254s] INFO:colcon.colcon_core.package_discovery:Crawling recursively for packages in '/home/andrew/CompanionBot2/NavigationSoftware/ros2_ws'
[0.254s] Level 1:colcon.colcon_core.package_identification:_identify(.) by extensions ['ignore', 'ignore_ament_install']
[0.254s] Level 1:colcon.colcon_core.package_identification:_identify(.) by extension 'ignore'
[0.254s] Level 1:colcon.colcon_core.package_identification:_identify(.) by extension 'ignore_ament_install'
[0.254s] Level 1:colcon.colcon_core.package_identification:_identify(.) by extensions ['colcon_pkg']
[0.254s] Level 1:colcon.colcon_core.package_identification:_identify(.) by extension 'colcon_pkg'
[0.255s] Level 1:colcon.colcon_core.package_identification:_identify(.) by extensions ['colcon_meta']
[0.255s] Level 1:colcon.colcon_core.package_identification:_identify(.) by extension 'colcon_meta'
[0.255s] Level 1:colcon.colcon_core.package_identification:_identify(.) by extensions ['ros']
[0.255s] Level 1:colcon.colcon_core.package_identification:_identify(.) by extension 'ros'
[0.264s] Level 1:colcon.colcon_core.package_identification:_identify(.) by extensions ['cmake', 'python']
[0.264s] Level 1:colcon.colcon_core.package_identification:_identify(.) by extension 'cmake'
[0.264s] Level 1:colcon.colcon_core.package_identification:_identify(.) by extension 'python'
[0.264s] Level 1:colcon.colcon_core.package_identification:_identify(.) by extensions ['python_setup_py']
[0.264s] Level 1:colcon.colcon_core.package_identification:_identify(.) by extension 'python_setup_py'
[0.264s] Level 1:colcon.colcon_core.package_identification:_identify(build) by extensions ['ignore', 'ignore_ament_install']
[0.264s] Level 1:colcon.colcon_core.package_identification:_identify(build) by extension 'ignore'
[0.264s] Level 1:colcon.colcon_core.package_identification:_identify(build) ignored
[0.265s] Level 1:colcon.colcon_core.package_identification:_identify(install) by extensions ['ignore', 'ignore_ament_install']
[0.265s] Level 1:colcon.colcon_core.package_identification:_identify(install) by extension 'ignore'
[0.265s] Level 1:colcon.colcon_core.package_identification:_identify(install) ignored
[0.265s] Level 1:colcon.colcon_core.package_identification:_identify(log) by extensions ['ignore', 'ignore_ament_install']
[0.265s] Level 1:colcon.colcon_core.package_identification:_identify(log) by extension 'ignore'
[0.265s] Level 1:colcon.colcon_core.package_identification:_identify(log) ignored
[0.265s] Level 1:colcon.colcon_core.package_identification:_identify(src) by extensions ['ignore', 'ignore_ament_install']
[0.265s] Level 1:colcon.colcon_core.package_identification:_identify(src) by extension 'ignore'
[0.265s] Level 1:colcon.colcon_core.package_identification:_identify(src) by extension 'ignore_ament_install'
[0.265s] Level 1:colcon.colcon_core.package_identification:_identify(src) by extensions ['colcon_pkg']
[0.265s] Level 1:colcon.colcon_core.package_identification:_identify(src) by extension 'colcon_pkg'
[0.265s] Level 1:colcon.colcon_core.package_identification:_identify(src) by extensions ['colcon_meta']
[0.265s] Level 1:colcon.colcon_core.package_identification:_identify(src) by extension 'colcon_meta'
[0.265s] Level 1:colcon.colcon_core.package_identification:_identify(src) by extensions ['ros']
[0.265s] Level 1:colcon.colcon_core.package_identification:_identify(src) by extension 'ros'
[0.266s] Level 1:colcon.colcon_core.package_identification:_identify(src) by extensions ['cmake', 'python']
[0.266s] Level 1:colcon.colcon_core.package_identification:_identify(src) by extension 'cmake'
[0.266s] Level 1:colcon.colcon_core.package_identification:_identify(src) by extension 'python'
[0.266s] Level 1:colcon.colcon_core.package_identification:_identify(src) by extensions ['python_setup_py']
[0.266s] Level 1:colcon.colcon_core.package_identification:_identify(src) by extension 'python_setup_py'
[0.266s] Level 1:colcon.colcon_core.package_identification:_identify(src/build) by extensions ['ignore', 'ignore_ament_install']
[0.266s] Level 1:colcon.colcon_core.package_identification:_identify(src/build) by extension 'ignore'
[0.266s] Level 1:colcon.colcon_core.package_identification:_identify(src/build) ignored
[0.266s] Level 1:colcon.colcon_core.package_identification:_identify(src/install) by extensions ['ignore', 'ignore_ament_install']
[0.266s] Level 1:colcon.colcon_core.package_identification:_identify(src/install) by extension 'ignore'
[0.266s] Level 1:colcon.colcon_core.package_identification:_identify(src/install) ignored
[0.266s] Level 1:colcon.colcon_core.package_identification:_identify(src/log) by extensions ['ignore', 'ignore_ament_install']
[0.266s] Level 1:colcon.colcon_core.package_identification:_identify(src/log) by extension 'ignore'
[0.266s] Level 1:colcon.colcon_core.package_identification:_identify(src/log) ignored
[0.267s] Level 1:colcon.colcon_core.package_identification:_identify(src/my_bot) by extensions ['ignore', 'ignore_ament_install']
[0.267s] Level 1:colcon.colcon_core.package_identification:_identify(src/my_bot) by extension 'ignore'
[0.267s] Level 1:colcon.colcon_core.package_identification:_identify(src/my_bot) by extension 'ignore_ament_install'
[0.267s] Level 1:colcon.colcon_core.package_identification:_identify(src/my_bot) by extensions ['colcon_pkg']
[0.267s] Level 1:colcon.colcon_core.package_identification:_identify(src/my_bot) by extension 'colcon_pkg'
[0.267s] Level 1:colcon.colcon_core.package_identification:_identify(src/my_bot) by extensions ['colcon_meta']
[0.267s] Level 1:colcon.colcon_core.package_identification:_identify(src/my_bot) by extension 'colcon_meta'
[0.267s] Level 1:colcon.colcon_core.package_identification:_identify(src/my_bot) by extensions ['ros']
[0.267s] Level 1:colcon.colcon_core.package_identification:_identify(src/my_bot) by extension 'ros'
[0.269s] DEBUG:colcon.colcon_core.package_identification:Package 'src/my_bot' with type 'ros.ament_cmake' and name 'my_bot'
[0.269s] Level 1:colcon.colcon_core.package_identification:_identify(src/roverrobotics_ros2) by extensions ['ignore', 'ignore_ament_install']
[0.270s] Level 1:colcon.colcon_core.package_identification:_identify(src/roverrobotics_ros2) by extension 'ignore'
[0.270s] Level 1:colcon.colcon_core.package_identification:_identify(src/roverrobotics_ros2) by extension 'ignore_ament_install'
[0.270s] Level 1:colcon.colcon_core.package_identification:_identify(src/roverrobotics_ros2) by extensions ['colcon_pkg']
[0.270s] Level 1:colcon.colcon_core.package_identification:_identify(src/roverrobotics_ros2) by extension 'colcon_pkg'
[0.270s] Level 1:colcon.colcon_core.package_identification:_identify(src/roverrobotics_ros2) by extensions ['colcon_meta']
[0.270s] Level 1:colcon.colcon_core.package_identification:_identify(src/roverrobotics_ros2) by extension 'colcon_meta'
[0.270s] Level 1:colcon.colcon_core.package_identification:_identify(src/roverrobotics_ros2) by extensions ['ros']
[0.270s] Level 1:colcon.colcon_core.package_identification:_identify(src/roverrobotics_ros2) by extension 'ros'
[0.270s] Level 1:colcon.colcon_core.package_identification:_identify(src/roverrobotics_ros2) by extensions ['cmake', 'python']
[0.270s] Level 1:colcon.colcon_core.package_identification:_identify(src/roverrobotics_ros2) by extension 'cmake'
[0.270s] Level 1:colcon.colcon_core.package_identification:_identify(src/roverrobotics_ros2) by extension 'python'
[0.270s] Level 1:colcon.colcon_core.package_identification:_identify(src/roverrobotics_ros2) by extensions ['python_setup_py']
[0.270s] Level 1:colcon.colcon_core.package_identification:_identify(src/roverrobotics_ros2) by extension 'python_setup_py'
[0.270s] Level 1:colcon.colcon_core.package_identification:_identify(src/roverrobotics_ros2/roverrobotics_description) by extensions ['ignore', 'ignore_ament_install']
[0.271s] Level 1:colcon.colcon_core.package_identification:_identify(src/roverrobotics_ros2/roverrobotics_description) by extension 'ignore'
[0.271s] Level 1:colcon.colcon_core.package_identification:_identify(src/roverrobotics_ros2/roverrobotics_description) by extension 'ignore_ament_install'
[0.271s] Level 1:colcon.colcon_core.package_identification:_identify(src/roverrobotics_ros2/roverrobotics_description) by extensions ['colcon_pkg']
[0.271s] Level 1:colcon.colcon_core.package_identification:_identify(src/roverrobotics_ros2/roverrobotics_description) by extension 'colcon_pkg'
[0.271s] Level 1:colcon.colcon_core.package_identification:_identify(src/roverrobotics_ros2/roverrobotics_description) by extensions ['colcon_meta']
[0.271s] Level 1:colcon.colcon_core.package_identification:_identify(src/roverrobotics_ros2/roverrobotics_description) by extension 'colcon_meta'
[0.271s] Level 1:colcon.colcon_core.package_identification:_identify(src/roverrobotics_ros2/roverrobotics_description) by extensions ['ros']
[0.271s] Level 1:colcon.colcon_core.package_identification:_identify(src/roverrobotics_ros2/roverrobotics_description) by extension 'ros'
[0.271s] DEBUG:colcon.colcon_core.package_identification:Package 'src/roverrobotics_ros2/roverrobotics_description' with type 'ros.ament_cmake' and name 'roverrobotics_description'
[0.271s] Level 1:colcon.colcon_core.package_identification:_identify(src/roverrobotics_ros2/roverrobotics_driver) by extensions ['ignore', 'ignore_ament_install']
[0.272s] Level 1:colcon.colcon_core.package_identification:_identify(src/roverrobotics_ros2/roverrobotics_driver) by extension 'ignore'
[0.272s] Level 1:colcon.colcon_core.package_identification:_identify(src/roverrobotics_ros2/roverrobotics_driver) by extension 'ignore_ament_install'
[0.272s] Level 1:colcon.colcon_core.package_identification:_identify(src/roverrobotics_ros2/roverrobotics_driver) by extensions ['colcon_pkg']
[0.272s] Level 1:colcon.colcon_core.package_identification:_identify(src/roverrobotics_ros2/roverrobotics_driver) by extension 'colcon_pkg'
[0.272s] Level 1:colcon.colcon_core.package_identification:_identify(src/roverrobotics_ros2/roverrobotics_driver) by extensions ['colcon_meta']
[0.272s] Level 1:colcon.colcon_core.package_identification:_identify(src/roverrobotics_ros2/roverrobotics_driver) by extension 'colcon_meta'
[0.272s] Level 1:colcon.colcon_core.package_identification:_identify(src/roverrobotics_ros2/roverrobotics_driver) by extensions ['ros']
[0.272s] Level 1:colcon.colcon_core.package_identification:_identify(src/roverrobotics_ros2/roverrobotics_driver) by extension 'ros'
[0.273s] DEBUG:colcon.colcon_core.package_identification:Package 'src/roverrobotics_ros2/roverrobotics_driver' with type 'ros.ament_cmake' and name 'roverrobotics_driver'
[0.273s] Level 1:colcon.colcon_core.package_identification:_identify(src/roverrobotics_ros2/roverrobotics_gazebo) by extensions ['ignore', 'ignore_ament_install']
[0.273s] Level 1:colcon.colcon_core.package_identification:_identify(src/roverrobotics_ros2/roverrobotics_gazebo) by extension 'ignore'
[0.273s] Level 1:colcon.colcon_core.package_identification:_identify(src/roverrobotics_ros2/roverrobotics_gazebo) by extension 'ignore_ament_install'
[0.273s] Level 1:colcon.colcon_core.package_identification:_identify(src/roverrobotics_ros2/roverrobotics_gazebo) by extensions ['colcon_pkg']
[0.273s] Level 1:colcon.colcon_core.package_identification:_identify(src/roverrobotics_ros2/roverrobotics_gazebo) by extension 'colcon_pkg'
[0.273s] Level 1:colcon.colcon_core.package_identification:_identify(src/roverrobotics_ros2/roverrobotics_gazebo) by extensions ['colcon_meta']
[0.273s] Level 1:colcon.colcon_core.package_identification:_identify(src/roverrobotics_ros2/roverrobotics_gazebo) by extension 'colcon_meta'
[0.273s] Level 1:colcon.colcon_core.package_identification:_identify(src/roverrobotics_ros2/roverrobotics_gazebo) by extensions ['ros']
[0.273s] Level 1:colcon.colcon_core.package_identification:_identify(src/roverrobotics_ros2/roverrobotics_gazebo) by extension 'ros'
[0.274s] DEBUG:colcon.colcon_core.package_identification:Package 'src/roverrobotics_ros2/roverrobotics_gazebo' with type 'ros.ament_cmake' and name 'roverrobotics_gazebo'
[0.274s] Level 1:colcon.colcon_core.package_identification:_identify(src/roverrobotics_ros2/roverrobotics_input_manager) by extensions ['ignore', 'ignore_ament_install']
[0.274s] Level 1:colcon.colcon_core.package_identification:_identify(src/roverrobotics_ros2/roverrobotics_input_manager) by extension 'ignore'
[0.274s] Level 1:colcon.colcon_core.package_identification:_identify(src/roverrobotics_ros2/roverrobotics_input_manager) by extension 'ignore_ament_install'
[0.274s] Level 1:colcon.colcon_core.package_identification:_identify(src/roverrobotics_ros2/roverrobotics_input_manager) by extensions ['colcon_pkg']
[0.274s] Level 1:colcon.colcon_core.package_identification:_identify(src/roverrobotics_ros2/roverrobotics_input_manager) by extension 'colcon_pkg'
[0.274s] Level 1:colcon.colcon_core.package_identification:_identify(src/roverrobotics_ros2/roverrobotics_input_manager) by extensions ['colcon_meta']
[0.274s] Level 1:colcon.colcon_core.package_identification:_identify(src/roverrobotics_ros2/roverrobotics_input_manager) by extension 'colcon_meta'
[0.274s] Level 1:colcon.colcon_core.package_identification:_identify(src/roverrobotics_ros2/roverrobotics_input_manager) by extensions ['ros']
[0.274s] Level 1:colcon.colcon_core.package_identification:_identify(src/roverrobotics_ros2/roverrobotics_input_manager) by extension 'ros'
[0.275s] DEBUG:colcon.colcon_core.package_identification:Package 'src/roverrobotics_ros2/roverrobotics_input_manager' with type 'ros.ament_cmake' and name 'roverrobotics_input_manager'
[0.275s] Level 1:colcon.colcon_core.package_discovery:discover_packages(recursive) using defaults
[0.275s] Level 1:colcon.colcon_core.package_discovery:discover_packages(ignore) discover
[0.275s] Level 1:colcon.colcon_core.package_discovery:discover_packages(ignore) using defaults
[0.275s] Level 1:colcon.colcon_core.package_discovery:discover_packages(path) discover
[0.275s] Level 1:colcon.colcon_core.package_discovery:discover_packages(path) using defaults
[0.292s] Level 1:colcon.colcon_core.package_discovery:discover_packages(prefix_path) check parameters
[0.292s] Level 1:colcon.colcon_core.package_discovery:discover_packages(prefix_path) discover
[0.293s] DEBUG:colcon.colcon_installed_package_information.package_discovery:Found 1 installed packages in /home/andrew/CompanionBot2/NavigationSoftware/ros2_ws/install
[0.294s] DEBUG:colcon.colcon_installed_package_information.package_discovery:Found 277 installed packages in /opt/ros/humble
[0.308s] Level 1:colcon.colcon_core.package_discovery:discover_packages(prefix_path) using defaults
[0.335s] Level 5:colcon.colcon_core.verb:set package 'my_bot' build argument 'cmake_args' from command line to 'None'
[0.336s] Level 5:colcon.colcon_core.verb:set package 'my_bot' build argument 'cmake_target' from command line to 'None'
[0.336s] Level 5:colcon.colcon_core.verb:set package 'my_bot' build argument 'cmake_target_skip_unavailable' from command line to 'False'
[0.336s] Level 5:colcon.colcon_core.verb:set package 'my_bot' build argument 'cmake_clean_cache' from command line to 'False'
[0.336s] Level 5:colcon.colcon_core.verb:set package 'my_bot' build argument 'cmake_clean_first' from command line to 'False'
[0.336s] Level 5:colcon.colcon_core.verb:set package 'my_bot' build argument 'cmake_force_configure' from command line to 'False'
[0.336s] Level 5:colcon.colcon_core.verb:set package 'my_bot' build argument 'ament_cmake_args' from command line to 'None'
[0.336s] Level 5:colcon.colcon_core.verb:set package 'my_bot' build argument 'catkin_cmake_args' from command line to 'None'
[0.336s] Level 5:colcon.colcon_core.verb:set package 'my_bot' build argument 'catkin_skip_building_tests' from command line to 'False'
[0.336s] DEBUG:colcon.colcon_core.verb:Building package 'my_bot' with the following arguments: {'ament_cmake_args': None, 'build_base': '/home/andrew/CompanionBot2/NavigationSoftware/ros2_ws/build/my_bot', 'catkin_cmake_args': None, 'catkin_skip_building_tests': False, 'cmake_args': None, 'cmake_clean_cache': False, 'cmake_clean_first': False, 'cmake_force_configure': False, 'cmake_target': None, 'cmake_target_skip_unavailable': False, 'install_base': '/home/andrew/CompanionBot2/NavigationSoftware/ros2_ws/install/my_bot', 'merge_install': False, 'path': '/home/andrew/CompanionBot2/NavigationSoftware/ros2_ws/src/my_bot', 'symlink_install': True, 'test_result_base': None}
[0.336s] Level 5:colcon.colcon_core.verb:set package 'roverrobotics_description' build argument 'cmake_args' from command line to 'None'
[0.336s] Level 5:colcon.colcon_core.verb:set package 'roverrobotics_description' build argument 'cmake_target' from command line to 'None'
[0.336s] Level 5:colcon.colcon_core.verb:set package 'roverrobotics_description' build argument 'cmake_target_skip_unavailable' from command line to 'False'
[0.336s] Level 5:colcon.colcon_core.verb:set package 'roverrobotics_description' build argument 'cmake_clean_cache' from command line to 'False'
[0.336s] Level 5:colcon.colcon_core.verb:set package 'roverrobotics_description' build argument 'cmake_clean_first' from command line to 'False'
[0.336s] Level 5:colcon.colcon_core.verb:set package 'roverrobotics_description' build argument 'cmake_force_configure' from command line to 'False'
[0.336s] Level 5:colcon.colcon_core.verb:set package 'roverrobotics_description' build argument 'ament_cmake_args' from command line to 'None'
[0.336s] Level 5:colcon.colcon_core.verb:set package 'roverrobotics_description' build argument 'catkin_cmake_args' from command line to 'None'
[0.336s] Level 5:colcon.colcon_core.verb:set package 'roverrobotics_description' build argument 'catkin_skip_building_tests' from command line to 'False'
[0.336s] DEBUG:colcon.colcon_core.verb:Building package 'roverrobotics_description' with the following arguments: {'ament_cmake_args': None, 'build_base': '/home/andrew/CompanionBot2/NavigationSoftware/ros2_ws/build/roverrobotics_description', 'catkin_cmake_args': None, 'catkin_skip_building_tests': False, 'cmake_args': None, 'cmake_clean_cache': False, 'cmake_clean_first': False, 'cmake_force_configure': False, 'cmake_target': None, 'cmake_target_skip_unavailable': False, 'install_base': '/home/andrew/CompanionBot2/NavigationSoftware/ros2_ws/install/roverrobotics_description', 'merge_install': False, 'path': '/home/andrew/CompanionBot2/NavigationSoftware/ros2_ws/src/roverrobotics_ros2/roverrobotics_description', 'symlink_install': True, 'test_result_base': None}
[0.337s] Level 5:colcon.colcon_core.verb:set package 'roverrobotics_driver' build argument 'cmake_args' from command line to 'None'
[0.337s] Level 5:colcon.colcon_core.verb:set package 'roverrobotics_driver' build argument 'cmake_target' from command line to 'None'
[0.337s] Level 5:colcon.colcon_core.verb:set package 'roverrobotics_driver' build argument 'cmake_target_skip_unavailable' from command line to 'False'
[0.337s] Level 5:colcon.colcon_core.verb:set package 'roverrobotics_driver' build argument 'cmake_clean_cache' from command line to 'False'
[0.337s] Level 5:colcon.colcon_core.verb:set package 'roverrobotics_driver' build argument 'cmake_clean_first' from command line to 'False'
[0.337s] Level 5:colcon.colcon_core.verb:set package 'roverrobotics_driver' build argument 'cmake_force_configure' from command line to 'False'
[0.337s] Level 5:colcon.colcon_core.verb:set package 'roverrobotics_driver' build argument 'ament_cmake_args' from command line to 'None'
[0.337s] Level 5:colcon.colcon_core.verb:set package 'roverrobotics_driver' build argument 'catkin_cmake_args' from command line to 'None'
[0.337s] Level 5:colcon.colcon_core.verb:set package 'roverrobotics_driver' build argument 'catkin_skip_building_tests' from command line to 'False'
[0.337s] DEBUG:colcon.colcon_core.verb:Building package 'roverrobotics_driver' with the following arguments: {'ament_cmake_args': None, 'build_base': '/home/andrew/CompanionBot2/NavigationSoftware/ros2_ws/build/roverrobotics_driver', 'catkin_cmake_args': None, 'catkin_skip_building_tests': False, 'cmake_args': None, 'cmake_clean_cache': False, 'cmake_clean_first': False, 'cmake_force_configure': False, 'cmake_target': None, 'cmake_target_skip_unavailable': False, 'install_base': '/home/andrew/CompanionBot2/NavigationSoftware/ros2_ws/install/roverrobotics_driver', 'merge_install': False, 'path': '/home/andrew/CompanionBot2/NavigationSoftware/ros2_ws/src/roverrobotics_ros2/roverrobotics_driver', 'symlink_install': True, 'test_result_base': None}
[0.337s] Level 5:colcon.colcon_core.verb:set package 'roverrobotics_input_manager' build argument 'cmake_args' from command line to 'None'
[0.337s] Level 5:colcon.colcon_core.verb:set package 'roverrobotics_input_manager' build argument 'cmake_target' from command line to 'None'
[0.337s] Level 5:colcon.colcon_core.verb:set package 'roverrobotics_input_manager' build argument 'cmake_target_skip_unavailable' from command line to 'False'
[0.337s] Level 5:colcon.colcon_core.verb:set package 'roverrobotics_input_manager' build argument 'cmake_clean_cache' from command line to 'False'
[0.337s] Level 5:colcon.colcon_core.verb:set package 'roverrobotics_input_manager' build argument 'cmake_clean_first' from command line to 'False'
[0.337s] Level 5:colcon.colcon_core.verb:set package 'roverrobotics_input_manager' build argument 'cmake_force_configure' from command line to 'False'
[0.337s] Level 5:colcon.colcon_core.verb:set package 'roverrobotics_input_manager' build argument 'ament_cmake_args' from command line to 'None'
[0.337s] Level 5:colcon.colcon_core.verb:set package 'roverrobotics_input_manager' build argument 'catkin_cmake_args' from command line to 'None'
[0.337s] Level 5:colcon.colcon_core.verb:set package 'roverrobotics_input_manager' build argument 'catkin_skip_building_tests' from command line to 'False'
[0.337s] DEBUG:colcon.colcon_core.verb:Building package 'roverrobotics_input_manager' with the following arguments: {'ament_cmake_args': None, 'build_base': '/home/andrew/CompanionBot2/NavigationSoftware/ros2_ws/build/roverrobotics_input_manager', 'catkin_cmake_args': None, 'catkin_skip_building_tests': False, 'cmake_args': None, 'cmake_clean_cache': False, 'cmake_clean_first': False, 'cmake_force_configure': False, 'cmake_target': None, 'cmake_target_skip_unavailable': False, 'install_base': '/home/andrew/CompanionBot2/NavigationSoftware/ros2_ws/install/roverrobotics_input_manager', 'merge_install': False, 'path': '/home/andrew/CompanionBot2/NavigationSoftware/ros2_ws/src/roverrobotics_ros2/roverrobotics_input_manager', 'symlink_install': True, 'test_result_base': None}
[0.337s] Level 5:colcon.colcon_core.verb:set package 'roverrobotics_gazebo' build argument 'cmake_args' from command line to 'None'
[0.338s] Level 5:colcon.colcon_core.verb:set package 'roverrobotics_gazebo' build argument 'cmake_target' from command line to 'None'
[0.338s] Level 5:colcon.colcon_core.verb:set package 'roverrobotics_gazebo' build argument 'cmake_target_skip_unavailable' from command line to 'False'
[0.338s] Level 5:colcon.colcon_core.verb:set package 'roverrobotics_gazebo' build argument 'cmake_clean_cache' from command line to 'False'
[0.338s] Level 5:colcon.colcon_core.verb:set package 'roverrobotics_gazebo' build argument 'cmake_clean_first' from command line to 'False'
[0.338s] Level 5:colcon.colcon_core.verb:set package 'roverrobotics_gazebo' build argument 'cmake_force_configure' from command line to 'False'
[0.338s] Level 5:colcon.colcon_core.verb:set package 'roverrobotics_gazebo' build argument 'ament_cmake_args' from command line to 'None'
[0.338s] Level 5:colcon.colcon_core.verb:set package 'roverrobotics_gazebo' build argument 'catkin_cmake_args' from command line to 'None'
[0.338s] Level 5:colcon.colcon_core.verb:set package 'roverrobotics_gazebo' build argument 'catkin_skip_building_tests' from command line to 'False'
[0.338s] DEBUG:colcon.colcon_core.verb:Building package 'roverrobotics_gazebo' with the following arguments: {'ament_cmake_args': None, 'build_base': '/home/andrew/CompanionBot2/NavigationSoftware/ros2_ws/build/roverrobotics_gazebo', 'catkin_cmake_args': None, 'catkin_skip_building_tests': False, 'cmake_args': None, 'cmake_clean_cache': False, 'cmake_clean_first': False, 'cmake_force_configure': False, 'cmake_target': None, 'cmake_target_skip_unavailable': False, 'install_base': '/home/andrew/CompanionBot2/NavigationSoftware/ros2_ws/install/roverrobotics_gazebo', 'merge_install': False, 'path': '/home/andrew/CompanionBot2/NavigationSoftware/ros2_ws/src/roverrobotics_ros2/roverrobotics_gazebo', 'symlink_install': True, 'test_result_base': None}
[0.338s] INFO:colcon.colcon_core.executor:Executing jobs using 'parallel' executor
[0.339s] DEBUG:colcon.colcon_parallel_executor.executor.parallel:run_until_complete
[0.339s] INFO:colcon.colcon_ros.task.ament_cmake.build:Building ROS package in '/home/andrew/CompanionBot2/NavigationSoftware/ros2_ws/src/roverrobotics_ros2/roverrobotics_description' with build type 'ament_cmake'
[0.339s] INFO:colcon.colcon_cmake.task.cmake.build:Building CMake package in '/home/andrew/CompanionBot2/NavigationSoftware/ros2_ws/src/roverrobotics_ros2/roverrobotics_description'
[0.342s] INFO:colcon.colcon_core.plugin_system:Skipping extension 'colcon_core.shell.bat': Not used on non-Windows systems
[0.343s] INFO:colcon.colcon_core.shell:Skip shell extension 'powershell' for command environment: Not usable outside of PowerShell
[0.343s] DEBUG:colcon.colcon_core.shell:Skip shell extension 'dsv' for command environment
[0.346s] INFO:colcon.colcon_ros.task.ament_cmake.build:Building ROS package in '/home/andrew/CompanionBot2/NavigationSoftware/ros2_ws/src/my_bot' with build type 'ament_cmake'
[0.346s] INFO:colcon.colcon_cmake.task.cmake.build:Building CMake package in '/home/andrew/CompanionBot2/NavigationSoftware/ros2_ws/src/my_bot'
[0.347s] INFO:colcon.colcon_core.shell:Skip shell extension 'powershell' for command environment: Not usable outside of PowerShell
[0.347s] DEBUG:colcon.colcon_core.shell:Skip shell extension 'dsv' for command environment
[0.351s] INFO:colcon.colcon_ros.task.ament_cmake.build:Building ROS package in '/home/andrew/CompanionBot2/NavigationSoftware/ros2_ws/src/roverrobotics_ros2/roverrobotics_driver' with build type 'ament_cmake'
[0.351s] INFO:colcon.colcon_cmake.task.cmake.build:Building CMake package in '/home/andrew/CompanionBot2/NavigationSoftware/ros2_ws/src/roverrobotics_ros2/roverrobotics_driver'
[0.351s] INFO:colcon.colcon_core.shell:Skip shell extension 'powershell' for command environment: Not usable outside of PowerShell
[0.352s] DEBUG:colcon.colcon_core.shell:Skip shell extension 'dsv' for command environment
[0.355s] INFO:colcon.colcon_ros.task.ament_cmake.build:Building ROS package in '/home/andrew/CompanionBot2/NavigationSoftware/ros2_ws/src/roverrobotics_ros2/roverrobotics_input_manager' with build type 'ament_cmake'
[0.356s] INFO:colcon.colcon_cmake.task.cmake.build:Building CMake package in '/home/andrew/CompanionBot2/NavigationSoftware/ros2_ws/src/roverrobotics_ros2/roverrobotics_input_manager'
[0.356s] INFO:colcon.colcon_core.shell:Skip shell extension 'powershell' for command environment: Not usable outside of PowerShell
[0.357s] DEBUG:colcon.colcon_core.shell:Skip shell extension 'dsv' for command environment
[0.367s] DEBUG:colcon.colcon_core.event_handler.log_command:Invoking command in '/home/andrew/CompanionBot2/NavigationSoftware/ros2_ws/build/roverrobotics_description': CMAKE_PREFIX_PATH=${CMAKE_PREFIX_PATH}:/opt/ros/humble /usr/bin/cmake /home/andrew/CompanionBot2/NavigationSoftware/ros2_ws/src/roverrobotics_ros2/roverrobotics_description -DAMENT_CMAKE_SYMLINK_INSTALL=1 -DCMAKE_INSTALL_PREFIX=/home/andrew/CompanionBot2/NavigationSoftware/ros2_ws/install/roverrobotics_description
[0.372s] DEBUG:colcon.colcon_core.event_handler.log_command:Invoking command in '/home/andrew/CompanionBot2/NavigationSoftware/ros2_ws/build/my_bot': CMAKE_PREFIX_PATH=${CMAKE_PREFIX_PATH}:/opt/ros/humble /usr/bin/cmake --build /home/andrew/CompanionBot2/NavigationSoftware/ros2_ws/build/my_bot -- -j16 -l16
[0.379s] DEBUG:colcon.colcon_core.event_handler.log_command:Invoking command in '/home/andrew/CompanionBot2/NavigationSoftware/ros2_ws/build/roverrobotics_driver': CMAKE_PREFIX_PATH=${CMAKE_PREFIX_PATH}:/opt/ros/humble /usr/bin/cmake /home/andrew/CompanionBot2/NavigationSoftware/ros2_ws/src/roverrobotics_ros2/roverrobotics_driver -DAMENT_CMAKE_SYMLINK_INSTALL=1 -DCMAKE_INSTALL_PREFIX=/home/andrew/CompanionBot2/NavigationSoftware/ros2_ws/install/roverrobotics_driver
[0.385s] DEBUG:colcon.colcon_core.event_handler.log_command:Invoking command in '/home/andrew/CompanionBot2/NavigationSoftware/ros2_ws/build/roverrobotics_input_manager': CMAKE_PREFIX_PATH=${CMAKE_PREFIX_PATH}:/opt/ros/humble /usr/bin/cmake /home/andrew/CompanionBot2/NavigationSoftware/ros2_ws/src/roverrobotics_ros2/roverrobotics_input_manager -DAMENT_CMAKE_SYMLINK_INSTALL=1 -DCMAKE_INSTALL_PREFIX=/home/andrew/CompanionBot2/NavigationSoftware/ros2_ws/install/roverrobotics_input_manager
[0.414s] DEBUG:colcon.colcon_core.event_handler.log_command:Invoked command in '/home/andrew/CompanionBot2/NavigationSoftware/ros2_ws/build/my_bot' returned '0': CMAKE_PREFIX_PATH=${CMAKE_PREFIX_PATH}:/opt/ros/humble /usr/bin/cmake --build /home/andrew/CompanionBot2/NavigationSoftware/ros2_ws/build/my_bot -- -j16 -l16
[0.428s] DEBUG:colcon.colcon_core.event_handler.log_command:Invoking command in '/home/andrew/CompanionBot2/NavigationSoftware/ros2_ws/build/my_bot': CMAKE_PREFIX_PATH=${CMAKE_PREFIX_PATH}:/opt/ros/humble /usr/bin/cmake --install /home/andrew/CompanionBot2/NavigationSoftware/ros2_ws/build/my_bot
[0.456s] Level 1:colcon.colcon_core.environment:create_environment_scripts_only(my_bot)
[0.457s] DEBUG:colcon.colcon_core.event_handler.log_command:Invoked command in '/home/andrew/CompanionBot2/NavigationSoftware/ros2_ws/build/my_bot' returned '0': CMAKE_PREFIX_PATH=${CMAKE_PREFIX_PATH}:/opt/ros/humble /usr/bin/cmake --install /home/andrew/CompanionBot2/NavigationSoftware/ros2_ws/build/my_bot
[0.459s] Level 1:colcon.colcon_core.environment:checking '/home/andrew/CompanionBot2/NavigationSoftware/ros2_ws/install/my_bot' for CMake module files
[0.459s] Level 1:colcon.colcon_core.environment:checking '/home/andrew/CompanionBot2/NavigationSoftware/ros2_ws/install/my_bot' for CMake config files
[0.460s] Level 1:colcon.colcon_core.shell:create_environment_hook('my_bot', 'cmake_prefix_path')
[0.460s] INFO:colcon.colcon_core.shell:Creating environment hook '/home/andrew/CompanionBot2/NavigationSoftware/ros2_ws/install/my_bot/share/my_bot/hook/cmake_prefix_path.ps1'
[0.461s] INFO:colcon.colcon_core.shell:Creating environment descriptor '/home/andrew/CompanionBot2/NavigationSoftware/ros2_ws/install/my_bot/share/my_bot/hook/cmake_prefix_path.dsv'
[0.462s] INFO:colcon.colcon_core.shell:Creating environment hook '/home/andrew/CompanionBot2/NavigationSoftware/ros2_ws/install/my_bot/share/my_bot/hook/cmake_prefix_path.sh'
[0.463s] Level 1:colcon.colcon_core.environment:checking '/home/andrew/CompanionBot2/NavigationSoftware/ros2_ws/install/my_bot/bin'
[0.463s] Level 1:colcon.colcon_core.environment:checking '/home/andrew/CompanionBot2/NavigationSoftware/ros2_ws/install/my_bot/lib/pkgconfig/my_bot.pc'
[0.463s] Level 1:colcon.colcon_core.environment:checking '/home/andrew/CompanionBot2/NavigationSoftware/ros2_ws/install/my_bot/lib/python3.10/site-packages'
[0.463s] Level 1:colcon.colcon_core.environment:checking '/home/andrew/CompanionBot2/NavigationSoftware/ros2_ws/install/my_bot/bin'
[0.464s] INFO:colcon.colcon_core.shell:Creating package script '/home/andrew/CompanionBot2/NavigationSoftware/ros2_ws/install/my_bot/share/my_bot/package.ps1'
[0.465s] INFO:colcon.colcon_core.shell:Creating package descriptor '/home/andrew/CompanionBot2/NavigationSoftware/ros2_ws/install/my_bot/share/my_bot/package.dsv'
[0.466s] INFO:colcon.colcon_core.shell:Creating package script '/home/andrew/CompanionBot2/NavigationSoftware/ros2_ws/install/my_bot/share/my_bot/package.sh'
[0.467s] INFO:colcon.colcon_core.shell:Creating package script '/home/andrew/CompanionBot2/NavigationSoftware/ros2_ws/install/my_bot/share/my_bot/package.bash'
[0.468s] INFO:colcon.colcon_core.shell:Creating package script '/home/andrew/CompanionBot2/NavigationSoftware/ros2_ws/install/my_bot/share/my_bot/package.zsh'
[0.468s] Level 1:colcon.colcon_core.environment:create_file_with_runtime_dependencies(/home/andrew/CompanionBot2/NavigationSoftware/ros2_ws/install/my_bot/share/colcon-core/packages/my_bot)
[0.469s] Level 1:colcon.colcon_core.environment:create_environment_scripts_only(my_bot)
[0.469s] Level 1:colcon.colcon_core.environment:checking '/home/andrew/CompanionBot2/NavigationSoftware/ros2_ws/install/my_bot' for CMake module files
[0.470s] Level 1:colcon.colcon_core.environment:checking '/home/andrew/CompanionBot2/NavigationSoftware/ros2_ws/install/my_bot' for CMake config files
[0.470s] Level 1:colcon.colcon_core.shell:create_environment_hook('my_bot', 'cmake_prefix_path')
[0.470s] INFO:colcon.colcon_core.shell:Creating environment hook '/home/andrew/CompanionBot2/NavigationSoftware/ros2_ws/install/my_bot/share/my_bot/hook/cmake_prefix_path.ps1'
[0.471s] INFO:colcon.colcon_core.shell:Creating environment descriptor '/home/andrew/CompanionBot2/NavigationSoftware/ros2_ws/install/my_bot/share/my_bot/hook/cmake_prefix_path.dsv'
[0.471s] INFO:colcon.colcon_core.shell:Creating environment hook '/home/andrew/CompanionBot2/NavigationSoftware/ros2_ws/install/my_bot/share/my_bot/hook/cmake_prefix_path.sh'
[0.472s] Level 1:colcon.colcon_core.environment:checking '/home/andrew/CompanionBot2/NavigationSoftware/ros2_ws/install/my_bot/bin'
[0.472s] Level 1:colcon.colcon_core.environment:checking '/home/andrew/CompanionBot2/NavigationSoftware/ros2_ws/install/my_bot/lib/pkgconfig/my_bot.pc'
[0.472s] Level 1:colcon.colcon_core.environment:checking '/home/andrew/CompanionBot2/NavigationSoftware/ros2_ws/install/my_bot/lib/python3.10/site-packages'
[0.473s] Level 1:colcon.colcon_core.environment:checking '/home/andrew/CompanionBot2/NavigationSoftware/ros2_ws/install/my_bot/bin'
[0.473s] INFO:colcon.colcon_core.shell:Creating package script '/home/andrew/CompanionBot2/NavigationSoftware/ros2_ws/install/my_bot/share/my_bot/package.ps1'
[0.473s] INFO:colcon.colcon_core.shell:Creating package descriptor '/home/andrew/CompanionBot2/NavigationSoftware/ros2_ws/install/my_bot/share/my_bot/package.dsv'
[0.474s] INFO:colcon.colcon_core.shell:Creating package script '/home/andrew/CompanionBot2/NavigationSoftware/ros2_ws/install/my_bot/share/my_bot/package.sh'
[0.475s] INFO:colcon.colcon_core.shell:Creating package script '/home/andrew/CompanionBot2/NavigationSoftware/ros2_ws/install/my_bot/share/my_bot/package.bash'
[0.475s] INFO:colcon.colcon_core.shell:Creating package script '/home/andrew/CompanionBot2/NavigationSoftware/ros2_ws/install/my_bot/share/my_bot/package.zsh'
[0.475s] Level 1:colcon.colcon_core.environment:create_file_with_runtime_dependencies(/home/andrew/CompanionBot2/NavigationSoftware/ros2_ws/install/my_bot/share/colcon-core/packages/my_bot)
[1.624s] DEBUG:colcon.colcon_core.event_handler.log_command:Invoked command in '/home/andrew/CompanionBot2/NavigationSoftware/ros2_ws/build/roverrobotics_input_manager' returned '0': CMAKE_PREFIX_PATH=${CMAKE_PREFIX_PATH}:/opt/ros/humble /usr/bin/cmake /home/andrew/CompanionBot2/NavigationSoftware/ros2_ws/src/roverrobotics_ros2/roverrobotics_input_manager -DAMENT_CMAKE_SYMLINK_INSTALL=1 -DCMAKE_INSTALL_PREFIX=/home/andrew/CompanionBot2/NavigationSoftware/ros2_ws/install/roverrobotics_input_manager
[1.627s] DEBUG:colcon.colcon_core.event_handler.log_command:Invoking command in '/home/andrew/CompanionBot2/NavigationSoftware/ros2_ws/build/roverrobotics_input_manager': CMAKE_PREFIX_PATH=${CMAKE_PREFIX_PATH}:/opt/ros/humble /usr/bin/cmake --build /home/andrew/CompanionBot2/NavigationSoftware/ros2_ws/build/roverrobotics_input_manager -- -j16 -l16
[1.628s] DEBUG:colcon.colcon_core.event_handler.log_command:Invoked command in '/home/andrew/CompanionBot2/NavigationSoftware/ros2_ws/build/roverrobotics_description' returned '0': CMAKE_PREFIX_PATH=${CMAKE_PREFIX_PATH}:/opt/ros/humble /usr/bin/cmake /home/andrew/CompanionBot2/NavigationSoftware/ros2_ws/src/roverrobotics_ros2/roverrobotics_description -DAMENT_CMAKE_SYMLINK_INSTALL=1 -DCMAKE_INSTALL_PREFIX=/home/andrew/CompanionBot2/NavigationSoftware/ros2_ws/install/roverrobotics_description
[1.630s] DEBUG:colcon.colcon_core.event_handler.log_command:Invoking command in '/home/andrew/CompanionBot2/NavigationSoftware/ros2_ws/build/roverrobotics_description': CMAKE_PREFIX_PATH=${CMAKE_PREFIX_PATH}:/opt/ros/humble /usr/bin/cmake --build /home/andrew/CompanionBot2/NavigationSoftware/ros2_ws/build/roverrobotics_description -- -j16 -l16
[1.668s] DEBUG:colcon.colcon_core.event_handler.log_command:Invoked command in '/home/andrew/CompanionBot2/NavigationSoftware/ros2_ws/build/roverrobotics_description' returned '0': CMAKE_PREFIX_PATH=${CMAKE_PREFIX_PATH}:/opt/ros/humble /usr/bin/cmake --build /home/andrew/CompanionBot2/NavigationSoftware/ros2_ws/build/roverrobotics_description -- -j16 -l16
[1.671s] DEBUG:colcon.colcon_core.event_handler.log_command:Invoking command in '/home/andrew/CompanionBot2/NavigationSoftware/ros2_ws/build/roverrobotics_description': CMAKE_PREFIX_PATH=${CMAKE_PREFIX_PATH}:/opt/ros/humble /usr/bin/cmake --install /home/andrew/CompanionBot2/NavigationSoftware/ros2_ws/build/roverrobotics_description
[1.671s] DEBUG:colcon.colcon_core.event_handler.log_command:Invoked command in '/home/andrew/CompanionBot2/NavigationSoftware/ros2_ws/build/roverrobotics_input_manager' returned '0': CMAKE_PREFIX_PATH=${CMAKE_PREFIX_PATH}:/opt/ros/humble /usr/bin/cmake --build /home/andrew/CompanionBot2/NavigationSoftware/ros2_ws/build/roverrobotics_input_manager -- -j16 -l16
[1.672s] DEBUG:colcon.colcon_core.event_handler.log_command:Invoking command in '/home/andrew/CompanionBot2/NavigationSoftware/ros2_ws/build/roverrobotics_input_manager': CMAKE_PREFIX_PATH=${CMAKE_PREFIX_PATH}:/opt/ros/humble /usr/bin/cmake --install /home/andrew/CompanionBot2/NavigationSoftware/ros2_ws/build/roverrobotics_input_manager
[1.900s] Level 1:colcon.colcon_core.environment:create_environment_scripts_only(roverrobotics_input_manager)
[1.901s] Level 1:colcon.colcon_core.environment:checking '/home/andrew/CompanionBot2/NavigationSoftware/ros2_ws/install/roverrobotics_input_manager' for CMake module files
[1.901s] DEBUG:colcon.colcon_core.event_handler.log_command:Invoked command in '/home/andrew/CompanionBot2/NavigationSoftware/ros2_ws/build/roverrobotics_input_manager' returned '0': CMAKE_PREFIX_PATH=${CMAKE_PREFIX_PATH}:/opt/ros/humble /usr/bin/cmake --install /home/andrew/CompanionBot2/NavigationSoftware/ros2_ws/build/roverrobotics_input_manager
[1.902s] Level 1:colcon.colcon_core.environment:checking '/home/andrew/CompanionBot2/NavigationSoftware/ros2_ws/install/roverrobotics_input_manager' for CMake config files
[1.902s] Level 1:colcon.colcon_core.shell:create_environment_hook('roverrobotics_input_manager', 'cmake_prefix_path')
[1.902s] INFO:colcon.colcon_core.shell:Creating environment hook '/home/andrew/CompanionBot2/NavigationSoftware/ros2_ws/install/roverrobotics_input_manager/share/roverrobotics_input_manager/hook/cmake_prefix_path.ps1'
[1.903s] INFO:colcon.colcon_core.shell:Creating environment descriptor '/home/andrew/CompanionBot2/NavigationSoftware/ros2_ws/install/roverrobotics_input_manager/share/roverrobotics_input_manager/hook/cmake_prefix_path.dsv'
[1.904s] INFO:colcon.colcon_core.shell:Creating environment hook '/home/andrew/CompanionBot2/NavigationSoftware/ros2_ws/install/roverrobotics_input_manager/share/roverrobotics_input_manager/hook/cmake_prefix_path.sh'
[1.905s] Level 1:colcon.colcon_core.environment:checking '/home/andrew/CompanionBot2/NavigationSoftware/ros2_ws/install/roverrobotics_input_manager/lib'
[1.905s] Level 1:colcon.colcon_core.environment:checking '/home/andrew/CompanionBot2/NavigationSoftware/ros2_ws/install/roverrobotics_input_manager/bin'
[1.905s] Level 1:colcon.colcon_core.environment:checking '/home/andrew/CompanionBot2/NavigationSoftware/ros2_ws/install/roverrobotics_input_manager/lib/pkgconfig/roverrobotics_input_manager.pc'
[1.905s] Level 1:colcon.colcon_core.environment:checking '/home/andrew/CompanionBot2/NavigationSoftware/ros2_ws/install/roverrobotics_input_manager/lib/python3.10/site-packages'
[1.906s] Level 1:colcon.colcon_core.environment:checking '/home/andrew/CompanionBot2/NavigationSoftware/ros2_ws/install/roverrobotics_input_manager/bin'
[1.906s] INFO:colcon.colcon_core.shell:Creating package script '/home/andrew/CompanionBot2/NavigationSoftware/ros2_ws/install/roverrobotics_input_manager/share/roverrobotics_input_manager/package.ps1'
[1.906s] INFO:colcon.colcon_core.shell:Creating package descriptor '/home/andrew/CompanionBot2/NavigationSoftware/ros2_ws/install/roverrobotics_input_manager/share/roverrobotics_input_manager/package.dsv'
[1.907s] INFO:colcon.colcon_core.shell:Creating package script '/home/andrew/CompanionBot2/NavigationSoftware/ros2_ws/install/roverrobotics_input_manager/share/roverrobotics_input_manager/package.sh'
[1.907s] INFO:colcon.colcon_core.shell:Creating package script '/home/andrew/CompanionBot2/NavigationSoftware/ros2_ws/install/roverrobotics_input_manager/share/roverrobotics_input_manager/package.bash'
[1.907s] INFO:colcon.colcon_core.shell:Creating package script '/home/andrew/CompanionBot2/NavigationSoftware/ros2_ws/install/roverrobotics_input_manager/share/roverrobotics_input_manager/package.zsh'
[1.908s] Level 1:colcon.colcon_core.environment:create_file_with_runtime_dependencies(/home/andrew/CompanionBot2/NavigationSoftware/ros2_ws/install/roverrobotics_input_manager/share/colcon-core/packages/roverrobotics_input_manager)
[1.909s] Level 1:colcon.colcon_core.environment:create_environment_scripts_only(roverrobotics_input_manager)
[1.909s] Level 1:colcon.colcon_core.environment:checking '/home/andrew/CompanionBot2/NavigationSoftware/ros2_ws/install/roverrobotics_input_manager' for CMake module files
[1.910s] Level 1:colcon.colcon_core.environment:checking '/home/andrew/CompanionBot2/NavigationSoftware/ros2_ws/install/roverrobotics_input_manager' for CMake config files
[1.910s] Level 1:colcon.colcon_core.shell:create_environment_hook('roverrobotics_input_manager', 'cmake_prefix_path')
[1.911s] INFO:colcon.colcon_core.shell:Creating environment hook '/home/andrew/CompanionBot2/NavigationSoftware/ros2_ws/install/roverrobotics_input_manager/share/roverrobotics_input_manager/hook/cmake_prefix_path.ps1'
[1.911s] INFO:colcon.colcon_core.shell:Creating environment descriptor '/home/andrew/CompanionBot2/NavigationSoftware/ros2_ws/install/roverrobotics_input_manager/share/roverrobotics_input_manager/hook/cmake_prefix_path.dsv'
[1.911s] INFO:colcon.colcon_core.shell:Creating environment hook '/home/andrew/CompanionBot2/NavigationSoftware/ros2_ws/install/roverrobotics_input_manager/share/roverrobotics_input_manager/hook/cmake_prefix_path.sh'
[1.912s] Level 1:colcon.colcon_core.environment:checking '/home/andrew/CompanionBot2/NavigationSoftware/ros2_ws/install/roverrobotics_input_manager/lib'
[1.912s] Level 1:colcon.colcon_core.environment:checking '/home/andrew/CompanionBot2/NavigationSoftware/ros2_ws/install/roverrobotics_input_manager/bin'
[1.912s] Level 1:colcon.colcon_core.environment:checking '/home/andrew/CompanionBot2/NavigationSoftware/ros2_ws/install/roverrobotics_input_manager/lib/pkgconfig/roverrobotics_input_manager.pc'
[1.912s] Level 1:colcon.colcon_core.environment:checking '/home/andrew/CompanionBot2/NavigationSoftware/ros2_ws/install/roverrobotics_input_manager/lib/python3.10/site-packages'
[1.913s] Level 1:colcon.colcon_core.environment:checking '/home/andrew/CompanionBot2/NavigationSoftware/ros2_ws/install/roverrobotics_input_manager/bin'
[1.913s] INFO:colcon.colcon_core.shell:Creating package script '/home/andrew/CompanionBot2/NavigationSoftware/ros2_ws/install/roverrobotics_input_manager/share/roverrobotics_input_manager/package.ps1'
[1.914s] INFO:colcon.colcon_core.shell:Creating package descriptor '/home/andrew/CompanionBot2/NavigationSoftware/ros2_ws/install/roverrobotics_input_manager/share/roverrobotics_input_manager/package.dsv'
[1.914s] INFO:colcon.colcon_core.shell:Creating package script '/home/andrew/CompanionBot2/NavigationSoftware/ros2_ws/install/roverrobotics_input_manager/share/roverrobotics_input_manager/package.sh'
[1.914s] INFO:colcon.colcon_core.shell:Creating package script '/home/andrew/CompanionBot2/NavigationSoftware/ros2_ws/install/roverrobotics_input_manager/share/roverrobotics_input_manager/package.bash'
[1.915s] INFO:colcon.colcon_core.shell:Creating package script '/home/andrew/CompanionBot2/NavigationSoftware/ros2_ws/install/roverrobotics_input_manager/share/roverrobotics_input_manager/package.zsh'
[1.915s] Level 1:colcon.colcon_core.environment:create_file_with_runtime_dependencies(/home/andrew/CompanionBot2/NavigationSoftware/ros2_ws/install/roverrobotics_input_manager/share/colcon-core/packages/roverrobotics_input_manager)
[2.347s] Level 1:colcon.colcon_core.environment:create_environment_scripts_only(roverrobotics_description)
[2.347s] DEBUG:colcon.colcon_core.event_handler.log_command:Invoked command in '/home/andrew/CompanionBot2/NavigationSoftware/ros2_ws/build/roverrobotics_description' returned '0': CMAKE_PREFIX_PATH=${CMAKE_PREFIX_PATH}:/opt/ros/humble /usr/bin/cmake --install /home/andrew/CompanionBot2/NavigationSoftware/ros2_ws/build/roverrobotics_description
[2.348s] Level 1:colcon.colcon_core.environment:checking '/home/andrew/CompanionBot2/NavigationSoftware/ros2_ws/install/roverrobotics_description' for CMake module files
[2.348s] Level 1:colcon.colcon_core.environment:checking '/home/andrew/CompanionBot2/NavigationSoftware/ros2_ws/install/roverrobotics_description' for CMake config files
[2.349s] Level 1:colcon.colcon_core.shell:create_environment_hook('roverrobotics_description', 'cmake_prefix_path')
[2.349s] INFO:colcon.colcon_core.shell:Creating environment hook '/home/andrew/CompanionBot2/NavigationSoftware/ros2_ws/install/roverrobotics_description/share/roverrobotics_description/hook/cmake_prefix_path.ps1'
[2.350s] INFO:colcon.colcon_core.shell:Creating environment descriptor '/home/andrew/CompanionBot2/NavigationSoftware/ros2_ws/install/roverrobotics_description/share/roverrobotics_description/hook/cmake_prefix_path.dsv'
[2.350s] INFO:colcon.colcon_core.shell:Creating environment hook '/home/andrew/CompanionBot2/NavigationSoftware/ros2_ws/install/roverrobotics_description/share/roverrobotics_description/hook/cmake_prefix_path.sh'
[2.351s] Level 1:colcon.colcon_core.environment:checking '/home/andrew/CompanionBot2/NavigationSoftware/ros2_ws/install/roverrobotics_description/bin'
[2.351s] Level 1:colcon.colcon_core.environment:checking '/home/andrew/CompanionBot2/NavigationSoftware/ros2_ws/install/roverrobotics_description/lib/pkgconfig/roverrobotics_description.pc'
[2.351s] Level 1:colcon.colcon_core.environment:checking '/home/andrew/CompanionBot2/NavigationSoftware/ros2_ws/install/roverrobotics_description/lib/python3.10/site-packages'
[2.351s] Level 1:colcon.colcon_core.environment:checking '/home/andrew/CompanionBot2/NavigationSoftware/ros2_ws/install/roverrobotics_description/bin'
[2.352s] INFO:colcon.colcon_core.shell:Creating package script '/home/andrew/CompanionBot2/NavigationSoftware/ros2_ws/install/roverrobotics_description/share/roverrobotics_description/package.ps1'
[2.352s] INFO:colcon.colcon_core.shell:Creating package descriptor '/home/andrew/CompanionBot2/NavigationSoftware/ros2_ws/install/roverrobotics_description/share/roverrobotics_description/package.dsv'
[2.352s] INFO:colcon.colcon_core.shell:Creating package script '/home/andrew/CompanionBot2/NavigationSoftware/ros2_ws/install/roverrobotics_description/share/roverrobotics_description/package.sh'
[2.353s] INFO:colcon.colcon_core.shell:Creating package script '/home/andrew/CompanionBot2/NavigationSoftware/ros2_ws/install/roverrobotics_description/share/roverrobotics_description/package.bash'
[2.353s] INFO:colcon.colcon_core.shell:Creating package script '/home/andrew/CompanionBot2/NavigationSoftware/ros2_ws/install/roverrobotics_description/share/roverrobotics_description/package.zsh'
[2.353s] Level 1:colcon.colcon_core.environment:create_file_with_runtime_dependencies(/home/andrew/CompanionBot2/NavigationSoftware/ros2_ws/install/roverrobotics_description/share/colcon-core/packages/roverrobotics_description)
[2.355s] Level 1:colcon.colcon_core.environment:create_environment_scripts_only(roverrobotics_description)
[2.355s] Level 1:colcon.colcon_core.environment:checking '/home/andrew/CompanionBot2/NavigationSoftware/ros2_ws/install/roverrobotics_description' for CMake module files
[2.355s] Level 1:colcon.colcon_core.environment:checking '/home/andrew/CompanionBot2/NavigationSoftware/ros2_ws/install/roverrobotics_description' for CMake config files
[2.356s] Level 1:colcon.colcon_core.shell:create_environment_hook('roverrobotics_description', 'cmake_prefix_path')
[2.356s] INFO:colcon.colcon_core.shell:Creating environment hook '/home/andrew/CompanionBot2/NavigationSoftware/ros2_ws/install/roverrobotics_description/share/roverrobotics_description/hook/cmake_prefix_path.ps1'
[2.356s] INFO:colcon.colcon_core.shell:Creating environment descriptor '/home/andrew/CompanionBot2/NavigationSoftware/ros2_ws/install/roverrobotics_description/share/roverrobotics_description/hook/cmake_prefix_path.dsv'
[2.357s] INFO:colcon.colcon_core.shell:Creating environment hook '/home/andrew/CompanionBot2/NavigationSoftware/ros2_ws/install/roverrobotics_description/share/roverrobotics_description/hook/cmake_prefix_path.sh'
[2.357s] Level 1:colcon.colcon_core.environment:checking '/home/andrew/CompanionBot2/NavigationSoftware/ros2_ws/install/roverrobotics_description/bin'
[2.357s] Level 1:colcon.colcon_core.environment:checking '/home/andrew/CompanionBot2/NavigationSoftware/ros2_ws/install/roverrobotics_description/lib/pkgconfig/roverrobotics_description.pc'
[2.357s] Level 1:colcon.colcon_core.environment:checking '/home/andrew/CompanionBot2/NavigationSoftware/ros2_ws/install/roverrobotics_description/lib/python3.10/site-packages'
[2.358s] Level 1:colcon.colcon_core.environment:checking '/home/andrew/CompanionBot2/NavigationSoftware/ros2_ws/install/roverrobotics_description/bin'
[2.358s] INFO:colcon.colcon_core.shell:Creating package script '/home/andrew/CompanionBot2/NavigationSoftware/ros2_ws/install/roverrobotics_description/share/roverrobotics_description/package.ps1'
[2.358s] INFO:colcon.colcon_core.shell:Creating package descriptor '/home/andrew/CompanionBot2/NavigationSoftware/ros2_ws/install/roverrobotics_description/share/roverrobotics_description/package.dsv'
[2.359s] INFO:colcon.colcon_core.shell:Creating package script '/home/andrew/CompanionBot2/NavigationSoftware/ros2_ws/install/roverrobotics_description/share/roverrobotics_description/package.sh'
[2.360s] INFO:colcon.colcon_core.shell:Creating package script '/home/andrew/CompanionBot2/NavigationSoftware/ros2_ws/install/roverrobotics_description/share/roverrobotics_description/package.bash'
[2.360s] INFO:colcon.colcon_core.shell:Creating package script '/home/andrew/CompanionBot2/NavigationSoftware/ros2_ws/install/roverrobotics_description/share/roverrobotics_description/package.zsh'
[2.360s] Level 1:colcon.colcon_core.environment:create_file_with_runtime_dependencies(/home/andrew/CompanionBot2/NavigationSoftware/ros2_ws/install/roverrobotics_description/share/colcon-core/packages/roverrobotics_description)
[2.361s] INFO:colcon.colcon_ros.task.ament_cmake.build:Building ROS package in '/home/andrew/CompanionBot2/NavigationSoftware/ros2_ws/src/roverrobotics_ros2/roverrobotics_gazebo' with build type 'ament_cmake'
[2.361s] INFO:colcon.colcon_cmake.task.cmake.build:Building CMake package in '/home/andrew/CompanionBot2/NavigationSoftware/ros2_ws/src/roverrobotics_ros2/roverrobotics_gazebo'
[2.361s] INFO:colcon.colcon_core.shell:Skip shell extension 'powershell' for command environment: Not usable outside of PowerShell
[2.361s] DEBUG:colcon.colcon_core.shell:Skip shell extension 'dsv' for command environment
[2.401s] DEBUG:colcon.colcon_core.event_handler.log_command:Invoking command in '/home/andrew/CompanionBot2/NavigationSoftware/ros2_ws/build/roverrobotics_gazebo': AMENT_PREFIX_PATH=/home/andrew/CompanionBot2/NavigationSoftware/ros2_ws/install/roverrobotics_description:${AMENT_PREFIX_PATH} CMAKE_PREFIX_PATH=/home/andrew/CompanionBot2/NavigationSoftware/ros2_ws/install/roverrobotics_description:/home/andrew/CompanionBot2/NavigationSoftware/ros2_ws/install/my_bot:/opt/ros/humble /usr/bin/cmake /home/andrew/CompanionBot2/NavigationSoftware/ros2_ws/src/roverrobotics_ros2/roverrobotics_gazebo -DAMENT_CMAKE_SYMLINK_INSTALL=1 -DCMAKE_INSTALL_PREFIX=/home/andrew/CompanionBot2/NavigationSoftware/ros2_ws/install/roverrobotics_gazebo
[3.573s] DEBUG:colcon.colcon_core.event_handler.log_command:Invoked command in '/home/andrew/CompanionBot2/NavigationSoftware/ros2_ws/build/roverrobotics_gazebo' returned '0': AMENT_PREFIX_PATH=/home/andrew/CompanionBot2/NavigationSoftware/ros2_ws/install/roverrobotics_description:${AMENT_PREFIX_PATH} CMAKE_PREFIX_PATH=/home/andrew/CompanionBot2/NavigationSoftware/ros2_ws/install/roverrobotics_description:/home/andrew/CompanionBot2/NavigationSoftware/ros2_ws/install/my_bot:/opt/ros/humble /usr/bin/cmake /home/andrew/CompanionBot2/NavigationSoftware/ros2_ws/src/roverrobotics_ros2/roverrobotics_gazebo -DAMENT_CMAKE_SYMLINK_INSTALL=1 -DCMAKE_INSTALL_PREFIX=/home/andrew/CompanionBot2/NavigationSoftware/ros2_ws/install/roverrobotics_gazebo
[3.575s] DEBUG:colcon.colcon_core.event_handler.log_command:Invoking command in '/home/andrew/CompanionBot2/NavigationSoftware/ros2_ws/build/roverrobotics_gazebo': AMENT_PREFIX_PATH=/home/andrew/CompanionBot2/NavigationSoftware/ros2_ws/install/roverrobotics_description:${AMENT_PREFIX_PATH} CMAKE_PREFIX_PATH=/home/andrew/CompanionBot2/NavigationSoftware/ros2_ws/install/roverrobotics_description:/home/andrew/CompanionBot2/NavigationSoftware/ros2_ws/install/my_bot:/opt/ros/humble /usr/bin/cmake --build /home/andrew/CompanionBot2/NavigationSoftware/ros2_ws/build/roverrobotics_gazebo -- -j16 -l16
[3.608s] DEBUG:colcon.colcon_core.event_handler.log_command:Invoked command in '/home/andrew/CompanionBot2/NavigationSoftware/ros2_ws/build/roverrobotics_gazebo' returned '0': AMENT_PREFIX_PATH=/home/andrew/CompanionBot2/NavigationSoftware/ros2_ws/install/roverrobotics_description:${AMENT_PREFIX_PATH} CMAKE_PREFIX_PATH=/home/andrew/CompanionBot2/NavigationSoftware/ros2_ws/install/roverrobotics_description:/home/andrew/CompanionBot2/NavigationSoftware/ros2_ws/install/my_bot:/opt/ros/humble /usr/bin/cmake --build /home/andrew/CompanionBot2/NavigationSoftware/ros2_ws/build/roverrobotics_gazebo -- -j16 -l16
[3.609s] DEBUG:colcon.colcon_core.event_handler.log_command:Invoking command in '/home/andrew/CompanionBot2/NavigationSoftware/ros2_ws/build/roverrobotics_gazebo': AMENT_PREFIX_PATH=/home/andrew/CompanionBot2/NavigationSoftware/ros2_ws/install/roverrobotics_description:${AMENT_PREFIX_PATH} CMAKE_PREFIX_PATH=/home/andrew/CompanionBot2/NavigationSoftware/ros2_ws/install/roverrobotics_description:/home/andrew/CompanionBot2/NavigationSoftware/ros2_ws/install/my_bot:/opt/ros/humble /usr/bin/cmake --install /home/andrew/CompanionBot2/NavigationSoftware/ros2_ws/build/roverrobotics_gazebo
[3.837s] Level 1:colcon.colcon_core.environment:create_environment_scripts_only(roverrobotics_gazebo)
[3.837s] DEBUG:colcon.colcon_core.event_handler.log_command:Invoked command in '/home/andrew/CompanionBot2/NavigationSoftware/ros2_ws/build/roverrobotics_gazebo' returned '0': AMENT_PREFIX_PATH=/home/andrew/CompanionBot2/NavigationSoftware/ros2_ws/install/roverrobotics_description:${AMENT_PREFIX_PATH} CMAKE_PREFIX_PATH=/home/andrew/CompanionBot2/NavigationSoftware/ros2_ws/install/roverrobotics_description:/home/andrew/CompanionBot2/NavigationSoftware/ros2_ws/install/my_bot:/opt/ros/humble /usr/bin/cmake --install /home/andrew/CompanionBot2/NavigationSoftware/ros2_ws/build/roverrobotics_gazebo
[3.838s] Level 1:colcon.colcon_core.environment:checking '/home/andrew/CompanionBot2/NavigationSoftware/ros2_ws/install/roverrobotics_gazebo' for CMake module files
[3.838s] Level 1:colcon.colcon_core.environment:checking '/home/andrew/CompanionBot2/NavigationSoftware/ros2_ws/install/roverrobotics_gazebo' for CMake config files
[3.838s] Level 1:colcon.colcon_core.shell:create_environment_hook('roverrobotics_gazebo', 'cmake_prefix_path')
[3.839s] INFO:colcon.colcon_core.shell:Creating environment hook '/home/andrew/CompanionBot2/NavigationSoftware/ros2_ws/install/roverrobotics_gazebo/share/roverrobotics_gazebo/hook/cmake_prefix_path.ps1'
[3.839s] INFO:colcon.colcon_core.shell:Creating environment descriptor '/home/andrew/CompanionBot2/NavigationSoftware/ros2_ws/install/roverrobotics_gazebo/share/roverrobotics_gazebo/hook/cmake_prefix_path.dsv'
[3.840s] INFO:colcon.colcon_core.shell:Creating environment hook '/home/andrew/CompanionBot2/NavigationSoftware/ros2_ws/install/roverrobotics_gazebo/share/roverrobotics_gazebo/hook/cmake_prefix_path.sh'
[3.840s] Level 1:colcon.colcon_core.environment:checking '/home/andrew/CompanionBot2/NavigationSoftware/ros2_ws/install/roverrobotics_gazebo/bin'
[3.840s] Level 1:colcon.colcon_core.environment:checking '/home/andrew/CompanionBot2/NavigationSoftware/ros2_ws/install/roverrobotics_gazebo/lib/pkgconfig/roverrobotics_gazebo.pc'
[3.840s] Level 1:colcon.colcon_core.environment:checking '/home/andrew/CompanionBot2/NavigationSoftware/ros2_ws/install/roverrobotics_gazebo/lib/python3.10/site-packages'
[3.841s] Level 1:colcon.colcon_core.environment:checking '/home/andrew/CompanionBot2/NavigationSoftware/ros2_ws/install/roverrobotics_gazebo/bin'
[3.841s] INFO:colcon.colcon_core.shell:Creating package script '/home/andrew/CompanionBot2/NavigationSoftware/ros2_ws/install/roverrobotics_gazebo/share/roverrobotics_gazebo/package.ps1'
[3.841s] INFO:colcon.colcon_core.shell:Creating package descriptor '/home/andrew/CompanionBot2/NavigationSoftware/ros2_ws/install/roverrobotics_gazebo/share/roverrobotics_gazebo/package.dsv'
[3.842s] INFO:colcon.colcon_core.shell:Creating package script '/home/andrew/CompanionBot2/NavigationSoftware/ros2_ws/install/roverrobotics_gazebo/share/roverrobotics_gazebo/package.sh'
[3.842s] INFO:colcon.colcon_core.shell:Creating package script '/home/andrew/CompanionBot2/NavigationSoftware/ros2_ws/install/roverrobotics_gazebo/share/roverrobotics_gazebo/package.bash'
[3.842s] INFO:colcon.colcon_core.shell:Creating package script '/home/andrew/CompanionBot2/NavigationSoftware/ros2_ws/install/roverrobotics_gazebo/share/roverrobotics_gazebo/package.zsh'
[3.843s] Level 1:colcon.colcon_core.environment:create_file_with_runtime_dependencies(/home/andrew/CompanionBot2/NavigationSoftware/ros2_ws/install/roverrobotics_gazebo/share/colcon-core/packages/roverrobotics_gazebo)
[3.844s] Level 1:colcon.colcon_core.environment:create_environment_scripts_only(roverrobotics_gazebo)
[3.844s] Level 1:colcon.colcon_core.environment:checking '/home/andrew/CompanionBot2/NavigationSoftware/ros2_ws/install/roverrobotics_gazebo' for CMake module files
[3.844s] Level 1:colcon.colcon_core.environment:checking '/home/andrew/CompanionBot2/NavigationSoftware/ros2_ws/install/roverrobotics_gazebo' for CMake config files
[3.845s] Level 1:colcon.colcon_core.shell:create_environment_hook('roverrobotics_gazebo', 'cmake_prefix_path')
[3.845s] INFO:colcon.colcon_core.shell:Creating environment hook '/home/andrew/CompanionBot2/NavigationSoftware/ros2_ws/install/roverrobotics_gazebo/share/roverrobotics_gazebo/hook/cmake_prefix_path.ps1'
[3.845s] INFO:colcon.colcon_core.shell:Creating environment descriptor '/home/andrew/CompanionBot2/NavigationSoftware/ros2_ws/install/roverrobotics_gazebo/share/roverrobotics_gazebo/hook/cmake_prefix_path.dsv'
[3.845s] INFO:colcon.colcon_core.shell:Creating environment hook '/home/andrew/CompanionBot2/NavigationSoftware/ros2_ws/install/roverrobotics_gazebo/share/roverrobotics_gazebo/hook/cmake_prefix_path.sh'
[3.846s] Level 1:colcon.colcon_core.environment:checking '/home/andrew/CompanionBot2/NavigationSoftware/ros2_ws/install/roverrobotics_gazebo/bin'
[3.846s] Level 1:colcon.colcon_core.environment:checking '/home/andrew/CompanionBot2/NavigationSoftware/ros2_ws/install/roverrobotics_gazebo/lib/pkgconfig/roverrobotics_gazebo.pc'
[3.846s] Level 1:colcon.colcon_core.environment:checking '/home/andrew/CompanionBot2/NavigationSoftware/ros2_ws/install/roverrobotics_gazebo/lib/python3.10/site-packages'
[3.846s] Level 1:colcon.colcon_core.environment:checking '/home/andrew/CompanionBot2/NavigationSoftware/ros2_ws/install/roverrobotics_gazebo/bin'
[3.846s] INFO:colcon.colcon_core.shell:Creating package script '/home/andrew/CompanionBot2/NavigationSoftware/ros2_ws/install/roverrobotics_gazebo/share/roverrobotics_gazebo/package.ps1'
[3.847s] INFO:colcon.colcon_core.shell:Creating package descriptor '/home/andrew/CompanionBot2/NavigationSoftware/ros2_ws/install/roverrobotics_gazebo/share/roverrobotics_gazebo/package.dsv'
[3.847s] INFO:colcon.colcon_core.shell:Creating package script '/home/andrew/CompanionBot2/NavigationSoftware/ros2_ws/install/roverrobotics_gazebo/share/roverrobotics_gazebo/package.sh'
[3.847s] INFO:colcon.colcon_core.shell:Creating package script '/home/andrew/CompanionBot2/NavigationSoftware/ros2_ws/install/roverrobotics_gazebo/share/roverrobotics_gazebo/package.bash'
[3.848s] INFO:colcon.colcon_core.shell:Creating package script '/home/andrew/CompanionBot2/NavigationSoftware/ros2_ws/install/roverrobotics_gazebo/share/roverrobotics_gazebo/package.zsh'
[3.848s] Level 1:colcon.colcon_core.environment:create_file_with_runtime_dependencies(/home/andrew/CompanionBot2/NavigationSoftware/ros2_ws/install/roverrobotics_gazebo/share/colcon-core/packages/roverrobotics_gazebo)
[6.372s] DEBUG:colcon.colcon_core.event_handler.log_command:Invoked command in '/home/andrew/CompanionBot2/NavigationSoftware/ros2_ws/build/roverrobotics_driver' returned '0': CMAKE_PREFIX_PATH=${CMAKE_PREFIX_PATH}:/opt/ros/humble /usr/bin/cmake /home/andrew/CompanionBot2/NavigationSoftware/ros2_ws/src/roverrobotics_ros2/roverrobotics_driver -DAMENT_CMAKE_SYMLINK_INSTALL=1 -DCMAKE_INSTALL_PREFIX=/home/andrew/CompanionBot2/NavigationSoftware/ros2_ws/install/roverrobotics_driver
[6.374s] DEBUG:colcon.colcon_core.event_handler.log_command:Invoking command in '/home/andrew/CompanionBot2/NavigationSoftware/ros2_ws/build/roverrobotics_driver': CMAKE_PREFIX_PATH=${CMAKE_PREFIX_PATH}:/opt/ros/humble /usr/bin/cmake --build /home/andrew/CompanionBot2/NavigationSoftware/ros2_ws/build/roverrobotics_driver -- -j16 -l16
[30.248s] DEBUG:colcon.colcon_core.event_handler.log_command:Invoked command in '/home/andrew/CompanionBot2/NavigationSoftware/ros2_ws/build/roverrobotics_driver' returned '0': CMAKE_PREFIX_PATH=${CMAKE_PREFIX_PATH}:/opt/ros/humble /usr/bin/cmake --build /home/andrew/CompanionBot2/NavigationSoftware/ros2_ws/build/roverrobotics_driver -- -j16 -l16
[30.250s] DEBUG:colcon.colcon_core.event_handler.log_command:Invoking command in '/home/andrew/CompanionBot2/NavigationSoftware/ros2_ws/build/roverrobotics_driver': CMAKE_PREFIX_PATH=${CMAKE_PREFIX_PATH}:/opt/ros/humble /usr/bin/cmake --install /home/andrew/CompanionBot2/NavigationSoftware/ros2_ws/build/roverrobotics_driver
[30.931s] Level 1:colcon.colcon_core.environment:create_environment_scripts_only(roverrobotics_driver)
[30.932s] Level 1:colcon.colcon_core.environment:checking '/home/andrew/CompanionBot2/NavigationSoftware/ros2_ws/install/roverrobotics_driver' for CMake module files
[30.932s] DEBUG:colcon.colcon_core.event_handler.log_command:Invoked command in '/home/andrew/CompanionBot2/NavigationSoftware/ros2_ws/build/roverrobotics_driver' returned '0': CMAKE_PREFIX_PATH=${CMAKE_PREFIX_PATH}:/opt/ros/humble /usr/bin/cmake --install /home/andrew/CompanionBot2/NavigationSoftware/ros2_ws/build/roverrobotics_driver
[30.933s] Level 1:colcon.colcon_core.environment:checking '/home/andrew/CompanionBot2/NavigationSoftware/ros2_ws/install/roverrobotics_driver' for CMake config files
[30.933s] Level 1:colcon.colcon_core.shell:create_environment_hook('roverrobotics_driver', 'cmake_prefix_path')
[30.934s] INFO:colcon.colcon_core.shell:Creating environment hook '/home/andrew/CompanionBot2/NavigationSoftware/ros2_ws/install/roverrobotics_driver/share/roverrobotics_driver/hook/cmake_prefix_path.ps1'
[30.935s] INFO:colcon.colcon_core.shell:Creating environment descriptor '/home/andrew/CompanionBot2/NavigationSoftware/ros2_ws/install/roverrobotics_driver/share/roverrobotics_driver/hook/cmake_prefix_path.dsv'
[30.935s] INFO:colcon.colcon_core.shell:Creating environment hook '/home/andrew/CompanionBot2/NavigationSoftware/ros2_ws/install/roverrobotics_driver/share/roverrobotics_driver/hook/cmake_prefix_path.sh'
[30.935s] Level 1:colcon.colcon_core.environment:checking '/home/andrew/CompanionBot2/NavigationSoftware/ros2_ws/install/roverrobotics_driver/lib'
[30.936s] Level 1:colcon.colcon_core.environment:checking '/home/andrew/CompanionBot2/NavigationSoftware/ros2_ws/install/roverrobotics_driver/bin'
[30.936s] Level 1:colcon.colcon_core.environment:checking '/home/andrew/CompanionBot2/NavigationSoftware/ros2_ws/install/roverrobotics_driver/lib/pkgconfig/roverrobotics_driver.pc'
[30.936s] Level 1:colcon.colcon_core.environment:checking '/home/andrew/CompanionBot2/NavigationSoftware/ros2_ws/install/roverrobotics_driver/lib/python3.10/site-packages'
[30.936s] Level 1:colcon.colcon_core.environment:checking '/home/andrew/CompanionBot2/NavigationSoftware/ros2_ws/install/roverrobotics_driver/bin'
[30.936s] INFO:colcon.colcon_core.shell:Creating package script '/home/andrew/CompanionBot2/NavigationSoftware/ros2_ws/install/roverrobotics_driver/share/roverrobotics_driver/package.ps1'
[30.937s] INFO:colcon.colcon_core.shell:Creating package descriptor '/home/andrew/CompanionBot2/NavigationSoftware/ros2_ws/install/roverrobotics_driver/share/roverrobotics_driver/package.dsv'
[30.937s] INFO:colcon.colcon_core.shell:Creating package script '/home/andrew/CompanionBot2/NavigationSoftware/ros2_ws/install/roverrobotics_driver/share/roverrobotics_driver/package.sh'
[30.938s] INFO:colcon.colcon_core.shell:Creating package script '/home/andrew/CompanionBot2/NavigationSoftware/ros2_ws/install/roverrobotics_driver/share/roverrobotics_driver/package.bash'
[30.938s] INFO:colcon.colcon_core.shell:Creating package script '/home/andrew/CompanionBot2/NavigationSoftware/ros2_ws/install/roverrobotics_driver/share/roverrobotics_driver/package.zsh'
[30.938s] Level 1:colcon.colcon_core.environment:create_file_with_runtime_dependencies(/home/andrew/CompanionBot2/NavigationSoftware/ros2_ws/install/roverrobotics_driver/share/colcon-core/packages/roverrobotics_driver)
[30.940s] Level 1:colcon.colcon_core.environment:create_environment_scripts_only(roverrobotics_driver)
[30.940s] Level 1:colcon.colcon_core.environment:checking '/home/andrew/CompanionBot2/NavigationSoftware/ros2_ws/install/roverrobotics_driver' for CMake module files
[30.940s] Level 1:colcon.colcon_core.environment:checking '/home/andrew/CompanionBot2/NavigationSoftware/ros2_ws/install/roverrobotics_driver' for CMake config files
[30.941s] Level 1:colcon.colcon_core.shell:create_environment_hook('roverrobotics_driver', 'cmake_prefix_path')
[30.941s] INFO:colcon.colcon_core.shell:Creating environment hook '/home/andrew/CompanionBot2/NavigationSoftware/ros2_ws/install/roverrobotics_driver/share/roverrobotics_driver/hook/cmake_prefix_path.ps1'
[30.942s] INFO:colcon.colcon_core.shell:Creating environment descriptor '/home/andrew/CompanionBot2/NavigationSoftware/ros2_ws/install/roverrobotics_driver/share/roverrobotics_driver/hook/cmake_prefix_path.dsv'
[30.942s] INFO:colcon.colcon_core.shell:Creating environment hook '/home/andrew/CompanionBot2/NavigationSoftware/ros2_ws/install/roverrobotics_driver/share/roverrobotics_driver/hook/cmake_prefix_path.sh'
[30.942s] Level 1:colcon.colcon_core.environment:checking '/home/andrew/CompanionBot2/NavigationSoftware/ros2_ws/install/roverrobotics_driver/lib'
[30.943s] Level 1:colcon.colcon_core.environment:checking '/home/andrew/CompanionBot2/NavigationSoftware/ros2_ws/install/roverrobotics_driver/bin'
[30.943s] Level 1:colcon.colcon_core.environment:checking '/home/andrew/CompanionBot2/NavigationSoftware/ros2_ws/install/roverrobotics_driver/lib/pkgconfig/roverrobotics_driver.pc'
[30.943s] Level 1:colcon.colcon_core.environment:checking '/home/andrew/CompanionBot2/NavigationSoftware/ros2_ws/install/roverrobotics_driver/lib/python3.10/site-packages'
[30.943s] Level 1:colcon.colcon_core.environment:checking '/home/andrew/CompanionBot2/NavigationSoftware/ros2_ws/install/roverrobotics_driver/bin'
[30.943s] INFO:colcon.colcon_core.shell:Creating package script '/home/andrew/CompanionBot2/NavigationSoftware/ros2_ws/install/roverrobotics_driver/share/roverrobotics_driver/package.ps1'
[30.944s] INFO:colcon.colcon_core.shell:Creating package descriptor '/home/andrew/CompanionBot2/NavigationSoftware/ros2_ws/install/roverrobotics_driver/share/roverrobotics_driver/package.dsv'
[30.944s] INFO:colcon.colcon_core.shell:Creating package script '/home/andrew/CompanionBot2/NavigationSoftware/ros2_ws/install/roverrobotics_driver/share/roverrobotics_driver/package.sh'
[30.945s] INFO:colcon.colcon_core.shell:Creating package script '/home/andrew/CompanionBot2/NavigationSoftware/ros2_ws/install/roverrobotics_driver/share/roverrobotics_driver/package.bash'
[30.945s] INFO:colcon.colcon_core.shell:Creating package script '/home/andrew/CompanionBot2/NavigationSoftware/ros2_ws/install/roverrobotics_driver/share/roverrobotics_driver/package.zsh'
[30.945s] Level 1:colcon.colcon_core.environment:create_file_with_runtime_dependencies(/home/andrew/CompanionBot2/NavigationSoftware/ros2_ws/install/roverrobotics_driver/share/colcon-core/packages/roverrobotics_driver)
[30.946s] DEBUG:colcon.colcon_parallel_executor.executor.parallel:closing loop
[30.947s] DEBUG:colcon.colcon_parallel_executor.executor.parallel:loop closed
[30.947s] DEBUG:colcon.colcon_parallel_executor.executor.parallel:run_until_complete finished with '0'
[30.947s] DEBUG:colcon.colcon_core.event_reactor:joining thread
[30.976s] INFO:colcon.colcon_core.plugin_system:Skipping extension 'colcon_notification.desktop_notification.notify_send': Could not find 'notify-send'
[30.976s] INFO:colcon.colcon_core.plugin_system:Skipping extension 'colcon_notification.desktop_notification.terminal_notifier': Not used on non-Darwin systems
[30.977s] INFO:colcon.colcon_core.plugin_system:Skipping extension 'colcon_notification.desktop_notification.win32': Not used on non-Windows systems
[30.977s] INFO:colcon.colcon_notification.desktop_notification:Sending desktop notification using 'notify2'
[30.977s] DEBUG:colcon.colcon_notification.desktop_notification.notify2:Failed to initialize notify2: org.freedesktop.DBus.Error.FileNotFound: Failed to connect to socket /run/user/1000/bus: No such file or directory
[30.977s] DEBUG:colcon.colcon_core.event_reactor:joined thread
[30.977s] INFO:colcon.colcon_core.shell:Creating prefix script '/home/andrew/CompanionBot2/NavigationSoftware/ros2_ws/install/local_setup.ps1'
[30.979s] INFO:colcon.colcon_core.shell:Creating prefix util module '/home/andrew/CompanionBot2/NavigationSoftware/ros2_ws/install/_local_setup_util_ps1.py'
[30.980s] INFO:colcon.colcon_core.shell:Creating prefix chain script '/home/andrew/CompanionBot2/NavigationSoftware/ros2_ws/install/setup.ps1'
[30.980s] INFO:colcon.colcon_core.shell:Creating prefix script '/home/andrew/CompanionBot2/NavigationSoftware/ros2_ws/install/local_setup.sh'
[30.981s] INFO:colcon.colcon_core.shell:Creating prefix util module '/home/andrew/CompanionBot2/NavigationSoftware/ros2_ws/install/_local_setup_util_sh.py'
[30.981s] INFO:colcon.colcon_core.shell:Creating prefix chain script '/home/andrew/CompanionBot2/NavigationSoftware/ros2_ws/install/setup.sh'
[30.982s] INFO:colcon.colcon_core.shell:Creating prefix script '/home/andrew/CompanionBot2/NavigationSoftware/ros2_ws/install/local_setup.bash'
[30.982s] INFO:colcon.colcon_core.shell:Creating prefix chain script '/home/andrew/CompanionBot2/NavigationSoftware/ros2_ws/install/setup.bash'
[30.983s] INFO:colcon.colcon_core.shell:Creating prefix script '/home/andrew/CompanionBot2/NavigationSoftware/ros2_ws/install/local_setup.zsh'
[30.983s] INFO:colcon.colcon_core.shell:Creating prefix chain script '/home/andrew/CompanionBot2/NavigationSoftware/ros2_ws/install/setup.zsh'
