[0.022s] Invoking command in '/home/andrew/ros2_ws/build/my_bot': CMAKE_PREFIX_PATH=/opt/ros/humble /usr/bin/cmake /home/andrew/ros2_ws/src/my_bot -DAMENT_CMAKE_SYMLINK_INSTALL=1 -DCMAKE_INSTALL_PREFIX=/home/andrew/ros2_ws/install/my_bot
[0.241s] -- The C compiler identification is GNU 11.4.0
[0.630s] -- The CXX compiler identification is GNU 11.4.0
[0.882s] -- Detecting C compiler ABI info
[1.011s] -- Detecting C compiler ABI info - done
[1.018s] -- Check for working C compiler: /usr/bin/cc - skipped
[1.021s] -- Detecting C compile features
[1.021s] -- Detecting C compile features - done
[1.027s] -- Detecting CXX compiler ABI info
[1.170s] -- Detecting CXX compiler ABI info - done
[1.175s] -- Check for working CXX compiler: /usr/bin/c++ - skipped
[1.176s] -- Detecting CXX compile features
[1.176s] -- Detecting CXX compile features - done
[1.205s] -- Found ament_cmake: 1.3.14 (/opt/ros/humble/share/ament_cmake/cmake)
[1.362s] -- Found Python3: /usr/bin/python3 (found version "3.10.12") found components: Interpreter 
[1.442s] -- Override CMake install command with custom implementation using symlinks instead of copying resources
[1.484s] -- Found ament_lint_auto: 0.12.15 (/opt/ros/humble/share/ament_lint_auto/cmake)
[1.579s] -- Added test 'copyright' to check source files copyright and LICENSE
[1.587s] -- Added test 'flake8' to check Python code syntax and style conventions
[1.589s] -- Added test 'lint_cmake' to check CMake code style
[1.591s] -- Added test 'pep257' to check Python code against some of the docstring style conventions in PEP 257
[1.598s] -- Added test 'xmllint' to check XML markup files
[1.603s] -- Configuring done
[1.609s] -- Generating done
[1.610s] -- Build files have been written to: /home/andrew/ros2_ws/build/my_bot
[1.620s] Invoked command in '/home/andrew/ros2_ws/build/my_bot' returned '0': CMAKE_PREFIX_PATH=/opt/ros/humble /usr/bin/cmake /home/andrew/ros2_ws/src/my_bot -DAMENT_CMAKE_SYMLINK_INSTALL=1 -DCMAKE_INSTALL_PREFIX=/home/andrew/ros2_ws/install/my_bot
[1.621s] Invoking command in '/home/andrew/ros2_ws/build/my_bot': CMAKE_PREFIX_PATH=/opt/ros/humble /usr/bin/cmake --build /home/andrew/ros2_ws/build/my_bot -- -j16 -l16
[1.663s] Invoked command in '/home/andrew/ros2_ws/build/my_bot' returned '0': CMAKE_PREFIX_PATH=/opt/ros/humble /usr/bin/cmake --build /home/andrew/ros2_ws/build/my_bot -- -j16 -l16
[1.674s] Invoking command in '/home/andrew/ros2_ws/build/my_bot': CMAKE_PREFIX_PATH=/opt/ros/humble /usr/bin/cmake --install /home/andrew/ros2_ws/build/my_bot
[1.682s] -- Install configuration: ""
[1.682s] -- Execute custom install script
[1.684s] -- Symlinking: /home/andrew/ros2_ws/install/my_bot/share/my_bot/config/empty.yaml
[1.694s] -- Symlinking: /home/andrew/ros2_ws/install/my_bot/share/my_bot/description/robot.urdf.xacro
[1.704s] -- Symlinking: /home/andrew/ros2_ws/install/my_bot/share/my_bot/launch/rsp.launch.py
[1.713s] -- Symlinking: /home/andrew/ros2_ws/install/my_bot/share/my_bot/worlds/empty.world
[1.723s] -- Symlinking: /home/andrew/ros2_ws/install/my_bot/share/ament_index/resource_index/package_run_dependencies/my_bot
[1.734s] -- Symlinking: /home/andrew/ros2_ws/install/my_bot/share/ament_index/resource_index/parent_prefix_path/my_bot
[1.745s] -- Symlinking: /home/andrew/ros2_ws/install/my_bot/share/my_bot/environment/ament_prefix_path.sh
[1.754s] -- Symlinking: /home/andrew/ros2_ws/install/my_bot/share/my_bot/environment/ament_prefix_path.dsv
[1.762s] -- Symlinking: /home/andrew/ros2_ws/install/my_bot/share/my_bot/environment/path.sh
[1.772s] -- Symlinking: /home/andrew/ros2_ws/install/my_bot/share/my_bot/environment/path.dsv
[1.780s] -- Symlinking: /home/andrew/ros2_ws/install/my_bot/share/my_bot/local_setup.bash
[1.791s] -- Symlinking: /home/andrew/ros2_ws/install/my_bot/share/my_bot/local_setup.sh
[1.800s] -- Symlinking: /home/andrew/ros2_ws/install/my_bot/share/my_bot/local_setup.zsh
[1.809s] -- Symlinking: /home/andrew/ros2_ws/install/my_bot/share/my_bot/local_setup.dsv
[1.818s] -- Symlinking: /home/andrew/ros2_ws/install/my_bot/share/my_bot/package.dsv
[1.828s] -- Symlinking: /home/andrew/ros2_ws/install/my_bot/share/ament_index/resource_index/packages/my_bot
[1.839s] -- Symlinking: /home/andrew/ros2_ws/install/my_bot/share/my_bot/cmake/my_botConfig.cmake
[1.850s] -- Symlinking: /home/andrew/ros2_ws/install/my_bot/share/my_bot/cmake/my_botConfig-version.cmake
[1.861s] -- Symlinking: /home/andrew/ros2_ws/install/my_bot/share/my_bot/package.xml
[1.874s] Invoked command in '/home/andrew/ros2_ws/build/my_bot' returned '0': CMAKE_PREFIX_PATH=/opt/ros/humble /usr/bin/cmake --install /home/andrew/ros2_ws/build/my_bot
