[0.032s] Invoking command in '/home/andrew/CompanionBot2/NavigationSoftware/ros2_ws/build/roverrobotics_gazebo': AMENT_PREFIX_PATH=/home/andrew/CompanionBot2/NavigationSoftware/ros2_ws/install/roverrobotics_description:${AMENT_PREFIX_PATH} CMAKE_PREFIX_PATH=/home/andrew/CompanionBot2/NavigationSoftware/ros2_ws/install/roverrobotics_description:/opt/ros/humble /usr/bin/cmake --build /home/andrew/CompanionBot2/NavigationSoftware/ros2_ws/build/roverrobotics_gazebo -- -j16 -l16
[0.067s] Invoked command in '/home/andrew/CompanionBot2/NavigationSoftware/ros2_ws/build/roverrobotics_gazebo' returned '0': AMENT_PREFIX_PATH=/home/andrew/CompanionBot2/NavigationSoftware/ros2_ws/install/roverrobotics_description:${AMENT_PREFIX_PATH} CMAKE_PREFIX_PATH=/home/andrew/CompanionBot2/NavigationSoftware/ros2_ws/install/roverrobotics_description:/opt/ros/humble /usr/bin/cmake --build /home/andrew/CompanionBot2/NavigationSoftware/ros2_ws/build/roverrobotics_gazebo -- -j16 -l16
[0.070s] Invoking command in '/home/andrew/CompanionBot2/NavigationSoftware/ros2_ws/build/roverrobotics_gazebo': AMENT_PREFIX_PATH=/home/andrew/CompanionBot2/NavigationSoftware/ros2_ws/install/roverrobotics_description:${AMENT_PREFIX_PATH} CMAKE_PREFIX_PATH=/home/andrew/CompanionBot2/NavigationSoftware/ros2_ws/install/roverrobotics_description:/opt/ros/humble /usr/bin/cmake --install /home/andrew/CompanionBot2/NavigationSoftware/ros2_ws/build/roverrobotics_gazebo
[0.077s] -- Install configuration: ""
[0.078s] -- Execute custom install script
[0.079s] -- Up-to-date symlink: /home/andrew/CompanionBot2/NavigationSoftware/ros2_ws/install/roverrobotics_gazebo/share/roverrobotics_gazebo/launch/2wd_rover_gazebo.launch.py
[0.079s] -- Up-to-date symlink: /home/andrew/CompanionBot2/NavigationSoftware/ros2_ws/install/roverrobotics_gazebo/share/roverrobotics_gazebo/launch/4wd_rover_gazebo.launch.py
[0.079s] -- Up-to-date symlink: /home/andrew/CompanionBot2/NavigationSoftware/ros2_ws/install/roverrobotics_gazebo/share/roverrobotics_gazebo/launch/flipper_gazebo.launch.py
[0.080s] -- Up-to-date symlink: /home/andrew/CompanionBot2/NavigationSoftware/ros2_ws/install/roverrobotics_gazebo/share/roverrobotics_gazebo/launch/max_gazebo.launch.py
[0.080s] -- Up-to-date symlink: /home/andrew/CompanionBot2/NavigationSoftware/ros2_ws/install/roverrobotics_gazebo/share/roverrobotics_gazebo/launch/mega_gazebo.launch.py
[0.080s] -- Up-to-date symlink: /home/andrew/CompanionBot2/NavigationSoftware/ros2_ws/install/roverrobotics_gazebo/share/roverrobotics_gazebo/launch/mini_2wd_gazebo.launch.py
[0.081s] -- Up-to-date symlink: /home/andrew/CompanionBot2/NavigationSoftware/ros2_ws/install/roverrobotics_gazebo/share/roverrobotics_gazebo/launch/mini_gazebo.launch.py
[0.081s] -- Up-to-date symlink: /home/andrew/CompanionBot2/NavigationSoftware/ros2_ws/install/roverrobotics_gazebo/share/roverrobotics_gazebo/launch/miti_65_gazebo.launch.py
[0.081s] -- Up-to-date symlink: /home/andrew/CompanionBot2/NavigationSoftware/ros2_ws/install/roverrobotics_gazebo/share/roverrobotics_gazebo/launch/miti_gazebo.launch.py
[0.082s] -- Up-to-date symlink: /home/andrew/CompanionBot2/NavigationSoftware/ros2_ws/install/roverrobotics_gazebo/share/roverrobotics_gazebo/worlds/depot.sdf
[0.082s] -- Up-to-date symlink: /home/andrew/CompanionBot2/NavigationSoftware/ros2_ws/install/roverrobotics_gazebo/share/roverrobotics_gazebo/worlds/maze.sdf
[0.082s] -- Up-to-date symlink: /home/andrew/CompanionBot2/NavigationSoftware/ros2_ws/install/roverrobotics_gazebo/share/roverrobotics_gazebo/worlds/warehouse.sdf
[0.083s] -- Up-to-date symlink: /home/andrew/CompanionBot2/NavigationSoftware/ros2_ws/install/roverrobotics_gazebo/share/ament_index/resource_index/package_run_dependencies/roverrobotics_gazebo
[0.083s] -- Up-to-date symlink: /home/andrew/CompanionBot2/NavigationSoftware/ros2_ws/install/roverrobotics_gazebo/share/ament_index/resource_index/parent_prefix_path/roverrobotics_gazebo
[0.084s] -- Up-to-date symlink: /home/andrew/CompanionBot2/NavigationSoftware/ros2_ws/install/roverrobotics_gazebo/share/roverrobotics_gazebo/environment/ament_prefix_path.sh
[0.084s] -- Up-to-date symlink: /home/andrew/CompanionBot2/NavigationSoftware/ros2_ws/install/roverrobotics_gazebo/share/roverrobotics_gazebo/environment/ament_prefix_path.dsv
[0.085s] -- Up-to-date symlink: /home/andrew/CompanionBot2/NavigationSoftware/ros2_ws/install/roverrobotics_gazebo/share/roverrobotics_gazebo/environment/path.sh
[0.085s] -- Up-to-date symlink: /home/andrew/CompanionBot2/NavigationSoftware/ros2_ws/install/roverrobotics_gazebo/share/roverrobotics_gazebo/environment/path.dsv
[0.085s] -- Up-to-date symlink: /home/andrew/CompanionBot2/NavigationSoftware/ros2_ws/install/roverrobotics_gazebo/share/roverrobotics_gazebo/local_setup.bash
[0.086s] -- Up-to-date symlink: /home/andrew/CompanionBot2/NavigationSoftware/ros2_ws/install/roverrobotics_gazebo/share/roverrobotics_gazebo/local_setup.sh
[0.086s] -- Up-to-date symlink: /home/andrew/CompanionBot2/NavigationSoftware/ros2_ws/install/roverrobotics_gazebo/share/roverrobotics_gazebo/local_setup.zsh
[0.086s] -- Up-to-date symlink: /home/andrew/CompanionBot2/NavigationSoftware/ros2_ws/install/roverrobotics_gazebo/share/roverrobotics_gazebo/local_setup.dsv
[0.086s] -- Symlinking: /home/andrew/CompanionBot2/NavigationSoftware/ros2_ws/install/roverrobotics_gazebo/share/roverrobotics_gazebo/package.dsv
[0.095s] -- Up-to-date symlink: /home/andrew/CompanionBot2/NavigationSoftware/ros2_ws/install/roverrobotics_gazebo/share/ament_index/resource_index/packages/roverrobotics_gazebo
[0.096s] -- Up-to-date symlink: /home/andrew/CompanionBot2/NavigationSoftware/ros2_ws/install/roverrobotics_gazebo/share/roverrobotics_gazebo/cmake/roverrobotics_gazeboConfig.cmake
[0.096s] -- Up-to-date symlink: /home/andrew/CompanionBot2/NavigationSoftware/ros2_ws/install/roverrobotics_gazebo/share/roverrobotics_gazebo/cmake/roverrobotics_gazeboConfig-version.cmake
[0.097s] -- Up-to-date symlink: /home/andrew/CompanionBot2/NavigationSoftware/ros2_ws/install/roverrobotics_gazebo/share/roverrobotics_gazebo/package.xml
[0.099s] Invoked command in '/home/andrew/CompanionBot2/NavigationSoftware/ros2_ws/build/roverrobotics_gazebo' returned '0': AMENT_PREFIX_PATH=/home/andrew/CompanionBot2/NavigationSoftware/ros2_ws/install/roverrobotics_description:${AMENT_PREFIX_PATH} CMAKE_PREFIX_PATH=/home/andrew/CompanionBot2/NavigationSoftware/ros2_ws/install/roverrobotics_description:/opt/ros/humble /usr/bin/cmake --install /home/andrew/CompanionBot2/NavigationSoftware/ros2_ws/build/roverrobotics_gazebo
