[0.022s] Invoking command in '/home/andrew/CompanionBot2/NavigationSoftware/ros2_ws/build/roverrobotics_description': CMAKE_PREFIX_PATH=/opt/ros/humble /usr/bin/cmake --build /home/andrew/CompanionBot2/NavigationSoftware/ros2_ws/build/roverrobotics_description -- -j16 -l16
[0.082s] Invoked command in '/home/andrew/CompanionBot2/NavigationSoftware/ros2_ws/build/roverrobotics_description' returned '0': CMAKE_PREFIX_PATH=/opt/ros/humble /usr/bin/cmake --build /home/andrew/CompanionBot2/NavigationSoftware/ros2_ws/build/roverrobotics_description -- -j16 -l16
[0.092s] Invoking command in '/home/andrew/CompanionBot2/NavigationSoftware/ros2_ws/build/roverrobotics_description': CMAKE_PREFIX_PATH=/opt/ros/humble /usr/bin/cmake --install /home/andrew/CompanionBot2/NavigationSoftware/ros2_ws/build/roverrobotics_description
[0.099s] -- Install configuration: ""
[0.099s] -- Execute custom install script
[0.099s] -- Up-to-date symlink: /home/andrew/CompanionBot2/NavigationSoftware/ros2_ws/install/roverrobotics_description/share/roverrobotics_description/rviz/urdf.rviz
[0.100s] -- Up-to-date symlink: /home/andrew/CompanionBot2/NavigationSoftware/ros2_ws/install/roverrobotics_description/share/roverrobotics_description/launch/display_2wd_rover.launch.py
[0.100s] -- Up-to-date symlink: /home/andrew/CompanionBot2/NavigationSoftware/ros2_ws/install/roverrobotics_description/share/roverrobotics_description/launch/display_4wd_rover.launch.py
[0.100s] -- Up-to-date symlink: /home/andrew/CompanionBot2/NavigationSoftware/ros2_ws/install/roverrobotics_description/share/roverrobotics_description/launch/display_flipper.launch.py
[0.101s] -- Up-to-date symlink: /home/andrew/CompanionBot2/NavigationSoftware/ros2_ws/install/roverrobotics_description/share/roverrobotics_description/launch/display_max.launch.py
[0.101s] -- Up-to-date symlink: /home/andrew/CompanionBot2/NavigationSoftware/ros2_ws/install/roverrobotics_description/share/roverrobotics_description/launch/display_mega.launch.py
[0.102s] -- Up-to-date symlink: /home/andrew/CompanionBot2/NavigationSoftware/ros2_ws/install/roverrobotics_description/share/roverrobotics_description/launch/display_mini.launch.py
[0.102s] -- Up-to-date symlink: /home/andrew/CompanionBot2/NavigationSoftware/ros2_ws/install/roverrobotics_description/share/roverrobotics_description/launch/display_mini_2wd.launch.py
[0.102s] -- Up-to-date symlink: /home/andrew/CompanionBot2/NavigationSoftware/ros2_ws/install/roverrobotics_description/share/roverrobotics_description/launch/display_miti.launch.py
[0.103s] -- Up-to-date symlink: /home/andrew/CompanionBot2/NavigationSoftware/ros2_ws/install/roverrobotics_description/share/roverrobotics_description/launch/display_miti_65.launch.py
[0.104s] -- Up-to-date symlink: /home/andrew/CompanionBot2/NavigationSoftware/ros2_ws/install/roverrobotics_description/share/roverrobotics_description/meshes/65wheels.dae
[0.104s] -- Up-to-date symlink: /home/andrew/CompanionBot2/NavigationSoftware/ros2_ws/install/roverrobotics_description/share/roverrobotics_description/meshes/castor.dae
[0.105s] -- Up-to-date symlink: /home/andrew/CompanionBot2/NavigationSoftware/ros2_ws/install/roverrobotics_description/share/roverrobotics_description/meshes/castor_housing.dae
[0.105s] -- Up-to-date symlink: /home/andrew/CompanionBot2/NavigationSoftware/ros2_ws/install/roverrobotics_description/share/roverrobotics_description/meshes/flipper.dae
[0.106s] -- Up-to-date symlink: /home/andrew/CompanionBot2/NavigationSoftware/ros2_ws/install/roverrobotics_description/share/roverrobotics_description/meshes/flipper_chassis.dae
[0.106s] -- Up-to-date symlink: /home/andrew/CompanionBot2/NavigationSoftware/ros2_ws/install/roverrobotics_description/share/roverrobotics_description/meshes/flipper_track.dae
[0.107s] -- Up-to-date symlink: /home/andrew/CompanionBot2/NavigationSoftware/ros2_ws/install/roverrobotics_description/share/roverrobotics_description/meshes/hub_10in.dae
[0.107s] -- Up-to-date symlink: /home/andrew/CompanionBot2/NavigationSoftware/ros2_ws/install/roverrobotics_description/share/roverrobotics_description/meshes/hub_6.5in.dae
[0.108s] -- Up-to-date symlink: /home/andrew/CompanionBot2/NavigationSoftware/ros2_ws/install/roverrobotics_description/share/roverrobotics_description/meshes/max_chassis.dae
[0.108s] -- Up-to-date symlink: /home/andrew/CompanionBot2/NavigationSoftware/ros2_ws/install/roverrobotics_description/share/roverrobotics_description/meshes/max_chassis_neo.dae
[0.108s] -- Up-to-date symlink: /home/andrew/CompanionBot2/NavigationSoftware/ros2_ws/install/roverrobotics_description/share/roverrobotics_description/meshes/max_wheels_13in.dae
[0.109s] -- Up-to-date symlink: /home/andrew/CompanionBot2/NavigationSoftware/ros2_ws/install/roverrobotics_description/share/roverrobotics_description/meshes/max_wheels_15in.dae
[0.109s] -- Up-to-date symlink: /home/andrew/CompanionBot2/NavigationSoftware/ros2_ws/install/roverrobotics_description/share/roverrobotics_description/meshes/max_wheels_15in_neo.dae
[0.109s] -- Up-to-date symlink: /home/andrew/CompanionBot2/NavigationSoftware/ros2_ws/install/roverrobotics_description/share/roverrobotics_description/meshes/mega_chassis.dae
[0.110s] -- Up-to-date symlink: /home/andrew/CompanionBot2/NavigationSoftware/ros2_ws/install/roverrobotics_description/share/roverrobotics_description/meshes/mega_payload.dae
[0.110s] -- Up-to-date symlink: /home/andrew/CompanionBot2/NavigationSoftware/ros2_ws/install/roverrobotics_description/share/roverrobotics_description/meshes/mega_wheels.dae
[0.110s] -- Up-to-date symlink: /home/andrew/CompanionBot2/NavigationSoftware/ros2_ws/install/roverrobotics_description/share/roverrobotics_description/meshes/mini_2wd_chassis.dae
[0.110s] -- Up-to-date symlink: /home/andrew/CompanionBot2/NavigationSoftware/ros2_ws/install/roverrobotics_description/share/roverrobotics_description/meshes/mini_chassis.dae
[0.111s] -- Up-to-date symlink: /home/andrew/CompanionBot2/NavigationSoftware/ros2_ws/install/roverrobotics_description/share/roverrobotics_description/meshes/mini_chassis_new.dae
[0.111s] -- Up-to-date symlink: /home/andrew/CompanionBot2/NavigationSoftware/ros2_ws/install/roverrobotics_description/share/roverrobotics_description/meshes/miti_chassis.dae
[0.111s] -- Up-to-date symlink: /home/andrew/CompanionBot2/NavigationSoftware/ros2_ws/install/roverrobotics_description/share/roverrobotics_description/meshes/miti_chassis_neo.dae
[0.111s] -- Up-to-date symlink: /home/andrew/CompanionBot2/NavigationSoftware/ros2_ws/install/roverrobotics_description/share/roverrobotics_description/meshes/miti_chassis_new.dae
[0.112s] -- Up-to-date symlink: /home/andrew/CompanionBot2/NavigationSoftware/ros2_ws/install/roverrobotics_description/share/roverrobotics_description/meshes/miti_payload.dae
[0.112s] -- Up-to-date symlink: /home/andrew/CompanionBot2/NavigationSoftware/ros2_ws/install/roverrobotics_description/share/roverrobotics_description/meshes/pro_tire.dae
[0.112s] -- Up-to-date symlink: /home/andrew/CompanionBot2/NavigationSoftware/ros2_ws/install/roverrobotics_description/share/roverrobotics_description/meshes/rover_2wd_core.dae
[0.112s] -- Up-to-date symlink: /home/andrew/CompanionBot2/NavigationSoftware/ros2_ws/install/roverrobotics_description/share/roverrobotics_description/meshes/rover_payload.dae
[0.112s] -- Up-to-date symlink: /home/andrew/CompanionBot2/NavigationSoftware/ros2_ws/install/roverrobotics_description/share/roverrobotics_description/meshes/rplidar_s2.dae
[0.112s] -- Up-to-date symlink: /home/andrew/CompanionBot2/NavigationSoftware/ros2_ws/install/roverrobotics_description/share/roverrobotics_description/urdf/accessories/imu.urdf
[0.113s] -- Up-to-date symlink: /home/andrew/CompanionBot2/NavigationSoftware/ros2_ws/install/roverrobotics_description/share/roverrobotics_description/urdf/accessories/mega_payload.urdf
[0.113s] -- Up-to-date symlink: /home/andrew/CompanionBot2/NavigationSoftware/ros2_ws/install/roverrobotics_description/share/roverrobotics_description/urdf/accessories/miti_payload.urdf
[0.113s] -- Up-to-date symlink: /home/andrew/CompanionBot2/NavigationSoftware/ros2_ws/install/roverrobotics_description/share/roverrobotics_description/urdf/accessories/rover_dev_payload.urdf
[0.113s] -- Up-to-date symlink: /home/andrew/CompanionBot2/NavigationSoftware/ros2_ws/install/roverrobotics_description/share/roverrobotics_description/urdf/accessories/rplidar_s2.urdf
[0.114s] -- Up-to-date symlink: /home/andrew/CompanionBot2/NavigationSoftware/ros2_ws/install/roverrobotics_description/share/roverrobotics_description/urdf/flipper.urdf
[0.114s] -- Up-to-date symlink: /home/andrew/CompanionBot2/NavigationSoftware/ros2_ws/install/roverrobotics_description/share/roverrobotics_description/urdf/max.urdf
[0.114s] -- Up-to-date symlink: /home/andrew/CompanionBot2/NavigationSoftware/ros2_ws/install/roverrobotics_description/share/roverrobotics_description/urdf/max_130.urdf
[0.115s] -- Up-to-date symlink: /home/andrew/CompanionBot2/NavigationSoftware/ros2_ws/install/roverrobotics_description/share/roverrobotics_description/urdf/max_130_neo.urdf
[0.115s] -- Up-to-date symlink: /home/andrew/CompanionBot2/NavigationSoftware/ros2_ws/install/roverrobotics_description/share/roverrobotics_description/urdf/max_150.urdf
[0.115s] -- Up-to-date symlink: /home/andrew/CompanionBot2/NavigationSoftware/ros2_ws/install/roverrobotics_description/share/roverrobotics_description/urdf/max_150_neo.urdf
[0.115s] -- Up-to-date symlink: /home/andrew/CompanionBot2/NavigationSoftware/ros2_ws/install/roverrobotics_description/share/roverrobotics_description/urdf/mega.urdf
[0.116s] -- Up-to-date symlink: /home/andrew/CompanionBot2/NavigationSoftware/ros2_ws/install/roverrobotics_description/share/roverrobotics_description/urdf/mini.urdf
[0.116s] -- Up-to-date symlink: /home/andrew/CompanionBot2/NavigationSoftware/ros2_ws/install/roverrobotics_description/share/roverrobotics_description/urdf/mini_2wd.urdf
[0.116s] -- Up-to-date symlink: /home/andrew/CompanionBot2/NavigationSoftware/ros2_ws/install/roverrobotics_description/share/roverrobotics_description/urdf/miti.urdf
[0.117s] -- Up-to-date symlink: /home/andrew/CompanionBot2/NavigationSoftware/ros2_ws/install/roverrobotics_description/share/roverrobotics_description/urdf/miti_65.urdf
[0.118s] -- Up-to-date symlink: /home/andrew/CompanionBot2/NavigationSoftware/ros2_ws/install/roverrobotics_description/share/roverrobotics_description/urdf/miti_neo.urdf
[0.118s] -- Up-to-date symlink: /home/andrew/CompanionBot2/NavigationSoftware/ros2_ws/install/roverrobotics_description/share/roverrobotics_description/urdf/rover_2wd.urdf
[0.118s] -- Up-to-date symlink: /home/andrew/CompanionBot2/NavigationSoftware/ros2_ws/install/roverrobotics_description/share/roverrobotics_description/urdf/rover_4wd.urdf
[0.118s] -- Up-to-date symlink: /home/andrew/CompanionBot2/NavigationSoftware/ros2_ws/install/roverrobotics_description/share/ament_index/resource_index/package_run_dependencies/roverrobotics_description
[0.119s] -- Up-to-date symlink: /home/andrew/CompanionBot2/NavigationSoftware/ros2_ws/install/roverrobotics_description/share/ament_index/resource_index/parent_prefix_path/roverrobotics_description
[0.120s] -- Up-to-date symlink: /home/andrew/CompanionBot2/NavigationSoftware/ros2_ws/install/roverrobotics_description/share/roverrobotics_description/environment/ament_prefix_path.sh
[0.121s] -- Up-to-date symlink: /home/andrew/CompanionBot2/NavigationSoftware/ros2_ws/install/roverrobotics_description/share/roverrobotics_description/environment/ament_prefix_path.dsv
[0.121s] -- Up-to-date symlink: /home/andrew/CompanionBot2/NavigationSoftware/ros2_ws/install/roverrobotics_description/share/roverrobotics_description/environment/path.sh
[0.122s] -- Up-to-date symlink: /home/andrew/CompanionBot2/NavigationSoftware/ros2_ws/install/roverrobotics_description/share/roverrobotics_description/environment/path.dsv
[0.122s] -- Up-to-date symlink: /home/andrew/CompanionBot2/NavigationSoftware/ros2_ws/install/roverrobotics_description/share/roverrobotics_description/local_setup.bash
[0.122s] -- Up-to-date symlink: /home/andrew/CompanionBot2/NavigationSoftware/ros2_ws/install/roverrobotics_description/share/roverrobotics_description/local_setup.sh
[0.123s] -- Up-to-date symlink: /home/andrew/CompanionBot2/NavigationSoftware/ros2_ws/install/roverrobotics_description/share/roverrobotics_description/local_setup.zsh
[0.123s] -- Up-to-date symlink: /home/andrew/CompanionBot2/NavigationSoftware/ros2_ws/install/roverrobotics_description/share/roverrobotics_description/local_setup.dsv
[0.123s] -- Symlinking: /home/andrew/CompanionBot2/NavigationSoftware/ros2_ws/install/roverrobotics_description/share/roverrobotics_description/package.dsv
[0.132s] -- Up-to-date symlink: /home/andrew/CompanionBot2/NavigationSoftware/ros2_ws/install/roverrobotics_description/share/ament_index/resource_index/packages/roverrobotics_description
[0.132s] -- Up-to-date symlink: /home/andrew/CompanionBot2/NavigationSoftware/ros2_ws/install/roverrobotics_description/share/roverrobotics_description/cmake/roverrobotics_descriptionConfig.cmake
[0.133s] -- Up-to-date symlink: /home/andrew/CompanionBot2/NavigationSoftware/ros2_ws/install/roverrobotics_description/share/roverrobotics_description/cmake/roverrobotics_descriptionConfig-version.cmake
[0.133s] -- Up-to-date symlink: /home/andrew/CompanionBot2/NavigationSoftware/ros2_ws/install/roverrobotics_description/share/roverrobotics_description/package.xml
[0.161s] Invoked command in '/home/andrew/CompanionBot2/NavigationSoftware/ros2_ws/build/roverrobotics_description' returned '0': CMAKE_PREFIX_PATH=/opt/ros/humble /usr/bin/cmake --install /home/andrew/CompanionBot2/NavigationSoftware/ros2_ws/build/roverrobotics_description
