[0.026s] Invoking command in '/home/andrew/CompanionBot2/NavigationSoftware/ros2_ws/build/roverrobotics_description': CMAKE_PREFIX_PATH=${CMAKE_PREFIX_PATH}:/opt/ros/humble /usr/bin/cmake /home/andrew/CompanionBot2/NavigationSoftware/ros2_ws/src/roverrobotics_ros2/roverrobotics_description -DAMENT_CMAKE_SYMLINK_INSTALL=1 -DCMAKE_INSTALL_PREFIX=/home/andrew/CompanionBot2/NavigationSoftware/ros2_ws/install/roverrobotics_description
[0.159s] -- The C compiler identification is GNU 11.4.0
[0.494s] -- The CXX compiler identification is GNU 11.4.0
[0.707s] -- Detecting C compiler ABI info
[0.817s] -- Detecting C compiler ABI info - done
[0.823s] -- Check for working C compiler: /usr/bin/cc - skipped
[0.823s] -- Detecting C compile features
[0.824s] -- Detecting C compile features - done
[0.826s] -- Detecting CXX compiler ABI info
[0.958s] -- Detecting CXX compiler ABI info - done
[0.967s] -- Check for working CXX compiler: /usr/bin/c++ - skipped
[0.967s] -- Detecting CXX compile features
[0.968s] -- Detecting CXX compile features - done
[0.971s] -- Found ament_cmake: 1.3.14 (/opt/ros/humble/share/ament_cmake/cmake)
[1.117s] -- Found Python3: /usr/bin/python3 (found version "3.10.12") found components: Interpreter 
[1.185s] -- Override CMake install command with custom implementation using symlinks instead of copying resources
[1.272s] -- Configuring done
[1.279s] -- Generating done
[1.282s] -- Build files have been written to: /home/andrew/CompanionBot2/NavigationSoftware/ros2_ws/build/roverrobotics_description
[1.287s] Invoked command in '/home/andrew/CompanionBot2/NavigationSoftware/ros2_ws/build/roverrobotics_description' returned '0': CMAKE_PREFIX_PATH=${CMAKE_PREFIX_PATH}:/opt/ros/humble /usr/bin/cmake /home/andrew/CompanionBot2/NavigationSoftware/ros2_ws/src/roverrobotics_ros2/roverrobotics_description -DAMENT_CMAKE_SYMLINK_INSTALL=1 -DCMAKE_INSTALL_PREFIX=/home/andrew/CompanionBot2/NavigationSoftware/ros2_ws/install/roverrobotics_description
[1.290s] Invoking command in '/home/andrew/CompanionBot2/NavigationSoftware/ros2_ws/build/roverrobotics_description': CMAKE_PREFIX_PATH=${CMAKE_PREFIX_PATH}:/opt/ros/humble /usr/bin/cmake --build /home/andrew/CompanionBot2/NavigationSoftware/ros2_ws/build/roverrobotics_description -- -j16 -l16
[1.327s] Invoked command in '/home/andrew/CompanionBot2/NavigationSoftware/ros2_ws/build/roverrobotics_description' returned '0': CMAKE_PREFIX_PATH=${CMAKE_PREFIX_PATH}:/opt/ros/humble /usr/bin/cmake --build /home/andrew/CompanionBot2/NavigationSoftware/ros2_ws/build/roverrobotics_description -- -j16 -l16
[1.330s] Invoking command in '/home/andrew/CompanionBot2/NavigationSoftware/ros2_ws/build/roverrobotics_description': CMAKE_PREFIX_PATH=${CMAKE_PREFIX_PATH}:/opt/ros/humble /usr/bin/cmake --install /home/andrew/CompanionBot2/NavigationSoftware/ros2_ws/build/roverrobotics_description
[1.336s] -- Install configuration: ""
[1.337s] -- Execute custom install script
[1.339s] -- Symlinking: /home/andrew/CompanionBot2/NavigationSoftware/ros2_ws/install/roverrobotics_description/share/roverrobotics_description/rviz/urdf.rviz
[1.349s] -- Symlinking: /home/andrew/CompanionBot2/NavigationSoftware/ros2_ws/install/roverrobotics_description/share/roverrobotics_description/launch/display_2wd_rover.launch.py
[1.360s] -- Symlinking: /home/andrew/CompanionBot2/NavigationSoftware/ros2_ws/install/roverrobotics_description/share/roverrobotics_description/launch/display_4wd_rover.launch.py
[1.369s] -- Symlinking: /home/andrew/CompanionBot2/NavigationSoftware/ros2_ws/install/roverrobotics_description/share/roverrobotics_description/launch/display_flipper.launch.py
[1.379s] -- Symlinking: /home/andrew/CompanionBot2/NavigationSoftware/ros2_ws/install/roverrobotics_description/share/roverrobotics_description/launch/display_max.launch.py
[1.389s] -- Symlinking: /home/andrew/CompanionBot2/NavigationSoftware/ros2_ws/install/roverrobotics_description/share/roverrobotics_description/launch/display_mega.launch.py
[1.399s] -- Symlinking: /home/andrew/CompanionBot2/NavigationSoftware/ros2_ws/install/roverrobotics_description/share/roverrobotics_description/launch/display_mini.launch.py
[1.408s] -- Symlinking: /home/andrew/CompanionBot2/NavigationSoftware/ros2_ws/install/roverrobotics_description/share/roverrobotics_description/launch/display_mini_2wd.launch.py
[1.417s] -- Symlinking: /home/andrew/CompanionBot2/NavigationSoftware/ros2_ws/install/roverrobotics_description/share/roverrobotics_description/launch/display_miti.launch.py
[1.426s] -- Symlinking: /home/andrew/CompanionBot2/NavigationSoftware/ros2_ws/install/roverrobotics_description/share/roverrobotics_description/launch/display_miti_65.launch.py
[1.437s] -- Symlinking: /home/andrew/CompanionBot2/NavigationSoftware/ros2_ws/install/roverrobotics_description/share/roverrobotics_description/meshes/65wheels.dae
[1.446s] -- Symlinking: /home/andrew/CompanionBot2/NavigationSoftware/ros2_ws/install/roverrobotics_description/share/roverrobotics_description/meshes/castor.dae
[1.456s] -- Symlinking: /home/andrew/CompanionBot2/NavigationSoftware/ros2_ws/install/roverrobotics_description/share/roverrobotics_description/meshes/castor_housing.dae
[1.465s] -- Symlinking: /home/andrew/CompanionBot2/NavigationSoftware/ros2_ws/install/roverrobotics_description/share/roverrobotics_description/meshes/flipper.dae
[1.474s] -- Symlinking: /home/andrew/CompanionBot2/NavigationSoftware/ros2_ws/install/roverrobotics_description/share/roverrobotics_description/meshes/flipper_chassis.dae
[1.483s] -- Symlinking: /home/andrew/CompanionBot2/NavigationSoftware/ros2_ws/install/roverrobotics_description/share/roverrobotics_description/meshes/flipper_track.dae
[1.492s] -- Symlinking: /home/andrew/CompanionBot2/NavigationSoftware/ros2_ws/install/roverrobotics_description/share/roverrobotics_description/meshes/hub_10in.dae
[1.502s] -- Symlinking: /home/andrew/CompanionBot2/NavigationSoftware/ros2_ws/install/roverrobotics_description/share/roverrobotics_description/meshes/hub_6.5in.dae
[1.511s] -- Symlinking: /home/andrew/CompanionBot2/NavigationSoftware/ros2_ws/install/roverrobotics_description/share/roverrobotics_description/meshes/max_chassis.dae
[1.521s] -- Symlinking: /home/andrew/CompanionBot2/NavigationSoftware/ros2_ws/install/roverrobotics_description/share/roverrobotics_description/meshes/max_chassis_neo.dae
[1.530s] -- Symlinking: /home/andrew/CompanionBot2/NavigationSoftware/ros2_ws/install/roverrobotics_description/share/roverrobotics_description/meshes/max_wheels_13in.dae
[1.540s] -- Symlinking: /home/andrew/CompanionBot2/NavigationSoftware/ros2_ws/install/roverrobotics_description/share/roverrobotics_description/meshes/max_wheels_15in.dae
[1.549s] -- Symlinking: /home/andrew/CompanionBot2/NavigationSoftware/ros2_ws/install/roverrobotics_description/share/roverrobotics_description/meshes/max_wheels_15in_neo.dae
[1.558s] -- Symlinking: /home/andrew/CompanionBot2/NavigationSoftware/ros2_ws/install/roverrobotics_description/share/roverrobotics_description/meshes/mega_chassis.dae
[1.568s] -- Symlinking: /home/andrew/CompanionBot2/NavigationSoftware/ros2_ws/install/roverrobotics_description/share/roverrobotics_description/meshes/mega_payload.dae
[1.578s] -- Symlinking: /home/andrew/CompanionBot2/NavigationSoftware/ros2_ws/install/roverrobotics_description/share/roverrobotics_description/meshes/mega_wheels.dae
[1.588s] -- Symlinking: /home/andrew/CompanionBot2/NavigationSoftware/ros2_ws/install/roverrobotics_description/share/roverrobotics_description/meshes/mini_2wd_chassis.dae
[1.598s] -- Symlinking: /home/andrew/CompanionBot2/NavigationSoftware/ros2_ws/install/roverrobotics_description/share/roverrobotics_description/meshes/mini_chassis.dae
[1.608s] -- Symlinking: /home/andrew/CompanionBot2/NavigationSoftware/ros2_ws/install/roverrobotics_description/share/roverrobotics_description/meshes/mini_chassis_new.dae
[1.618s] -- Symlinking: /home/andrew/CompanionBot2/NavigationSoftware/ros2_ws/install/roverrobotics_description/share/roverrobotics_description/meshes/miti_chassis.dae
[1.627s] -- Symlinking: /home/andrew/CompanionBot2/NavigationSoftware/ros2_ws/install/roverrobotics_description/share/roverrobotics_description/meshes/miti_chassis_neo.dae
[1.637s] -- Symlinking: /home/andrew/CompanionBot2/NavigationSoftware/ros2_ws/install/roverrobotics_description/share/roverrobotics_description/meshes/miti_chassis_new.dae
[1.646s] -- Symlinking: /home/andrew/CompanionBot2/NavigationSoftware/ros2_ws/install/roverrobotics_description/share/roverrobotics_description/meshes/miti_payload.dae
[1.656s] -- Symlinking: /home/andrew/CompanionBot2/NavigationSoftware/ros2_ws/install/roverrobotics_description/share/roverrobotics_description/meshes/pro_tire.dae
[1.666s] -- Symlinking: /home/andrew/CompanionBot2/NavigationSoftware/ros2_ws/install/roverrobotics_description/share/roverrobotics_description/meshes/rover_2wd_core.dae
[1.676s] -- Symlinking: /home/andrew/CompanionBot2/NavigationSoftware/ros2_ws/install/roverrobotics_description/share/roverrobotics_description/meshes/rover_payload.dae
[1.686s] -- Symlinking: /home/andrew/CompanionBot2/NavigationSoftware/ros2_ws/install/roverrobotics_description/share/roverrobotics_description/meshes/rplidar_s2.dae
[1.696s] -- Symlinking: /home/andrew/CompanionBot2/NavigationSoftware/ros2_ws/install/roverrobotics_description/share/roverrobotics_description/urdf/accessories/imu.urdf
[1.706s] -- Symlinking: /home/andrew/CompanionBot2/NavigationSoftware/ros2_ws/install/roverrobotics_description/share/roverrobotics_description/urdf/accessories/mega_payload.urdf
[1.716s] -- Symlinking: /home/andrew/CompanionBot2/NavigationSoftware/ros2_ws/install/roverrobotics_description/share/roverrobotics_description/urdf/accessories/miti_payload.urdf
[1.726s] -- Symlinking: /home/andrew/CompanionBot2/NavigationSoftware/ros2_ws/install/roverrobotics_description/share/roverrobotics_description/urdf/accessories/rover_dev_payload.urdf
[1.736s] -- Symlinking: /home/andrew/CompanionBot2/NavigationSoftware/ros2_ws/install/roverrobotics_description/share/roverrobotics_description/urdf/accessories/rplidar_s2.urdf
[1.745s] -- Symlinking: /home/andrew/CompanionBot2/NavigationSoftware/ros2_ws/install/roverrobotics_description/share/roverrobotics_description/urdf/flipper.urdf
[1.754s] -- Symlinking: /home/andrew/CompanionBot2/NavigationSoftware/ros2_ws/install/roverrobotics_description/share/roverrobotics_description/urdf/max.urdf
[1.762s] -- Symlinking: /home/andrew/CompanionBot2/NavigationSoftware/ros2_ws/install/roverrobotics_description/share/roverrobotics_description/urdf/max_130.urdf
[1.771s] -- Symlinking: /home/andrew/CompanionBot2/NavigationSoftware/ros2_ws/install/roverrobotics_description/share/roverrobotics_description/urdf/max_130_neo.urdf
[1.779s] -- Symlinking: /home/andrew/CompanionBot2/NavigationSoftware/ros2_ws/install/roverrobotics_description/share/roverrobotics_description/urdf/max_150.urdf
[1.788s] -- Symlinking: /home/andrew/CompanionBot2/NavigationSoftware/ros2_ws/install/roverrobotics_description/share/roverrobotics_description/urdf/max_150_neo.urdf
[1.796s] -- Symlinking: /home/andrew/CompanionBot2/NavigationSoftware/ros2_ws/install/roverrobotics_description/share/roverrobotics_description/urdf/mega.urdf
[1.805s] -- Symlinking: /home/andrew/CompanionBot2/NavigationSoftware/ros2_ws/install/roverrobotics_description/share/roverrobotics_description/urdf/mini.urdf
[1.813s] -- Symlinking: /home/andrew/CompanionBot2/NavigationSoftware/ros2_ws/install/roverrobotics_description/share/roverrobotics_description/urdf/mini_2wd.urdf
[1.823s] -- Symlinking: /home/andrew/CompanionBot2/NavigationSoftware/ros2_ws/install/roverrobotics_description/share/roverrobotics_description/urdf/miti.urdf
[1.832s] -- Symlinking: /home/andrew/CompanionBot2/NavigationSoftware/ros2_ws/install/roverrobotics_description/share/roverrobotics_description/urdf/miti_65.urdf
[1.840s] -- Symlinking: /home/andrew/CompanionBot2/NavigationSoftware/ros2_ws/install/roverrobotics_description/share/roverrobotics_description/urdf/miti_neo.urdf
[1.848s] -- Symlinking: /home/andrew/CompanionBot2/NavigationSoftware/ros2_ws/install/roverrobotics_description/share/roverrobotics_description/urdf/rover_2wd.urdf
[1.857s] -- Symlinking: /home/andrew/CompanionBot2/NavigationSoftware/ros2_ws/install/roverrobotics_description/share/roverrobotics_description/urdf/rover_4wd.urdf
[1.868s] -- Symlinking: /home/andrew/CompanionBot2/NavigationSoftware/ros2_ws/install/roverrobotics_description/share/ament_index/resource_index/package_run_dependencies/roverrobotics_description
[1.877s] -- Symlinking: /home/andrew/CompanionBot2/NavigationSoftware/ros2_ws/install/roverrobotics_description/share/ament_index/resource_index/parent_prefix_path/roverrobotics_description
[1.886s] -- Symlinking: /home/andrew/CompanionBot2/NavigationSoftware/ros2_ws/install/roverrobotics_description/share/roverrobotics_description/environment/ament_prefix_path.sh
[1.894s] -- Symlinking: /home/andrew/CompanionBot2/NavigationSoftware/ros2_ws/install/roverrobotics_description/share/roverrobotics_description/environment/ament_prefix_path.dsv
[1.905s] -- Symlinking: /home/andrew/CompanionBot2/NavigationSoftware/ros2_ws/install/roverrobotics_description/share/roverrobotics_description/environment/path.sh
[1.914s] -- Symlinking: /home/andrew/CompanionBot2/NavigationSoftware/ros2_ws/install/roverrobotics_description/share/roverrobotics_description/environment/path.dsv
[1.923s] -- Symlinking: /home/andrew/CompanionBot2/NavigationSoftware/ros2_ws/install/roverrobotics_description/share/roverrobotics_description/local_setup.bash
[1.932s] -- Symlinking: /home/andrew/CompanionBot2/NavigationSoftware/ros2_ws/install/roverrobotics_description/share/roverrobotics_description/local_setup.sh
[1.942s] -- Symlinking: /home/andrew/CompanionBot2/NavigationSoftware/ros2_ws/install/roverrobotics_description/share/roverrobotics_description/local_setup.zsh
[1.950s] -- Symlinking: /home/andrew/CompanionBot2/NavigationSoftware/ros2_ws/install/roverrobotics_description/share/roverrobotics_description/local_setup.dsv
[1.959s] -- Symlinking: /home/andrew/CompanionBot2/NavigationSoftware/ros2_ws/install/roverrobotics_description/share/roverrobotics_description/package.dsv
[1.969s] -- Symlinking: /home/andrew/CompanionBot2/NavigationSoftware/ros2_ws/install/roverrobotics_description/share/ament_index/resource_index/packages/roverrobotics_description
[1.978s] -- Symlinking: /home/andrew/CompanionBot2/NavigationSoftware/ros2_ws/install/roverrobotics_description/share/roverrobotics_description/cmake/roverrobotics_descriptionConfig.cmake
[1.988s] -- Symlinking: /home/andrew/CompanionBot2/NavigationSoftware/ros2_ws/install/roverrobotics_description/share/roverrobotics_description/cmake/roverrobotics_descriptionConfig-version.cmake
[1.996s] -- Symlinking: /home/andrew/CompanionBot2/NavigationSoftware/ros2_ws/install/roverrobotics_description/share/roverrobotics_description/package.xml
[2.006s] Invoked command in '/home/andrew/CompanionBot2/NavigationSoftware/ros2_ws/build/roverrobotics_description' returned '0': CMAKE_PREFIX_PATH=${CMAKE_PREFIX_PATH}:/opt/ros/humble /usr/bin/cmake --install /home/andrew/CompanionBot2/NavigationSoftware/ros2_ws/build/roverrobotics_description
