[0.169s] DEBUG:colcon:Command line arguments: ['/usr/bin/colcon', 'build', '--symlink-install']
[0.169s] DEBUG:colcon:Parsed command line arguments: Namespace(log_base=None, log_level=None, verb_name='build', build_base='build', install_base='install', merge_install=False, symlink_install=True, test_result_base=None, continue_on_error=False, executor='parallel', parallel_workers=16, event_handlers=None, ignore_user_meta=False, metas=['./colcon.meta'], base_paths=['.'], packages_ignore=None, packages_ignore_regex=None, paths=None, packages_up_to=None, packages_up_to_regex=None, packages_above=None, packages_above_and_dependencies=None, packages_above_depth=None, packages_select_by_dep=None, packages_skip_by_dep=None, packages_skip_up_to=None, packages_select_build_failed=False, packages_skip_build_finished=False, packages_select_test_failures=False, packages_skip_test_passed=False, packages_select=None, packages_skip=None, packages_select_regex=None, packages_skip_regex=None, packages_start=None, packages_end=None, allow_overriding=[], cmake_args=None, cmake_target=None, cmake_target_skip_unavailable=False, cmake_clean_cache=False, cmake_clean_first=False, cmake_force_configure=False, ament_cmake_args=None, catkin_cmake_args=None, catkin_skip_building_tests=False, verb_parser=<colcon_defaults.argument_parser.defaults.DefaultArgumentsDecorator object at 0x77a18981f250>, verb_extension=<colcon_core.verb.build.BuildVerb object at 0x77a18981ec80>, main=<bound method BuildVerb.main of <colcon_core.verb.build.BuildVerb object at 0x77a18981ec80>>)
[0.364s] Level 1:colcon.colcon_core.package_discovery:discover_packages(colcon_meta) check parameters
[0.364s] Level 1:colcon.colcon_core.package_discovery:discover_packages(recursive) check parameters
[0.364s] Level 1:colcon.colcon_core.package_discovery:discover_packages(ignore) check parameters
[0.364s] Level 1:colcon.colcon_core.package_discovery:discover_packages(path) check parameters
[0.364s] Level 1:colcon.colcon_core.package_discovery:discover_packages(colcon_meta) discover
[0.364s] Level 1:colcon.colcon_core.package_discovery:discover_packages(recursive) discover
[0.364s] INFO:colcon.colcon_core.package_discovery:Crawling recursively for packages in '/home/andrew/CompanionBot2/NavigationSoftware/ros2_ws'
[0.365s] Level 1:colcon.colcon_core.package_identification:_identify(.) by extensions ['ignore', 'ignore_ament_install']
[0.365s] Level 1:colcon.colcon_core.package_identification:_identify(.) by extension 'ignore'
[0.365s] Level 1:colcon.colcon_core.package_identification:_identify(.) by extension 'ignore_ament_install'
[0.365s] Level 1:colcon.colcon_core.package_identification:_identify(.) by extensions ['colcon_pkg']
[0.365s] Level 1:colcon.colcon_core.package_identification:_identify(.) by extension 'colcon_pkg'
[0.365s] Level 1:colcon.colcon_core.package_identification:_identify(.) by extensions ['colcon_meta']
[0.365s] Level 1:colcon.colcon_core.package_identification:_identify(.) by extension 'colcon_meta'
[0.365s] Level 1:colcon.colcon_core.package_identification:_identify(.) by extensions ['ros']
[0.365s] Level 1:colcon.colcon_core.package_identification:_identify(.) by extension 'ros'
[0.374s] Level 1:colcon.colcon_core.package_identification:_identify(.) by extensions ['cmake', 'python']
[0.374s] Level 1:colcon.colcon_core.package_identification:_identify(.) by extension 'cmake'
[0.374s] Level 1:colcon.colcon_core.package_identification:_identify(.) by extension 'python'
[0.374s] Level 1:colcon.colcon_core.package_identification:_identify(.) by extensions ['python_setup_py']
[0.374s] Level 1:colcon.colcon_core.package_identification:_identify(.) by extension 'python_setup_py'
[0.374s] Level 1:colcon.colcon_core.package_identification:_identify(build) by extensions ['ignore', 'ignore_ament_install']
[0.374s] Level 1:colcon.colcon_core.package_identification:_identify(build) by extension 'ignore'
[0.374s] Level 1:colcon.colcon_core.package_identification:_identify(build) ignored
[0.375s] Level 1:colcon.colcon_core.package_identification:_identify(install) by extensions ['ignore', 'ignore_ament_install']
[0.375s] Level 1:colcon.colcon_core.package_identification:_identify(install) by extension 'ignore'
[0.375s] Level 1:colcon.colcon_core.package_identification:_identify(install) ignored
[0.375s] Level 1:colcon.colcon_core.package_identification:_identify(log) by extensions ['ignore', 'ignore_ament_install']
[0.375s] Level 1:colcon.colcon_core.package_identification:_identify(log) by extension 'ignore'
[0.375s] Level 1:colcon.colcon_core.package_identification:_identify(log) ignored
[0.375s] Level 1:colcon.colcon_core.package_identification:_identify(src) by extensions ['ignore', 'ignore_ament_install']
[0.375s] Level 1:colcon.colcon_core.package_identification:_identify(src) by extension 'ignore'
[0.375s] Level 1:colcon.colcon_core.package_identification:_identify(src) by extension 'ignore_ament_install'
[0.375s] Level 1:colcon.colcon_core.package_identification:_identify(src) by extensions ['colcon_pkg']
[0.375s] Level 1:colcon.colcon_core.package_identification:_identify(src) by extension 'colcon_pkg'
[0.375s] Level 1:colcon.colcon_core.package_identification:_identify(src) by extensions ['colcon_meta']
[0.375s] Level 1:colcon.colcon_core.package_identification:_identify(src) by extension 'colcon_meta'
[0.375s] Level 1:colcon.colcon_core.package_identification:_identify(src) by extensions ['ros']
[0.375s] Level 1:colcon.colcon_core.package_identification:_identify(src) by extension 'ros'
[0.376s] Level 1:colcon.colcon_core.package_identification:_identify(src) by extensions ['cmake', 'python']
[0.376s] Level 1:colcon.colcon_core.package_identification:_identify(src) by extension 'cmake'
[0.376s] Level 1:colcon.colcon_core.package_identification:_identify(src) by extension 'python'
[0.376s] Level 1:colcon.colcon_core.package_identification:_identify(src) by extensions ['python_setup_py']
[0.376s] Level 1:colcon.colcon_core.package_identification:_identify(src) by extension 'python_setup_py'
[0.376s] Level 1:colcon.colcon_core.package_identification:_identify(src/build) by extensions ['ignore', 'ignore_ament_install']
[0.376s] Level 1:colcon.colcon_core.package_identification:_identify(src/build) by extension 'ignore'
[0.376s] Level 1:colcon.colcon_core.package_identification:_identify(src/build) ignored
[0.376s] Level 1:colcon.colcon_core.package_identification:_identify(src/install) by extensions ['ignore', 'ignore_ament_install']
[0.376s] Level 1:colcon.colcon_core.package_identification:_identify(src/install) by extension 'ignore'
[0.377s] Level 1:colcon.colcon_core.package_identification:_identify(src/install) ignored
[0.377s] Level 1:colcon.colcon_core.package_identification:_identify(src/log) by extensions ['ignore', 'ignore_ament_install']
[0.377s] Level 1:colcon.colcon_core.package_identification:_identify(src/log) by extension 'ignore'
[0.377s] Level 1:colcon.colcon_core.package_identification:_identify(src/log) ignored
[0.377s] Level 1:colcon.colcon_core.package_identification:_identify(src/my_bot) by extensions ['ignore', 'ignore_ament_install']
[0.377s] Level 1:colcon.colcon_core.package_identification:_identify(src/my_bot) by extension 'ignore'
[0.377s] Level 1:colcon.colcon_core.package_identification:_identify(src/my_bot) by extension 'ignore_ament_install'
[0.377s] Level 1:colcon.colcon_core.package_identification:_identify(src/my_bot) by extensions ['colcon_pkg']
[0.377s] Level 1:colcon.colcon_core.package_identification:_identify(src/my_bot) by extension 'colcon_pkg'
[0.377s] Level 1:colcon.colcon_core.package_identification:_identify(src/my_bot) by extensions ['colcon_meta']
[0.377s] Level 1:colcon.colcon_core.package_identification:_identify(src/my_bot) by extension 'colcon_meta'
[0.377s] Level 1:colcon.colcon_core.package_identification:_identify(src/my_bot) by extensions ['ros']
[0.377s] Level 1:colcon.colcon_core.package_identification:_identify(src/my_bot) by extension 'ros'
[0.380s] DEBUG:colcon.colcon_core.package_identification:Package 'src/my_bot' with type 'ros.ament_cmake' and name 'my_bot'
[0.380s] Level 1:colcon.colcon_core.package_identification:_identify(src/roverrobotics_ros2) by extensions ['ignore', 'ignore_ament_install']
[0.380s] Level 1:colcon.colcon_core.package_identification:_identify(src/roverrobotics_ros2) by extension 'ignore'
[0.380s] Level 1:colcon.colcon_core.package_identification:_identify(src/roverrobotics_ros2) by extension 'ignore_ament_install'
[0.380s] Level 1:colcon.colcon_core.package_identification:_identify(src/roverrobotics_ros2) by extensions ['colcon_pkg']
[0.380s] Level 1:colcon.colcon_core.package_identification:_identify(src/roverrobotics_ros2) by extension 'colcon_pkg'
[0.380s] Level 1:colcon.colcon_core.package_identification:_identify(src/roverrobotics_ros2) by extensions ['colcon_meta']
[0.380s] Level 1:colcon.colcon_core.package_identification:_identify(src/roverrobotics_ros2) by extension 'colcon_meta'
[0.380s] Level 1:colcon.colcon_core.package_identification:_identify(src/roverrobotics_ros2) by extensions ['ros']
[0.380s] Level 1:colcon.colcon_core.package_identification:_identify(src/roverrobotics_ros2) by extension 'ros'
[0.380s] Level 1:colcon.colcon_core.package_identification:_identify(src/roverrobotics_ros2) by extensions ['cmake', 'python']
[0.380s] Level 1:colcon.colcon_core.package_identification:_identify(src/roverrobotics_ros2) by extension 'cmake'
[0.380s] Level 1:colcon.colcon_core.package_identification:_identify(src/roverrobotics_ros2) by extension 'python'
[0.380s] Level 1:colcon.colcon_core.package_identification:_identify(src/roverrobotics_ros2) by extensions ['python_setup_py']
[0.380s] Level 1:colcon.colcon_core.package_identification:_identify(src/roverrobotics_ros2) by extension 'python_setup_py'
[0.381s] Level 1:colcon.colcon_core.package_identification:_identify(src/roverrobotics_ros2/roverrobotics_description) by extensions ['ignore', 'ignore_ament_install']
[0.381s] Level 1:colcon.colcon_core.package_identification:_identify(src/roverrobotics_ros2/roverrobotics_description) by extension 'ignore'
[0.381s] Level 1:colcon.colcon_core.package_identification:_identify(src/roverrobotics_ros2/roverrobotics_description) by extension 'ignore_ament_install'
[0.381s] Level 1:colcon.colcon_core.package_identification:_identify(src/roverrobotics_ros2/roverrobotics_description) by extensions ['colcon_pkg']
[0.381s] Level 1:colcon.colcon_core.package_identification:_identify(src/roverrobotics_ros2/roverrobotics_description) by extension 'colcon_pkg'
[0.381s] Level 1:colcon.colcon_core.package_identification:_identify(src/roverrobotics_ros2/roverrobotics_description) by extensions ['colcon_meta']
[0.381s] Level 1:colcon.colcon_core.package_identification:_identify(src/roverrobotics_ros2/roverrobotics_description) by extension 'colcon_meta'
[0.381s] Level 1:colcon.colcon_core.package_identification:_identify(src/roverrobotics_ros2/roverrobotics_description) by extensions ['ros']
[0.381s] Level 1:colcon.colcon_core.package_identification:_identify(src/roverrobotics_ros2/roverrobotics_description) by extension 'ros'
[0.382s] DEBUG:colcon.colcon_core.package_identification:Package 'src/roverrobotics_ros2/roverrobotics_description' with type 'ros.ament_cmake' and name 'roverrobotics_description'
[0.382s] Level 1:colcon.colcon_core.package_identification:_identify(src/roverrobotics_ros2/roverrobotics_driver) by extensions ['ignore', 'ignore_ament_install']
[0.382s] Level 1:colcon.colcon_core.package_identification:_identify(src/roverrobotics_ros2/roverrobotics_driver) by extension 'ignore'
[0.382s] Level 1:colcon.colcon_core.package_identification:_identify(src/roverrobotics_ros2/roverrobotics_driver) by extension 'ignore_ament_install'
[0.382s] Level 1:colcon.colcon_core.package_identification:_identify(src/roverrobotics_ros2/roverrobotics_driver) by extensions ['colcon_pkg']
[0.382s] Level 1:colcon.colcon_core.package_identification:_identify(src/roverrobotics_ros2/roverrobotics_driver) by extension 'colcon_pkg'
[0.382s] Level 1:colcon.colcon_core.package_identification:_identify(src/roverrobotics_ros2/roverrobotics_driver) by extensions ['colcon_meta']
[0.382s] Level 1:colcon.colcon_core.package_identification:_identify(src/roverrobotics_ros2/roverrobotics_driver) by extension 'colcon_meta'
[0.382s] Level 1:colcon.colcon_core.package_identification:_identify(src/roverrobotics_ros2/roverrobotics_driver) by extensions ['ros']
[0.382s] Level 1:colcon.colcon_core.package_identification:_identify(src/roverrobotics_ros2/roverrobotics_driver) by extension 'ros'
[0.383s] DEBUG:colcon.colcon_core.package_identification:Package 'src/roverrobotics_ros2/roverrobotics_driver' with type 'ros.ament_cmake' and name 'roverrobotics_driver'
[0.383s] Level 1:colcon.colcon_core.package_identification:_identify(src/roverrobotics_ros2/roverrobotics_gazebo) by extensions ['ignore', 'ignore_ament_install']
[0.384s] Level 1:colcon.colcon_core.package_identification:_identify(src/roverrobotics_ros2/roverrobotics_gazebo) by extension 'ignore'
[0.384s] Level 1:colcon.colcon_core.package_identification:_identify(src/roverrobotics_ros2/roverrobotics_gazebo) by extension 'ignore_ament_install'
[0.384s] Level 1:colcon.colcon_core.package_identification:_identify(src/roverrobotics_ros2/roverrobotics_gazebo) by extensions ['colcon_pkg']
[0.384s] Level 1:colcon.colcon_core.package_identification:_identify(src/roverrobotics_ros2/roverrobotics_gazebo) by extension 'colcon_pkg'
[0.384s] Level 1:colcon.colcon_core.package_identification:_identify(src/roverrobotics_ros2/roverrobotics_gazebo) by extensions ['colcon_meta']
[0.384s] Level 1:colcon.colcon_core.package_identification:_identify(src/roverrobotics_ros2/roverrobotics_gazebo) by extension 'colcon_meta'
[0.384s] Level 1:colcon.colcon_core.package_identification:_identify(src/roverrobotics_ros2/roverrobotics_gazebo) by extensions ['ros']
[0.384s] Level 1:colcon.colcon_core.package_identification:_identify(src/roverrobotics_ros2/roverrobotics_gazebo) by extension 'ros'
[0.384s] DEBUG:colcon.colcon_core.package_identification:Package 'src/roverrobotics_ros2/roverrobotics_gazebo' with type 'ros.ament_cmake' and name 'roverrobotics_gazebo'
[0.385s] Level 1:colcon.colcon_core.package_identification:_identify(src/roverrobotics_ros2/roverrobotics_input_manager) by extensions ['ignore', 'ignore_ament_install']
[0.385s] Level 1:colcon.colcon_core.package_identification:_identify(src/roverrobotics_ros2/roverrobotics_input_manager) by extension 'ignore'
[0.385s] Level 1:colcon.colcon_core.package_identification:_identify(src/roverrobotics_ros2/roverrobotics_input_manager) by extension 'ignore_ament_install'
[0.385s] Level 1:colcon.colcon_core.package_identification:_identify(src/roverrobotics_ros2/roverrobotics_input_manager) by extensions ['colcon_pkg']
[0.385s] Level 1:colcon.colcon_core.package_identification:_identify(src/roverrobotics_ros2/roverrobotics_input_manager) by extension 'colcon_pkg'
[0.385s] Level 1:colcon.colcon_core.package_identification:_identify(src/roverrobotics_ros2/roverrobotics_input_manager) by extensions ['colcon_meta']
[0.385s] Level 1:colcon.colcon_core.package_identification:_identify(src/roverrobotics_ros2/roverrobotics_input_manager) by extension 'colcon_meta'
[0.385s] Level 1:colcon.colcon_core.package_identification:_identify(src/roverrobotics_ros2/roverrobotics_input_manager) by extensions ['ros']
[0.385s] Level 1:colcon.colcon_core.package_identification:_identify(src/roverrobotics_ros2/roverrobotics_input_manager) by extension 'ros'
[0.386s] DEBUG:colcon.colcon_core.package_identification:Package 'src/roverrobotics_ros2/roverrobotics_input_manager' with type 'ros.ament_cmake' and name 'roverrobotics_input_manager'
[0.386s] Level 1:colcon.colcon_core.package_discovery:discover_packages(recursive) using defaults
[0.386s] Level 1:colcon.colcon_core.package_discovery:discover_packages(ignore) discover
[0.386s] Level 1:colcon.colcon_core.package_discovery:discover_packages(ignore) using defaults
[0.386s] Level 1:colcon.colcon_core.package_discovery:discover_packages(path) discover
[0.386s] Level 1:colcon.colcon_core.package_discovery:discover_packages(path) using defaults
[0.409s] Level 1:colcon.colcon_core.package_discovery:discover_packages(prefix_path) check parameters
[0.409s] Level 1:colcon.colcon_core.package_discovery:discover_packages(prefix_path) discover
[0.412s] DEBUG:colcon.colcon_installed_package_information.package_discovery:Found 277 installed packages in /opt/ros/humble
[0.422s] Level 1:colcon.colcon_core.package_discovery:discover_packages(prefix_path) using defaults
[0.451s] Level 5:colcon.colcon_core.verb:set package 'my_bot' build argument 'cmake_args' from command line to 'None'
[0.451s] Level 5:colcon.colcon_core.verb:set package 'my_bot' build argument 'cmake_target' from command line to 'None'
[0.451s] Level 5:colcon.colcon_core.verb:set package 'my_bot' build argument 'cmake_target_skip_unavailable' from command line to 'False'
[0.451s] Level 5:colcon.colcon_core.verb:set package 'my_bot' build argument 'cmake_clean_cache' from command line to 'False'
[0.451s] Level 5:colcon.colcon_core.verb:set package 'my_bot' build argument 'cmake_clean_first' from command line to 'False'
[0.451s] Level 5:colcon.colcon_core.verb:set package 'my_bot' build argument 'cmake_force_configure' from command line to 'False'
[0.451s] Level 5:colcon.colcon_core.verb:set package 'my_bot' build argument 'ament_cmake_args' from command line to 'None'
[0.451s] Level 5:colcon.colcon_core.verb:set package 'my_bot' build argument 'catkin_cmake_args' from command line to 'None'
[0.451s] Level 5:colcon.colcon_core.verb:set package 'my_bot' build argument 'catkin_skip_building_tests' from command line to 'False'
[0.451s] DEBUG:colcon.colcon_core.verb:Building package 'my_bot' with the following arguments: {'ament_cmake_args': None, 'build_base': '/home/andrew/CompanionBot2/NavigationSoftware/ros2_ws/build/my_bot', 'catkin_cmake_args': None, 'catkin_skip_building_tests': False, 'cmake_args': None, 'cmake_clean_cache': False, 'cmake_clean_first': False, 'cmake_force_configure': False, 'cmake_target': None, 'cmake_target_skip_unavailable': False, 'install_base': '/home/andrew/CompanionBot2/NavigationSoftware/ros2_ws/install/my_bot', 'merge_install': False, 'path': '/home/andrew/CompanionBot2/NavigationSoftware/ros2_ws/src/my_bot', 'symlink_install': True, 'test_result_base': None}
[0.451s] Level 5:colcon.colcon_core.verb:set package 'roverrobotics_description' build argument 'cmake_args' from command line to 'None'
[0.451s] Level 5:colcon.colcon_core.verb:set package 'roverrobotics_description' build argument 'cmake_target' from command line to 'None'
[0.451s] Level 5:colcon.colcon_core.verb:set package 'roverrobotics_description' build argument 'cmake_target_skip_unavailable' from command line to 'False'
[0.451s] Level 5:colcon.colcon_core.verb:set package 'roverrobotics_description' build argument 'cmake_clean_cache' from command line to 'False'
[0.451s] Level 5:colcon.colcon_core.verb:set package 'roverrobotics_description' build argument 'cmake_clean_first' from command line to 'False'
[0.451s] Level 5:colcon.colcon_core.verb:set package 'roverrobotics_description' build argument 'cmake_force_configure' from command line to 'False'
[0.451s] Level 5:colcon.colcon_core.verb:set package 'roverrobotics_description' build argument 'ament_cmake_args' from command line to 'None'
[0.451s] Level 5:colcon.colcon_core.verb:set package 'roverrobotics_description' build argument 'catkin_cmake_args' from command line to 'None'
[0.451s] Level 5:colcon.colcon_core.verb:set package 'roverrobotics_description' build argument 'catkin_skip_building_tests' from command line to 'False'
[0.451s] DEBUG:colcon.colcon_core.verb:Building package 'roverrobotics_description' with the following arguments: {'ament_cmake_args': None, 'build_base': '/home/andrew/CompanionBot2/NavigationSoftware/ros2_ws/build/roverrobotics_description', 'catkin_cmake_args': None, 'catkin_skip_building_tests': False, 'cmake_args': None, 'cmake_clean_cache': False, 'cmake_clean_first': False, 'cmake_force_configure': False, 'cmake_target': None, 'cmake_target_skip_unavailable': False, 'install_base': '/home/andrew/CompanionBot2/NavigationSoftware/ros2_ws/install/roverrobotics_description', 'merge_install': False, 'path': '/home/andrew/CompanionBot2/NavigationSoftware/ros2_ws/src/roverrobotics_ros2/roverrobotics_description', 'symlink_install': True, 'test_result_base': None}
[0.452s] Level 5:colcon.colcon_core.verb:set package 'roverrobotics_driver' build argument 'cmake_args' from command line to 'None'
[0.452s] Level 5:colcon.colcon_core.verb:set package 'roverrobotics_driver' build argument 'cmake_target' from command line to 'None'
[0.452s] Level 5:colcon.colcon_core.verb:set package 'roverrobotics_driver' build argument 'cmake_target_skip_unavailable' from command line to 'False'
[0.452s] Level 5:colcon.colcon_core.verb:set package 'roverrobotics_driver' build argument 'cmake_clean_cache' from command line to 'False'
[0.452s] Level 5:colcon.colcon_core.verb:set package 'roverrobotics_driver' build argument 'cmake_clean_first' from command line to 'False'
[0.452s] Level 5:colcon.colcon_core.verb:set package 'roverrobotics_driver' build argument 'cmake_force_configure' from command line to 'False'
[0.452s] Level 5:colcon.colcon_core.verb:set package 'roverrobotics_driver' build argument 'ament_cmake_args' from command line to 'None'
[0.452s] Level 5:colcon.colcon_core.verb:set package 'roverrobotics_driver' build argument 'catkin_cmake_args' from command line to 'None'
[0.452s] Level 5:colcon.colcon_core.verb:set package 'roverrobotics_driver' build argument 'catkin_skip_building_tests' from command line to 'False'
[0.452s] DEBUG:colcon.colcon_core.verb:Building package 'roverrobotics_driver' with the following arguments: {'ament_cmake_args': None, 'build_base': '/home/andrew/CompanionBot2/NavigationSoftware/ros2_ws/build/roverrobotics_driver', 'catkin_cmake_args': None, 'catkin_skip_building_tests': False, 'cmake_args': None, 'cmake_clean_cache': False, 'cmake_clean_first': False, 'cmake_force_configure': False, 'cmake_target': None, 'cmake_target_skip_unavailable': False, 'install_base': '/home/andrew/CompanionBot2/NavigationSoftware/ros2_ws/install/roverrobotics_driver', 'merge_install': False, 'path': '/home/andrew/CompanionBot2/NavigationSoftware/ros2_ws/src/roverrobotics_ros2/roverrobotics_driver', 'symlink_install': True, 'test_result_base': None}
[0.452s] Level 5:colcon.colcon_core.verb:set package 'roverrobotics_input_manager' build argument 'cmake_args' from command line to 'None'
[0.452s] Level 5:colcon.colcon_core.verb:set package 'roverrobotics_input_manager' build argument 'cmake_target' from command line to 'None'
[0.452s] Level 5:colcon.colcon_core.verb:set package 'roverrobotics_input_manager' build argument 'cmake_target_skip_unavailable' from command line to 'False'
[0.452s] Level 5:colcon.colcon_core.verb:set package 'roverrobotics_input_manager' build argument 'cmake_clean_cache' from command line to 'False'
[0.452s] Level 5:colcon.colcon_core.verb:set package 'roverrobotics_input_manager' build argument 'cmake_clean_first' from command line to 'False'
[0.452s] Level 5:colcon.colcon_core.verb:set package 'roverrobotics_input_manager' build argument 'cmake_force_configure' from command line to 'False'
[0.452s] Level 5:colcon.colcon_core.verb:set package 'roverrobotics_input_manager' build argument 'ament_cmake_args' from command line to 'None'
[0.452s] Level 5:colcon.colcon_core.verb:set package 'roverrobotics_input_manager' build argument 'catkin_cmake_args' from command line to 'None'
[0.452s] Level 5:colcon.colcon_core.verb:set package 'roverrobotics_input_manager' build argument 'catkin_skip_building_tests' from command line to 'False'
[0.453s] DEBUG:colcon.colcon_core.verb:Building package 'roverrobotics_input_manager' with the following arguments: {'ament_cmake_args': None, 'build_base': '/home/andrew/CompanionBot2/NavigationSoftware/ros2_ws/build/roverrobotics_input_manager', 'catkin_cmake_args': None, 'catkin_skip_building_tests': False, 'cmake_args': None, 'cmake_clean_cache': False, 'cmake_clean_first': False, 'cmake_force_configure': False, 'cmake_target': None, 'cmake_target_skip_unavailable': False, 'install_base': '/home/andrew/CompanionBot2/NavigationSoftware/ros2_ws/install/roverrobotics_input_manager', 'merge_install': False, 'path': '/home/andrew/CompanionBot2/NavigationSoftware/ros2_ws/src/roverrobotics_ros2/roverrobotics_input_manager', 'symlink_install': True, 'test_result_base': None}
[0.453s] Level 5:colcon.colcon_core.verb:set package 'roverrobotics_gazebo' build argument 'cmake_args' from command line to 'None'
[0.453s] Level 5:colcon.colcon_core.verb:set package 'roverrobotics_gazebo' build argument 'cmake_target' from command line to 'None'
[0.453s] Level 5:colcon.colcon_core.verb:set package 'roverrobotics_gazebo' build argument 'cmake_target_skip_unavailable' from command line to 'False'
[0.453s] Level 5:colcon.colcon_core.verb:set package 'roverrobotics_gazebo' build argument 'cmake_clean_cache' from command line to 'False'
[0.453s] Level 5:colcon.colcon_core.verb:set package 'roverrobotics_gazebo' build argument 'cmake_clean_first' from command line to 'False'
[0.453s] Level 5:colcon.colcon_core.verb:set package 'roverrobotics_gazebo' build argument 'cmake_force_configure' from command line to 'False'
[0.453s] Level 5:colcon.colcon_core.verb:set package 'roverrobotics_gazebo' build argument 'ament_cmake_args' from command line to 'None'
[0.453s] Level 5:colcon.colcon_core.verb:set package 'roverrobotics_gazebo' build argument 'catkin_cmake_args' from command line to 'None'
[0.453s] Level 5:colcon.colcon_core.verb:set package 'roverrobotics_gazebo' build argument 'catkin_skip_building_tests' from command line to 'False'
[0.453s] DEBUG:colcon.colcon_core.verb:Building package 'roverrobotics_gazebo' with the following arguments: {'ament_cmake_args': None, 'build_base': '/home/andrew/CompanionBot2/NavigationSoftware/ros2_ws/build/roverrobotics_gazebo', 'catkin_cmake_args': None, 'catkin_skip_building_tests': False, 'cmake_args': None, 'cmake_clean_cache': False, 'cmake_clean_first': False, 'cmake_force_configure': False, 'cmake_target': None, 'cmake_target_skip_unavailable': False, 'install_base': '/home/andrew/CompanionBot2/NavigationSoftware/ros2_ws/install/roverrobotics_gazebo', 'merge_install': False, 'path': '/home/andrew/CompanionBot2/NavigationSoftware/ros2_ws/src/roverrobotics_ros2/roverrobotics_gazebo', 'symlink_install': True, 'test_result_base': None}
[0.453s] INFO:colcon.colcon_core.executor:Executing jobs using 'parallel' executor
[0.454s] DEBUG:colcon.colcon_parallel_executor.executor.parallel:run_until_complete
[0.455s] INFO:colcon.colcon_ros.task.ament_cmake.build:Building ROS package in '/home/andrew/CompanionBot2/NavigationSoftware/ros2_ws/src/roverrobotics_ros2/roverrobotics_description' with build type 'ament_cmake'
[0.455s] INFO:colcon.colcon_cmake.task.cmake.build:Building CMake package in '/home/andrew/CompanionBot2/NavigationSoftware/ros2_ws/src/roverrobotics_ros2/roverrobotics_description'
[0.460s] INFO:colcon.colcon_core.plugin_system:Skipping extension 'colcon_core.shell.bat': Not used on non-Windows systems
[0.460s] INFO:colcon.colcon_core.shell:Skip shell extension 'powershell' for command environment: Not usable outside of PowerShell
[0.460s] DEBUG:colcon.colcon_core.shell:Skip shell extension 'dsv' for command environment
[0.464s] INFO:colcon.colcon_ros.task.ament_cmake.build:Building ROS package in '/home/andrew/CompanionBot2/NavigationSoftware/ros2_ws/src/my_bot' with build type 'ament_cmake'
[0.464s] INFO:colcon.colcon_cmake.task.cmake.build:Building CMake package in '/home/andrew/CompanionBot2/NavigationSoftware/ros2_ws/src/my_bot'
[0.464s] INFO:colcon.colcon_core.shell:Skip shell extension 'powershell' for command environment: Not usable outside of PowerShell
[0.464s] DEBUG:colcon.colcon_core.shell:Skip shell extension 'dsv' for command environment
[0.467s] INFO:colcon.colcon_ros.task.ament_cmake.build:Building ROS package in '/home/andrew/CompanionBot2/NavigationSoftware/ros2_ws/src/roverrobotics_ros2/roverrobotics_driver' with build type 'ament_cmake'
[0.467s] INFO:colcon.colcon_cmake.task.cmake.build:Building CMake package in '/home/andrew/CompanionBot2/NavigationSoftware/ros2_ws/src/roverrobotics_ros2/roverrobotics_driver'
[0.467s] INFO:colcon.colcon_core.shell:Skip shell extension 'powershell' for command environment: Not usable outside of PowerShell
[0.467s] DEBUG:colcon.colcon_core.shell:Skip shell extension 'dsv' for command environment
[0.469s] INFO:colcon.colcon_ros.task.ament_cmake.build:Building ROS package in '/home/andrew/CompanionBot2/NavigationSoftware/ros2_ws/src/roverrobotics_ros2/roverrobotics_input_manager' with build type 'ament_cmake'
[0.469s] INFO:colcon.colcon_cmake.task.cmake.build:Building CMake package in '/home/andrew/CompanionBot2/NavigationSoftware/ros2_ws/src/roverrobotics_ros2/roverrobotics_input_manager'
[0.469s] INFO:colcon.colcon_core.shell:Skip shell extension 'powershell' for command environment: Not usable outside of PowerShell
[0.470s] DEBUG:colcon.colcon_core.shell:Skip shell extension 'dsv' for command environment
[0.477s] DEBUG:colcon.colcon_core.event_handler.log_command:Invoking command in '/home/andrew/CompanionBot2/NavigationSoftware/ros2_ws/build/roverrobotics_description': CMAKE_PREFIX_PATH=/opt/ros/humble /usr/bin/cmake --build /home/andrew/CompanionBot2/NavigationSoftware/ros2_ws/build/roverrobotics_description -- -j16 -l16
[0.480s] DEBUG:colcon.colcon_core.event_handler.log_command:Invoking command in '/home/andrew/CompanionBot2/NavigationSoftware/ros2_ws/build/my_bot': CMAKE_PREFIX_PATH=/opt/ros/humble /usr/bin/cmake --build /home/andrew/CompanionBot2/NavigationSoftware/ros2_ws/build/my_bot -- -j16 -l16
[0.485s] DEBUG:colcon.colcon_core.event_handler.log_command:Invoking command in '/home/andrew/CompanionBot2/NavigationSoftware/ros2_ws/build/roverrobotics_driver': CMAKE_PREFIX_PATH=/opt/ros/humble /usr/bin/cmake --build /home/andrew/CompanionBot2/NavigationSoftware/ros2_ws/build/roverrobotics_driver -- -j16 -l16
[0.488s] DEBUG:colcon.colcon_core.event_handler.log_command:Invoking command in '/home/andrew/CompanionBot2/NavigationSoftware/ros2_ws/build/roverrobotics_input_manager': CMAKE_PREFIX_PATH=/opt/ros/humble /usr/bin/cmake --build /home/andrew/CompanionBot2/NavigationSoftware/ros2_ws/build/roverrobotics_input_manager -- -j16 -l16
[0.537s] DEBUG:colcon.colcon_core.event_handler.log_command:Invoked command in '/home/andrew/CompanionBot2/NavigationSoftware/ros2_ws/build/roverrobotics_description' returned '0': CMAKE_PREFIX_PATH=/opt/ros/humble /usr/bin/cmake --build /home/andrew/CompanionBot2/NavigationSoftware/ros2_ws/build/roverrobotics_description -- -j16 -l16
[0.547s] DEBUG:colcon.colcon_core.event_handler.log_command:Invoking command in '/home/andrew/CompanionBot2/NavigationSoftware/ros2_ws/build/roverrobotics_description': CMAKE_PREFIX_PATH=/opt/ros/humble /usr/bin/cmake --install /home/andrew/CompanionBot2/NavigationSoftware/ros2_ws/build/roverrobotics_description
[0.548s] DEBUG:colcon.colcon_core.event_handler.log_command:Invoked command in '/home/andrew/CompanionBot2/NavigationSoftware/ros2_ws/build/my_bot' returned '0': CMAKE_PREFIX_PATH=/opt/ros/humble /usr/bin/cmake --build /home/andrew/CompanionBot2/NavigationSoftware/ros2_ws/build/my_bot -- -j16 -l16
[0.550s] DEBUG:colcon.colcon_core.event_handler.log_command:Invoking command in '/home/andrew/CompanionBot2/NavigationSoftware/ros2_ws/build/my_bot': CMAKE_PREFIX_PATH=/opt/ros/humble /usr/bin/cmake --install /home/andrew/CompanionBot2/NavigationSoftware/ros2_ws/build/my_bot
[0.550s] DEBUG:colcon.colcon_core.event_handler.log_command:Invoked command in '/home/andrew/CompanionBot2/NavigationSoftware/ros2_ws/build/roverrobotics_input_manager' returned '0': CMAKE_PREFIX_PATH=/opt/ros/humble /usr/bin/cmake --build /home/andrew/CompanionBot2/NavigationSoftware/ros2_ws/build/roverrobotics_input_manager -- -j16 -l16
[0.553s] DEBUG:colcon.colcon_core.event_handler.log_command:Invoking command in '/home/andrew/CompanionBot2/NavigationSoftware/ros2_ws/build/roverrobotics_input_manager': CMAKE_PREFIX_PATH=/opt/ros/humble /usr/bin/cmake --install /home/andrew/CompanionBot2/NavigationSoftware/ros2_ws/build/roverrobotics_input_manager
[0.575s] Level 1:colcon.colcon_core.environment:create_environment_scripts_only(my_bot)
[0.576s] DEBUG:colcon.colcon_core.event_handler.log_command:Invoked command in '/home/andrew/CompanionBot2/NavigationSoftware/ros2_ws/build/my_bot' returned '0': CMAKE_PREFIX_PATH=/opt/ros/humble /usr/bin/cmake --install /home/andrew/CompanionBot2/NavigationSoftware/ros2_ws/build/my_bot
[0.584s] Level 1:colcon.colcon_core.environment:checking '/home/andrew/CompanionBot2/NavigationSoftware/ros2_ws/install/my_bot' for CMake module files
[0.584s] Level 1:colcon.colcon_core.environment:checking '/home/andrew/CompanionBot2/NavigationSoftware/ros2_ws/install/my_bot' for CMake config files
[0.585s] Level 1:colcon.colcon_core.shell:create_environment_hook('my_bot', 'cmake_prefix_path')
[0.585s] INFO:colcon.colcon_core.shell:Creating environment hook '/home/andrew/CompanionBot2/NavigationSoftware/ros2_ws/install/my_bot/share/my_bot/hook/cmake_prefix_path.ps1'
[0.586s] INFO:colcon.colcon_core.shell:Creating environment descriptor '/home/andrew/CompanionBot2/NavigationSoftware/ros2_ws/install/my_bot/share/my_bot/hook/cmake_prefix_path.dsv'
[0.587s] INFO:colcon.colcon_core.shell:Creating environment hook '/home/andrew/CompanionBot2/NavigationSoftware/ros2_ws/install/my_bot/share/my_bot/hook/cmake_prefix_path.sh'
[0.589s] Level 1:colcon.colcon_core.environment:checking '/home/andrew/CompanionBot2/NavigationSoftware/ros2_ws/install/my_bot/bin'
[0.589s] Level 1:colcon.colcon_core.environment:checking '/home/andrew/CompanionBot2/NavigationSoftware/ros2_ws/install/my_bot/lib/pkgconfig/my_bot.pc'
[0.589s] Level 1:colcon.colcon_core.environment:checking '/home/andrew/CompanionBot2/NavigationSoftware/ros2_ws/install/my_bot/lib/python3.10/site-packages'
[0.590s] Level 1:colcon.colcon_core.environment:checking '/home/andrew/CompanionBot2/NavigationSoftware/ros2_ws/install/my_bot/bin'
[0.590s] INFO:colcon.colcon_core.shell:Creating package script '/home/andrew/CompanionBot2/NavigationSoftware/ros2_ws/install/my_bot/share/my_bot/package.ps1'
[0.592s] INFO:colcon.colcon_core.shell:Creating package descriptor '/home/andrew/CompanionBot2/NavigationSoftware/ros2_ws/install/my_bot/share/my_bot/package.dsv'
[0.592s] INFO:colcon.colcon_core.shell:Creating package script '/home/andrew/CompanionBot2/NavigationSoftware/ros2_ws/install/my_bot/share/my_bot/package.sh'
[0.593s] INFO:colcon.colcon_core.shell:Creating package script '/home/andrew/CompanionBot2/NavigationSoftware/ros2_ws/install/my_bot/share/my_bot/package.bash'
[0.594s] INFO:colcon.colcon_core.shell:Creating package script '/home/andrew/CompanionBot2/NavigationSoftware/ros2_ws/install/my_bot/share/my_bot/package.zsh'
[0.595s] Level 1:colcon.colcon_core.environment:create_file_with_runtime_dependencies(/home/andrew/CompanionBot2/NavigationSoftware/ros2_ws/install/my_bot/share/colcon-core/packages/my_bot)
[0.596s] Level 1:colcon.colcon_core.environment:create_environment_scripts_only(my_bot)
[0.596s] Level 1:colcon.colcon_core.environment:checking '/home/andrew/CompanionBot2/NavigationSoftware/ros2_ws/install/my_bot' for CMake module files
[0.596s] Level 1:colcon.colcon_core.environment:checking '/home/andrew/CompanionBot2/NavigationSoftware/ros2_ws/install/my_bot' for CMake config files
[0.597s] Level 1:colcon.colcon_core.shell:create_environment_hook('my_bot', 'cmake_prefix_path')
[0.597s] INFO:colcon.colcon_core.shell:Creating environment hook '/home/andrew/CompanionBot2/NavigationSoftware/ros2_ws/install/my_bot/share/my_bot/hook/cmake_prefix_path.ps1'
[0.597s] INFO:colcon.colcon_core.shell:Creating environment descriptor '/home/andrew/CompanionBot2/NavigationSoftware/ros2_ws/install/my_bot/share/my_bot/hook/cmake_prefix_path.dsv'
[0.597s] INFO:colcon.colcon_core.shell:Creating environment hook '/home/andrew/CompanionBot2/NavigationSoftware/ros2_ws/install/my_bot/share/my_bot/hook/cmake_prefix_path.sh'
[0.598s] Level 1:colcon.colcon_core.environment:checking '/home/andrew/CompanionBot2/NavigationSoftware/ros2_ws/install/my_bot/bin'
[0.598s] Level 1:colcon.colcon_core.environment:checking '/home/andrew/CompanionBot2/NavigationSoftware/ros2_ws/install/my_bot/lib/pkgconfig/my_bot.pc'
[0.598s] Level 1:colcon.colcon_core.environment:checking '/home/andrew/CompanionBot2/NavigationSoftware/ros2_ws/install/my_bot/lib/python3.10/site-packages'
[0.598s] Level 1:colcon.colcon_core.environment:checking '/home/andrew/CompanionBot2/NavigationSoftware/ros2_ws/install/my_bot/bin'
[0.599s] INFO:colcon.colcon_core.shell:Creating package script '/home/andrew/CompanionBot2/NavigationSoftware/ros2_ws/install/my_bot/share/my_bot/package.ps1'
[0.599s] INFO:colcon.colcon_core.shell:Creating package descriptor '/home/andrew/CompanionBot2/NavigationSoftware/ros2_ws/install/my_bot/share/my_bot/package.dsv'
[0.600s] INFO:colcon.colcon_core.shell:Creating package script '/home/andrew/CompanionBot2/NavigationSoftware/ros2_ws/install/my_bot/share/my_bot/package.sh'
[0.600s] INFO:colcon.colcon_core.shell:Creating package script '/home/andrew/CompanionBot2/NavigationSoftware/ros2_ws/install/my_bot/share/my_bot/package.bash'
[0.600s] INFO:colcon.colcon_core.shell:Creating package script '/home/andrew/CompanionBot2/NavigationSoftware/ros2_ws/install/my_bot/share/my_bot/package.zsh'
[0.601s] Level 1:colcon.colcon_core.environment:create_file_with_runtime_dependencies(/home/andrew/CompanionBot2/NavigationSoftware/ros2_ws/install/my_bot/share/colcon-core/packages/my_bot)
[0.602s] Level 1:colcon.colcon_core.environment:create_environment_scripts_only(roverrobotics_input_manager)
[0.603s] Level 1:colcon.colcon_core.environment:checking '/home/andrew/CompanionBot2/NavigationSoftware/ros2_ws/install/roverrobotics_input_manager' for CMake module files
[0.603s] DEBUG:colcon.colcon_core.event_handler.log_command:Invoked command in '/home/andrew/CompanionBot2/NavigationSoftware/ros2_ws/build/roverrobotics_input_manager' returned '0': CMAKE_PREFIX_PATH=/opt/ros/humble /usr/bin/cmake --install /home/andrew/CompanionBot2/NavigationSoftware/ros2_ws/build/roverrobotics_input_manager
[0.604s] Level 1:colcon.colcon_core.environment:checking '/home/andrew/CompanionBot2/NavigationSoftware/ros2_ws/install/roverrobotics_input_manager' for CMake config files
[0.604s] Level 1:colcon.colcon_core.shell:create_environment_hook('roverrobotics_input_manager', 'cmake_prefix_path')
[0.604s] INFO:colcon.colcon_core.shell:Creating environment hook '/home/andrew/CompanionBot2/NavigationSoftware/ros2_ws/install/roverrobotics_input_manager/share/roverrobotics_input_manager/hook/cmake_prefix_path.ps1'
[0.605s] INFO:colcon.colcon_core.shell:Creating environment descriptor '/home/andrew/CompanionBot2/NavigationSoftware/ros2_ws/install/roverrobotics_input_manager/share/roverrobotics_input_manager/hook/cmake_prefix_path.dsv'
[0.605s] INFO:colcon.colcon_core.shell:Creating environment hook '/home/andrew/CompanionBot2/NavigationSoftware/ros2_ws/install/roverrobotics_input_manager/share/roverrobotics_input_manager/hook/cmake_prefix_path.sh'
[0.605s] Level 1:colcon.colcon_core.environment:checking '/home/andrew/CompanionBot2/NavigationSoftware/ros2_ws/install/roverrobotics_input_manager/lib'
[0.606s] Level 1:colcon.colcon_core.environment:checking '/home/andrew/CompanionBot2/NavigationSoftware/ros2_ws/install/roverrobotics_input_manager/bin'
[0.606s] Level 1:colcon.colcon_core.environment:checking '/home/andrew/CompanionBot2/NavigationSoftware/ros2_ws/install/roverrobotics_input_manager/lib/pkgconfig/roverrobotics_input_manager.pc'
[0.606s] Level 1:colcon.colcon_core.environment:checking '/home/andrew/CompanionBot2/NavigationSoftware/ros2_ws/install/roverrobotics_input_manager/lib/python3.10/site-packages'
[0.606s] Level 1:colcon.colcon_core.environment:checking '/home/andrew/CompanionBot2/NavigationSoftware/ros2_ws/install/roverrobotics_input_manager/bin'
[0.606s] INFO:colcon.colcon_core.shell:Creating package script '/home/andrew/CompanionBot2/NavigationSoftware/ros2_ws/install/roverrobotics_input_manager/share/roverrobotics_input_manager/package.ps1'
[0.607s] INFO:colcon.colcon_core.shell:Creating package descriptor '/home/andrew/CompanionBot2/NavigationSoftware/ros2_ws/install/roverrobotics_input_manager/share/roverrobotics_input_manager/package.dsv'
[0.607s] INFO:colcon.colcon_core.shell:Creating package script '/home/andrew/CompanionBot2/NavigationSoftware/ros2_ws/install/roverrobotics_input_manager/share/roverrobotics_input_manager/package.sh'
[0.607s] INFO:colcon.colcon_core.shell:Creating package script '/home/andrew/CompanionBot2/NavigationSoftware/ros2_ws/install/roverrobotics_input_manager/share/roverrobotics_input_manager/package.bash'
[0.608s] INFO:colcon.colcon_core.shell:Creating package script '/home/andrew/CompanionBot2/NavigationSoftware/ros2_ws/install/roverrobotics_input_manager/share/roverrobotics_input_manager/package.zsh'
[0.608s] Level 1:colcon.colcon_core.environment:create_file_with_runtime_dependencies(/home/andrew/CompanionBot2/NavigationSoftware/ros2_ws/install/roverrobotics_input_manager/share/colcon-core/packages/roverrobotics_input_manager)
[0.609s] Level 1:colcon.colcon_core.environment:create_environment_scripts_only(roverrobotics_input_manager)
[0.609s] Level 1:colcon.colcon_core.environment:checking '/home/andrew/CompanionBot2/NavigationSoftware/ros2_ws/install/roverrobotics_input_manager' for CMake module files
[0.609s] Level 1:colcon.colcon_core.environment:checking '/home/andrew/CompanionBot2/NavigationSoftware/ros2_ws/install/roverrobotics_input_manager' for CMake config files
[0.610s] Level 1:colcon.colcon_core.shell:create_environment_hook('roverrobotics_input_manager', 'cmake_prefix_path')
[0.610s] INFO:colcon.colcon_core.shell:Creating environment hook '/home/andrew/CompanionBot2/NavigationSoftware/ros2_ws/install/roverrobotics_input_manager/share/roverrobotics_input_manager/hook/cmake_prefix_path.ps1'
[0.610s] INFO:colcon.colcon_core.shell:Creating environment descriptor '/home/andrew/CompanionBot2/NavigationSoftware/ros2_ws/install/roverrobotics_input_manager/share/roverrobotics_input_manager/hook/cmake_prefix_path.dsv'
[0.611s] INFO:colcon.colcon_core.shell:Creating environment hook '/home/andrew/CompanionBot2/NavigationSoftware/ros2_ws/install/roverrobotics_input_manager/share/roverrobotics_input_manager/hook/cmake_prefix_path.sh'
[0.611s] Level 1:colcon.colcon_core.environment:checking '/home/andrew/CompanionBot2/NavigationSoftware/ros2_ws/install/roverrobotics_input_manager/lib'
[0.611s] Level 1:colcon.colcon_core.environment:checking '/home/andrew/CompanionBot2/NavigationSoftware/ros2_ws/install/roverrobotics_input_manager/bin'
[0.611s] Level 1:colcon.colcon_core.environment:checking '/home/andrew/CompanionBot2/NavigationSoftware/ros2_ws/install/roverrobotics_input_manager/lib/pkgconfig/roverrobotics_input_manager.pc'
[0.611s] Level 1:colcon.colcon_core.environment:checking '/home/andrew/CompanionBot2/NavigationSoftware/ros2_ws/install/roverrobotics_input_manager/lib/python3.10/site-packages'
[0.612s] Level 1:colcon.colcon_core.environment:checking '/home/andrew/CompanionBot2/NavigationSoftware/ros2_ws/install/roverrobotics_input_manager/bin'
[0.612s] INFO:colcon.colcon_core.shell:Creating package script '/home/andrew/CompanionBot2/NavigationSoftware/ros2_ws/install/roverrobotics_input_manager/share/roverrobotics_input_manager/package.ps1'
[0.613s] INFO:colcon.colcon_core.shell:Creating package descriptor '/home/andrew/CompanionBot2/NavigationSoftware/ros2_ws/install/roverrobotics_input_manager/share/roverrobotics_input_manager/package.dsv'
[0.613s] INFO:colcon.colcon_core.shell:Creating package script '/home/andrew/CompanionBot2/NavigationSoftware/ros2_ws/install/roverrobotics_input_manager/share/roverrobotics_input_manager/package.sh'
[0.613s] INFO:colcon.colcon_core.shell:Creating package script '/home/andrew/CompanionBot2/NavigationSoftware/ros2_ws/install/roverrobotics_input_manager/share/roverrobotics_input_manager/package.bash'
[0.614s] INFO:colcon.colcon_core.shell:Creating package script '/home/andrew/CompanionBot2/NavigationSoftware/ros2_ws/install/roverrobotics_input_manager/share/roverrobotics_input_manager/package.zsh'
[0.615s] Level 1:colcon.colcon_core.environment:create_file_with_runtime_dependencies(/home/andrew/CompanionBot2/NavigationSoftware/ros2_ws/install/roverrobotics_input_manager/share/colcon-core/packages/roverrobotics_input_manager)
[0.615s] Level 1:colcon.colcon_core.environment:create_environment_scripts_only(roverrobotics_description)
[0.615s] Level 1:colcon.colcon_core.environment:checking '/home/andrew/CompanionBot2/NavigationSoftware/ros2_ws/install/roverrobotics_description' for CMake module files
[0.616s] DEBUG:colcon.colcon_core.event_handler.log_command:Invoked command in '/home/andrew/CompanionBot2/NavigationSoftware/ros2_ws/build/roverrobotics_description' returned '0': CMAKE_PREFIX_PATH=/opt/ros/humble /usr/bin/cmake --install /home/andrew/CompanionBot2/NavigationSoftware/ros2_ws/build/roverrobotics_description
[0.617s] Level 1:colcon.colcon_core.environment:checking '/home/andrew/CompanionBot2/NavigationSoftware/ros2_ws/install/roverrobotics_description' for CMake config files
[0.618s] Level 1:colcon.colcon_core.shell:create_environment_hook('roverrobotics_description', 'cmake_prefix_path')
[0.618s] INFO:colcon.colcon_core.shell:Creating environment hook '/home/andrew/CompanionBot2/NavigationSoftware/ros2_ws/install/roverrobotics_description/share/roverrobotics_description/hook/cmake_prefix_path.ps1'
[0.619s] INFO:colcon.colcon_core.shell:Creating environment descriptor '/home/andrew/CompanionBot2/NavigationSoftware/ros2_ws/install/roverrobotics_description/share/roverrobotics_description/hook/cmake_prefix_path.dsv'
[0.619s] INFO:colcon.colcon_core.shell:Creating environment hook '/home/andrew/CompanionBot2/NavigationSoftware/ros2_ws/install/roverrobotics_description/share/roverrobotics_description/hook/cmake_prefix_path.sh'
[0.619s] Level 1:colcon.colcon_core.environment:checking '/home/andrew/CompanionBot2/NavigationSoftware/ros2_ws/install/roverrobotics_description/bin'
[0.620s] Level 1:colcon.colcon_core.environment:checking '/home/andrew/CompanionBot2/NavigationSoftware/ros2_ws/install/roverrobotics_description/lib/pkgconfig/roverrobotics_description.pc'
[0.620s] Level 1:colcon.colcon_core.environment:checking '/home/andrew/CompanionBot2/NavigationSoftware/ros2_ws/install/roverrobotics_description/lib/python3.10/site-packages'
[0.620s] Level 1:colcon.colcon_core.environment:checking '/home/andrew/CompanionBot2/NavigationSoftware/ros2_ws/install/roverrobotics_description/bin'
[0.620s] INFO:colcon.colcon_core.shell:Creating package script '/home/andrew/CompanionBot2/NavigationSoftware/ros2_ws/install/roverrobotics_description/share/roverrobotics_description/package.ps1'
[0.621s] INFO:colcon.colcon_core.shell:Creating package descriptor '/home/andrew/CompanionBot2/NavigationSoftware/ros2_ws/install/roverrobotics_description/share/roverrobotics_description/package.dsv'
[0.621s] INFO:colcon.colcon_core.shell:Creating package script '/home/andrew/CompanionBot2/NavigationSoftware/ros2_ws/install/roverrobotics_description/share/roverrobotics_description/package.sh'
[0.622s] INFO:colcon.colcon_core.shell:Creating package script '/home/andrew/CompanionBot2/NavigationSoftware/ros2_ws/install/roverrobotics_description/share/roverrobotics_description/package.bash'
[0.622s] INFO:colcon.colcon_core.shell:Creating package script '/home/andrew/CompanionBot2/NavigationSoftware/ros2_ws/install/roverrobotics_description/share/roverrobotics_description/package.zsh'
[0.622s] Level 1:colcon.colcon_core.environment:create_file_with_runtime_dependencies(/home/andrew/CompanionBot2/NavigationSoftware/ros2_ws/install/roverrobotics_description/share/colcon-core/packages/roverrobotics_description)
[0.623s] Level 1:colcon.colcon_core.environment:create_environment_scripts_only(roverrobotics_description)
[0.623s] Level 1:colcon.colcon_core.environment:checking '/home/andrew/CompanionBot2/NavigationSoftware/ros2_ws/install/roverrobotics_description' for CMake module files
[0.623s] Level 1:colcon.colcon_core.environment:checking '/home/andrew/CompanionBot2/NavigationSoftware/ros2_ws/install/roverrobotics_description' for CMake config files
[0.624s] Level 1:colcon.colcon_core.shell:create_environment_hook('roverrobotics_description', 'cmake_prefix_path')
[0.624s] INFO:colcon.colcon_core.shell:Creating environment hook '/home/andrew/CompanionBot2/NavigationSoftware/ros2_ws/install/roverrobotics_description/share/roverrobotics_description/hook/cmake_prefix_path.ps1'
[0.624s] INFO:colcon.colcon_core.shell:Creating environment descriptor '/home/andrew/CompanionBot2/NavigationSoftware/ros2_ws/install/roverrobotics_description/share/roverrobotics_description/hook/cmake_prefix_path.dsv'
[0.625s] INFO:colcon.colcon_core.shell:Creating environment hook '/home/andrew/CompanionBot2/NavigationSoftware/ros2_ws/install/roverrobotics_description/share/roverrobotics_description/hook/cmake_prefix_path.sh'
[0.625s] Level 1:colcon.colcon_core.environment:checking '/home/andrew/CompanionBot2/NavigationSoftware/ros2_ws/install/roverrobotics_description/bin'
[0.625s] Level 1:colcon.colcon_core.environment:checking '/home/andrew/CompanionBot2/NavigationSoftware/ros2_ws/install/roverrobotics_description/lib/pkgconfig/roverrobotics_description.pc'
[0.626s] Level 1:colcon.colcon_core.environment:checking '/home/andrew/CompanionBot2/NavigationSoftware/ros2_ws/install/roverrobotics_description/lib/python3.10/site-packages'
[0.626s] Level 1:colcon.colcon_core.environment:checking '/home/andrew/CompanionBot2/NavigationSoftware/ros2_ws/install/roverrobotics_description/bin'
[0.626s] INFO:colcon.colcon_core.shell:Creating package script '/home/andrew/CompanionBot2/NavigationSoftware/ros2_ws/install/roverrobotics_description/share/roverrobotics_description/package.ps1'
[0.627s] INFO:colcon.colcon_core.shell:Creating package descriptor '/home/andrew/CompanionBot2/NavigationSoftware/ros2_ws/install/roverrobotics_description/share/roverrobotics_description/package.dsv'
[0.627s] INFO:colcon.colcon_core.shell:Creating package script '/home/andrew/CompanionBot2/NavigationSoftware/ros2_ws/install/roverrobotics_description/share/roverrobotics_description/package.sh'
[0.628s] INFO:colcon.colcon_core.shell:Creating package script '/home/andrew/CompanionBot2/NavigationSoftware/ros2_ws/install/roverrobotics_description/share/roverrobotics_description/package.bash'
[0.628s] INFO:colcon.colcon_core.shell:Creating package script '/home/andrew/CompanionBot2/NavigationSoftware/ros2_ws/install/roverrobotics_description/share/roverrobotics_description/package.zsh'
[0.628s] Level 1:colcon.colcon_core.environment:create_file_with_runtime_dependencies(/home/andrew/CompanionBot2/NavigationSoftware/ros2_ws/install/roverrobotics_description/share/colcon-core/packages/roverrobotics_description)
[0.629s] INFO:colcon.colcon_ros.task.ament_cmake.build:Building ROS package in '/home/andrew/CompanionBot2/NavigationSoftware/ros2_ws/src/roverrobotics_ros2/roverrobotics_gazebo' with build type 'ament_cmake'
[0.629s] INFO:colcon.colcon_cmake.task.cmake.build:Building CMake package in '/home/andrew/CompanionBot2/NavigationSoftware/ros2_ws/src/roverrobotics_ros2/roverrobotics_gazebo'
[0.630s] INFO:colcon.colcon_core.shell:Skip shell extension 'powershell' for command environment: Not usable outside of PowerShell
[0.630s] DEBUG:colcon.colcon_core.shell:Skip shell extension 'dsv' for command environment
[0.634s] DEBUG:colcon.colcon_core.event_handler.log_command:Invoked command in '/home/andrew/CompanionBot2/NavigationSoftware/ros2_ws/build/roverrobotics_driver' returned '0': CMAKE_PREFIX_PATH=/opt/ros/humble /usr/bin/cmake --build /home/andrew/CompanionBot2/NavigationSoftware/ros2_ws/build/roverrobotics_driver -- -j16 -l16
[0.637s] DEBUG:colcon.colcon_core.event_handler.log_command:Invoking command in '/home/andrew/CompanionBot2/NavigationSoftware/ros2_ws/build/roverrobotics_driver': CMAKE_PREFIX_PATH=/opt/ros/humble /usr/bin/cmake --install /home/andrew/CompanionBot2/NavigationSoftware/ros2_ws/build/roverrobotics_driver
[0.662s] DEBUG:colcon.colcon_core.event_handler.log_command:Invoking command in '/home/andrew/CompanionBot2/NavigationSoftware/ros2_ws/build/roverrobotics_gazebo': AMENT_PREFIX_PATH=/home/andrew/CompanionBot2/NavigationSoftware/ros2_ws/install/roverrobotics_description:${AMENT_PREFIX_PATH} CMAKE_PREFIX_PATH=/home/andrew/CompanionBot2/NavigationSoftware/ros2_ws/install/roverrobotics_description:/opt/ros/humble /usr/bin/cmake --build /home/andrew/CompanionBot2/NavigationSoftware/ros2_ws/build/roverrobotics_gazebo -- -j16 -l16
[0.680s] Level 1:colcon.colcon_core.environment:create_environment_scripts_only(roverrobotics_driver)
[0.680s] Level 1:colcon.colcon_core.environment:checking '/home/andrew/CompanionBot2/NavigationSoftware/ros2_ws/install/roverrobotics_driver' for CMake module files
[0.681s] DEBUG:colcon.colcon_core.event_handler.log_command:Invoked command in '/home/andrew/CompanionBot2/NavigationSoftware/ros2_ws/build/roverrobotics_driver' returned '0': CMAKE_PREFIX_PATH=/opt/ros/humble /usr/bin/cmake --install /home/andrew/CompanionBot2/NavigationSoftware/ros2_ws/build/roverrobotics_driver
[0.681s] Level 1:colcon.colcon_core.environment:checking '/home/andrew/CompanionBot2/NavigationSoftware/ros2_ws/install/roverrobotics_driver' for CMake config files
[0.682s] Level 1:colcon.colcon_core.shell:create_environment_hook('roverrobotics_driver', 'cmake_prefix_path')
[0.682s] INFO:colcon.colcon_core.shell:Creating environment hook '/home/andrew/CompanionBot2/NavigationSoftware/ros2_ws/install/roverrobotics_driver/share/roverrobotics_driver/hook/cmake_prefix_path.ps1'
[0.683s] INFO:colcon.colcon_core.shell:Creating environment descriptor '/home/andrew/CompanionBot2/NavigationSoftware/ros2_ws/install/roverrobotics_driver/share/roverrobotics_driver/hook/cmake_prefix_path.dsv'
[0.683s] INFO:colcon.colcon_core.shell:Creating environment hook '/home/andrew/CompanionBot2/NavigationSoftware/ros2_ws/install/roverrobotics_driver/share/roverrobotics_driver/hook/cmake_prefix_path.sh'
[0.684s] Level 1:colcon.colcon_core.environment:checking '/home/andrew/CompanionBot2/NavigationSoftware/ros2_ws/install/roverrobotics_driver/lib'
[0.684s] Level 1:colcon.colcon_core.environment:checking '/home/andrew/CompanionBot2/NavigationSoftware/ros2_ws/install/roverrobotics_driver/bin'
[0.684s] Level 1:colcon.colcon_core.environment:checking '/home/andrew/CompanionBot2/NavigationSoftware/ros2_ws/install/roverrobotics_driver/lib/pkgconfig/roverrobotics_driver.pc'
[0.684s] Level 1:colcon.colcon_core.environment:checking '/home/andrew/CompanionBot2/NavigationSoftware/ros2_ws/install/roverrobotics_driver/lib/python3.10/site-packages'
[0.684s] Level 1:colcon.colcon_core.environment:checking '/home/andrew/CompanionBot2/NavigationSoftware/ros2_ws/install/roverrobotics_driver/bin'
[0.684s] INFO:colcon.colcon_core.shell:Creating package script '/home/andrew/CompanionBot2/NavigationSoftware/ros2_ws/install/roverrobotics_driver/share/roverrobotics_driver/package.ps1'
[0.685s] INFO:colcon.colcon_core.shell:Creating package descriptor '/home/andrew/CompanionBot2/NavigationSoftware/ros2_ws/install/roverrobotics_driver/share/roverrobotics_driver/package.dsv'
[0.685s] INFO:colcon.colcon_core.shell:Creating package script '/home/andrew/CompanionBot2/NavigationSoftware/ros2_ws/install/roverrobotics_driver/share/roverrobotics_driver/package.sh'
[0.685s] INFO:colcon.colcon_core.shell:Creating package script '/home/andrew/CompanionBot2/NavigationSoftware/ros2_ws/install/roverrobotics_driver/share/roverrobotics_driver/package.bash'
[0.686s] INFO:colcon.colcon_core.shell:Creating package script '/home/andrew/CompanionBot2/NavigationSoftware/ros2_ws/install/roverrobotics_driver/share/roverrobotics_driver/package.zsh'
[0.686s] Level 1:colcon.colcon_core.environment:create_file_with_runtime_dependencies(/home/andrew/CompanionBot2/NavigationSoftware/ros2_ws/install/roverrobotics_driver/share/colcon-core/packages/roverrobotics_driver)
[0.687s] Level 1:colcon.colcon_core.environment:create_environment_scripts_only(roverrobotics_driver)
[0.687s] Level 1:colcon.colcon_core.environment:checking '/home/andrew/CompanionBot2/NavigationSoftware/ros2_ws/install/roverrobotics_driver' for CMake module files
[0.687s] Level 1:colcon.colcon_core.environment:checking '/home/andrew/CompanionBot2/NavigationSoftware/ros2_ws/install/roverrobotics_driver' for CMake config files
[0.688s] Level 1:colcon.colcon_core.shell:create_environment_hook('roverrobotics_driver', 'cmake_prefix_path')
[0.688s] INFO:colcon.colcon_core.shell:Creating environment hook '/home/andrew/CompanionBot2/NavigationSoftware/ros2_ws/install/roverrobotics_driver/share/roverrobotics_driver/hook/cmake_prefix_path.ps1'
[0.688s] INFO:colcon.colcon_core.shell:Creating environment descriptor '/home/andrew/CompanionBot2/NavigationSoftware/ros2_ws/install/roverrobotics_driver/share/roverrobotics_driver/hook/cmake_prefix_path.dsv'
[0.689s] INFO:colcon.colcon_core.shell:Creating environment hook '/home/andrew/CompanionBot2/NavigationSoftware/ros2_ws/install/roverrobotics_driver/share/roverrobotics_driver/hook/cmake_prefix_path.sh'
[0.689s] Level 1:colcon.colcon_core.environment:checking '/home/andrew/CompanionBot2/NavigationSoftware/ros2_ws/install/roverrobotics_driver/lib'
[0.689s] Level 1:colcon.colcon_core.environment:checking '/home/andrew/CompanionBot2/NavigationSoftware/ros2_ws/install/roverrobotics_driver/bin'
[0.689s] Level 1:colcon.colcon_core.environment:checking '/home/andrew/CompanionBot2/NavigationSoftware/ros2_ws/install/roverrobotics_driver/lib/pkgconfig/roverrobotics_driver.pc'
[0.689s] Level 1:colcon.colcon_core.environment:checking '/home/andrew/CompanionBot2/NavigationSoftware/ros2_ws/install/roverrobotics_driver/lib/python3.10/site-packages'
[0.690s] Level 1:colcon.colcon_core.environment:checking '/home/andrew/CompanionBot2/NavigationSoftware/ros2_ws/install/roverrobotics_driver/bin'
[0.690s] INFO:colcon.colcon_core.shell:Creating package script '/home/andrew/CompanionBot2/NavigationSoftware/ros2_ws/install/roverrobotics_driver/share/roverrobotics_driver/package.ps1'
[0.690s] INFO:colcon.colcon_core.shell:Creating package descriptor '/home/andrew/CompanionBot2/NavigationSoftware/ros2_ws/install/roverrobotics_driver/share/roverrobotics_driver/package.dsv'
[0.691s] INFO:colcon.colcon_core.shell:Creating package script '/home/andrew/CompanionBot2/NavigationSoftware/ros2_ws/install/roverrobotics_driver/share/roverrobotics_driver/package.sh'
[0.691s] INFO:colcon.colcon_core.shell:Creating package script '/home/andrew/CompanionBot2/NavigationSoftware/ros2_ws/install/roverrobotics_driver/share/roverrobotics_driver/package.bash'
[0.691s] INFO:colcon.colcon_core.shell:Creating package script '/home/andrew/CompanionBot2/NavigationSoftware/ros2_ws/install/roverrobotics_driver/share/roverrobotics_driver/package.zsh'
[0.692s] Level 1:colcon.colcon_core.environment:create_file_with_runtime_dependencies(/home/andrew/CompanionBot2/NavigationSoftware/ros2_ws/install/roverrobotics_driver/share/colcon-core/packages/roverrobotics_driver)
[0.698s] DEBUG:colcon.colcon_core.event_handler.log_command:Invoked command in '/home/andrew/CompanionBot2/NavigationSoftware/ros2_ws/build/roverrobotics_gazebo' returned '0': AMENT_PREFIX_PATH=/home/andrew/CompanionBot2/NavigationSoftware/ros2_ws/install/roverrobotics_description:${AMENT_PREFIX_PATH} CMAKE_PREFIX_PATH=/home/andrew/CompanionBot2/NavigationSoftware/ros2_ws/install/roverrobotics_description:/opt/ros/humble /usr/bin/cmake --build /home/andrew/CompanionBot2/NavigationSoftware/ros2_ws/build/roverrobotics_gazebo -- -j16 -l16
[0.700s] DEBUG:colcon.colcon_core.event_handler.log_command:Invoking command in '/home/andrew/CompanionBot2/NavigationSoftware/ros2_ws/build/roverrobotics_gazebo': AMENT_PREFIX_PATH=/home/andrew/CompanionBot2/NavigationSoftware/ros2_ws/install/roverrobotics_description:${AMENT_PREFIX_PATH} CMAKE_PREFIX_PATH=/home/andrew/CompanionBot2/NavigationSoftware/ros2_ws/install/roverrobotics_description:/opt/ros/humble /usr/bin/cmake --install /home/andrew/CompanionBot2/NavigationSoftware/ros2_ws/build/roverrobotics_gazebo
[0.729s] Level 1:colcon.colcon_core.environment:create_environment_scripts_only(roverrobotics_gazebo)
[0.729s] Level 1:colcon.colcon_core.environment:checking '/home/andrew/CompanionBot2/NavigationSoftware/ros2_ws/install/roverrobotics_gazebo' for CMake module files
[0.729s] DEBUG:colcon.colcon_core.event_handler.log_command:Invoked command in '/home/andrew/CompanionBot2/NavigationSoftware/ros2_ws/build/roverrobotics_gazebo' returned '0': AMENT_PREFIX_PATH=/home/andrew/CompanionBot2/NavigationSoftware/ros2_ws/install/roverrobotics_description:${AMENT_PREFIX_PATH} CMAKE_PREFIX_PATH=/home/andrew/CompanionBot2/NavigationSoftware/ros2_ws/install/roverrobotics_description:/opt/ros/humble /usr/bin/cmake --install /home/andrew/CompanionBot2/NavigationSoftware/ros2_ws/build/roverrobotics_gazebo
[0.730s] Level 1:colcon.colcon_core.environment:checking '/home/andrew/CompanionBot2/NavigationSoftware/ros2_ws/install/roverrobotics_gazebo' for CMake config files
[0.730s] Level 1:colcon.colcon_core.shell:create_environment_hook('roverrobotics_gazebo', 'cmake_prefix_path')
[0.731s] INFO:colcon.colcon_core.shell:Creating environment hook '/home/andrew/CompanionBot2/NavigationSoftware/ros2_ws/install/roverrobotics_gazebo/share/roverrobotics_gazebo/hook/cmake_prefix_path.ps1'
[0.731s] INFO:colcon.colcon_core.shell:Creating environment descriptor '/home/andrew/CompanionBot2/NavigationSoftware/ros2_ws/install/roverrobotics_gazebo/share/roverrobotics_gazebo/hook/cmake_prefix_path.dsv'
[0.732s] INFO:colcon.colcon_core.shell:Creating environment hook '/home/andrew/CompanionBot2/NavigationSoftware/ros2_ws/install/roverrobotics_gazebo/share/roverrobotics_gazebo/hook/cmake_prefix_path.sh'
[0.732s] Level 1:colcon.colcon_core.environment:checking '/home/andrew/CompanionBot2/NavigationSoftware/ros2_ws/install/roverrobotics_gazebo/bin'
[0.732s] Level 1:colcon.colcon_core.environment:checking '/home/andrew/CompanionBot2/NavigationSoftware/ros2_ws/install/roverrobotics_gazebo/lib/pkgconfig/roverrobotics_gazebo.pc'
[0.732s] Level 1:colcon.colcon_core.environment:checking '/home/andrew/CompanionBot2/NavigationSoftware/ros2_ws/install/roverrobotics_gazebo/lib/python3.10/site-packages'
[0.733s] Level 1:colcon.colcon_core.environment:checking '/home/andrew/CompanionBot2/NavigationSoftware/ros2_ws/install/roverrobotics_gazebo/bin'
[0.733s] INFO:colcon.colcon_core.shell:Creating package script '/home/andrew/CompanionBot2/NavigationSoftware/ros2_ws/install/roverrobotics_gazebo/share/roverrobotics_gazebo/package.ps1'
[0.733s] INFO:colcon.colcon_core.shell:Creating package descriptor '/home/andrew/CompanionBot2/NavigationSoftware/ros2_ws/install/roverrobotics_gazebo/share/roverrobotics_gazebo/package.dsv'
[0.734s] INFO:colcon.colcon_core.shell:Creating package script '/home/andrew/CompanionBot2/NavigationSoftware/ros2_ws/install/roverrobotics_gazebo/share/roverrobotics_gazebo/package.sh'
[0.734s] INFO:colcon.colcon_core.shell:Creating package script '/home/andrew/CompanionBot2/NavigationSoftware/ros2_ws/install/roverrobotics_gazebo/share/roverrobotics_gazebo/package.bash'
[0.734s] INFO:colcon.colcon_core.shell:Creating package script '/home/andrew/CompanionBot2/NavigationSoftware/ros2_ws/install/roverrobotics_gazebo/share/roverrobotics_gazebo/package.zsh'
[0.735s] Level 1:colcon.colcon_core.environment:create_file_with_runtime_dependencies(/home/andrew/CompanionBot2/NavigationSoftware/ros2_ws/install/roverrobotics_gazebo/share/colcon-core/packages/roverrobotics_gazebo)
[0.735s] Level 1:colcon.colcon_core.environment:create_environment_scripts_only(roverrobotics_gazebo)
[0.735s] Level 1:colcon.colcon_core.environment:checking '/home/andrew/CompanionBot2/NavigationSoftware/ros2_ws/install/roverrobotics_gazebo' for CMake module files
[0.736s] Level 1:colcon.colcon_core.environment:checking '/home/andrew/CompanionBot2/NavigationSoftware/ros2_ws/install/roverrobotics_gazebo' for CMake config files
[0.736s] Level 1:colcon.colcon_core.shell:create_environment_hook('roverrobotics_gazebo', 'cmake_prefix_path')
[0.736s] INFO:colcon.colcon_core.shell:Creating environment hook '/home/andrew/CompanionBot2/NavigationSoftware/ros2_ws/install/roverrobotics_gazebo/share/roverrobotics_gazebo/hook/cmake_prefix_path.ps1'
[0.736s] INFO:colcon.colcon_core.shell:Creating environment descriptor '/home/andrew/CompanionBot2/NavigationSoftware/ros2_ws/install/roverrobotics_gazebo/share/roverrobotics_gazebo/hook/cmake_prefix_path.dsv'
[0.737s] INFO:colcon.colcon_core.shell:Creating environment hook '/home/andrew/CompanionBot2/NavigationSoftware/ros2_ws/install/roverrobotics_gazebo/share/roverrobotics_gazebo/hook/cmake_prefix_path.sh'
[0.737s] Level 1:colcon.colcon_core.environment:checking '/home/andrew/CompanionBot2/NavigationSoftware/ros2_ws/install/roverrobotics_gazebo/bin'
[0.737s] Level 1:colcon.colcon_core.environment:checking '/home/andrew/CompanionBot2/NavigationSoftware/ros2_ws/install/roverrobotics_gazebo/lib/pkgconfig/roverrobotics_gazebo.pc'
[0.737s] Level 1:colcon.colcon_core.environment:checking '/home/andrew/CompanionBot2/NavigationSoftware/ros2_ws/install/roverrobotics_gazebo/lib/python3.10/site-packages'
[0.738s] Level 1:colcon.colcon_core.environment:checking '/home/andrew/CompanionBot2/NavigationSoftware/ros2_ws/install/roverrobotics_gazebo/bin'
[0.738s] INFO:colcon.colcon_core.shell:Creating package script '/home/andrew/CompanionBot2/NavigationSoftware/ros2_ws/install/roverrobotics_gazebo/share/roverrobotics_gazebo/package.ps1'
[0.738s] INFO:colcon.colcon_core.shell:Creating package descriptor '/home/andrew/CompanionBot2/NavigationSoftware/ros2_ws/install/roverrobotics_gazebo/share/roverrobotics_gazebo/package.dsv'
[0.739s] INFO:colcon.colcon_core.shell:Creating package script '/home/andrew/CompanionBot2/NavigationSoftware/ros2_ws/install/roverrobotics_gazebo/share/roverrobotics_gazebo/package.sh'
[0.739s] INFO:colcon.colcon_core.shell:Creating package script '/home/andrew/CompanionBot2/NavigationSoftware/ros2_ws/install/roverrobotics_gazebo/share/roverrobotics_gazebo/package.bash'
[0.739s] INFO:colcon.colcon_core.shell:Creating package script '/home/andrew/CompanionBot2/NavigationSoftware/ros2_ws/install/roverrobotics_gazebo/share/roverrobotics_gazebo/package.zsh'
[0.740s] Level 1:colcon.colcon_core.environment:create_file_with_runtime_dependencies(/home/andrew/CompanionBot2/NavigationSoftware/ros2_ws/install/roverrobotics_gazebo/share/colcon-core/packages/roverrobotics_gazebo)
[0.740s] DEBUG:colcon.colcon_parallel_executor.executor.parallel:closing loop
[0.740s] DEBUG:colcon.colcon_parallel_executor.executor.parallel:loop closed
[0.740s] DEBUG:colcon.colcon_parallel_executor.executor.parallel:run_until_complete finished with '0'
[0.741s] DEBUG:colcon.colcon_core.event_reactor:joining thread
[0.768s] INFO:colcon.colcon_core.plugin_system:Skipping extension 'colcon_notification.desktop_notification.notify_send': Could not find 'notify-send'
[0.768s] INFO:colcon.colcon_core.plugin_system:Skipping extension 'colcon_notification.desktop_notification.terminal_notifier': Not used on non-Darwin systems
[0.768s] INFO:colcon.colcon_core.plugin_system:Skipping extension 'colcon_notification.desktop_notification.win32': Not used on non-Windows systems
[0.768s] INFO:colcon.colcon_notification.desktop_notification:Sending desktop notification using 'notify2'
[0.769s] DEBUG:colcon.colcon_notification.desktop_notification.notify2:Failed to initialize notify2: org.freedesktop.DBus.Error.FileNotFound: Failed to connect to socket /run/user/1000/bus: No such file or directory
[0.769s] DEBUG:colcon.colcon_core.event_reactor:joined thread
[0.769s] INFO:colcon.colcon_core.shell:Creating prefix script '/home/andrew/CompanionBot2/NavigationSoftware/ros2_ws/install/local_setup.ps1'
[0.770s] INFO:colcon.colcon_core.shell:Creating prefix util module '/home/andrew/CompanionBot2/NavigationSoftware/ros2_ws/install/_local_setup_util_ps1.py'
[0.771s] INFO:colcon.colcon_core.shell:Creating prefix chain script '/home/andrew/CompanionBot2/NavigationSoftware/ros2_ws/install/setup.ps1'
[0.772s] INFO:colcon.colcon_core.shell:Creating prefix script '/home/andrew/CompanionBot2/NavigationSoftware/ros2_ws/install/local_setup.sh'
[0.773s] INFO:colcon.colcon_core.shell:Creating prefix util module '/home/andrew/CompanionBot2/NavigationSoftware/ros2_ws/install/_local_setup_util_sh.py'
[0.774s] INFO:colcon.colcon_core.shell:Creating prefix chain script '/home/andrew/CompanionBot2/NavigationSoftware/ros2_ws/install/setup.sh'
[0.775s] INFO:colcon.colcon_core.shell:Creating prefix script '/home/andrew/CompanionBot2/NavigationSoftware/ros2_ws/install/local_setup.bash'
[0.775s] INFO:colcon.colcon_core.shell:Creating prefix chain script '/home/andrew/CompanionBot2/NavigationSoftware/ros2_ws/install/setup.bash'
[0.776s] INFO:colcon.colcon_core.shell:Creating prefix script '/home/andrew/CompanionBot2/NavigationSoftware/ros2_ws/install/local_setup.zsh'
[0.777s] INFO:colcon.colcon_core.shell:Creating prefix chain script '/home/andrew/CompanionBot2/NavigationSoftware/ros2_ws/install/setup.zsh'
