[35m[1mConsolidate compiler generated dependencies of target roverrobotics_driver[0m
[100%] Built target roverrobotics_driver
-- Install configuration: ""
-- Execute custom install script
-- Up-to-date symlink: /home/andrew/CompanionBot2/NavigationSoftware/ros2_ws/install/roverrobotics_driver/share/roverrobotics_driver/launch/accessories.launch.py
-- Up-to-date symlink: /home/andrew/CompanionBot2/NavigationSoftware/ros2_ws/install/roverrobotics_driver/share/roverrobotics_driver/launch/max.launch.py
-- Up-to-date symlink: /home/andrew/CompanionBot2/NavigationSoftware/ros2_ws/install/roverrobotics_driver/share/roverrobotics_driver/launch/max_teleop.launch.py
-- Up-to-date symlink: /home/andrew/CompanionBot2/NavigationSoftware/ros2_ws/install/roverrobotics_driver/share/roverrobotics_driver/launch/mega.launch.py
-- Up-to-date symlink: /home/andrew/CompanionBot2/NavigationSoftware/ros2_ws/install/roverrobotics_driver/share/roverrobotics_driver/launch/mega_teleop.launch.py
-- Up-to-date symlink: /home/andrew/CompanionBot2/NavigationSoftware/ros2_ws/install/roverrobotics_driver/share/roverrobotics_driver/launch/mini.launch.py
-- Up-to-date symlink: /home/andrew/CompanionBot2/NavigationSoftware/ros2_ws/install/roverrobotics_driver/share/roverrobotics_driver/launch/mini_2wd.launch.py
-- Up-to-date symlink: /home/andrew/CompanionBot2/NavigationSoftware/ros2_ws/install/roverrobotics_driver/share/roverrobotics_driver/launch/mini_2wd_teleop.launch.py
-- Up-to-date symlink: /home/andrew/CompanionBot2/NavigationSoftware/ros2_ws/install/roverrobotics_driver/share/roverrobotics_driver/launch/mini_teleop.launch.py
-- Up-to-date symlink: /home/andrew/CompanionBot2/NavigationSoftware/ros2_ws/install/roverrobotics_driver/share/roverrobotics_driver/launch/miti.launch.py
-- Up-to-date symlink: /home/andrew/CompanionBot2/NavigationSoftware/ros2_ws/install/roverrobotics_driver/share/roverrobotics_driver/launch/miti_65.launch.py
-- Up-to-date symlink: /home/andrew/CompanionBot2/NavigationSoftware/ros2_ws/install/roverrobotics_driver/share/roverrobotics_driver/launch/miti_65_teleop.launch.py
-- Up-to-date symlink: /home/andrew/CompanionBot2/NavigationSoftware/ros2_ws/install/roverrobotics_driver/share/roverrobotics_driver/launch/miti_teleop.launch.py
-- Up-to-date symlink: /home/andrew/CompanionBot2/NavigationSoftware/ros2_ws/install/roverrobotics_driver/share/roverrobotics_driver/launch/nav2_backend.py
-- Up-to-date symlink: /home/andrew/CompanionBot2/NavigationSoftware/ros2_ws/install/roverrobotics_driver/share/roverrobotics_driver/launch/navigation_launch.py
-- Up-to-date symlink: /home/andrew/CompanionBot2/NavigationSoftware/ros2_ws/install/roverrobotics_driver/share/roverrobotics_driver/launch/outdoor_navigation_launch.py
-- Up-to-date symlink: /home/andrew/CompanionBot2/NavigationSoftware/ros2_ws/install/roverrobotics_driver/share/roverrobotics_driver/launch/pro.launch.py
-- Up-to-date symlink: /home/andrew/CompanionBot2/NavigationSoftware/ros2_ws/install/roverrobotics_driver/share/roverrobotics_driver/launch/pro_teleop.launch.py
-- Up-to-date symlink: /home/andrew/CompanionBot2/NavigationSoftware/ros2_ws/install/roverrobotics_driver/share/roverrobotics_driver/launch/ps4_controller.launch.py
-- Up-to-date symlink: /home/andrew/CompanionBot2/NavigationSoftware/ros2_ws/install/roverrobotics_driver/share/roverrobotics_driver/launch/ps5_controller.launch.py
-- Up-to-date symlink: /home/andrew/CompanionBot2/NavigationSoftware/ros2_ws/install/roverrobotics_driver/share/roverrobotics_driver/launch/robot_localizer.launch.py
-- Up-to-date symlink: /home/andrew/CompanionBot2/NavigationSoftware/ros2_ws/install/roverrobotics_driver/share/roverrobotics_driver/launch/robot_localizer_outdoor.launch.py
-- Up-to-date symlink: /home/andrew/CompanionBot2/NavigationSoftware/ros2_ws/install/roverrobotics_driver/share/roverrobotics_driver/launch/slam_launch.py
-- Up-to-date symlink: /home/andrew/CompanionBot2/NavigationSoftware/ros2_ws/install/roverrobotics_driver/share/roverrobotics_driver/launch/zero.launch.py
-- Up-to-date symlink: /home/andrew/CompanionBot2/NavigationSoftware/ros2_ws/install/roverrobotics_driver/share/roverrobotics_driver/launch/zero_teleop.launch.py
-- Up-to-date symlink: /home/andrew/CompanionBot2/NavigationSoftware/ros2_ws/install/roverrobotics_driver/share/roverrobotics_driver/config/accessories.yaml
-- Up-to-date symlink: /home/andrew/CompanionBot2/NavigationSoftware/ros2_ws/install/roverrobotics_driver/share/roverrobotics_driver/config/localization_ekf.yaml
-- Up-to-date symlink: /home/andrew/CompanionBot2/NavigationSoftware/ros2_ws/install/roverrobotics_driver/share/roverrobotics_driver/config/localization_outdoor_ekf.yaml
-- Up-to-date symlink: /home/andrew/CompanionBot2/NavigationSoftware/ros2_ws/install/roverrobotics_driver/share/roverrobotics_driver/config/max_130_config.yaml
-- Up-to-date symlink: /home/andrew/CompanionBot2/NavigationSoftware/ros2_ws/install/roverrobotics_driver/share/roverrobotics_driver/config/max_150_config.yaml
-- Up-to-date symlink: /home/andrew/CompanionBot2/NavigationSoftware/ros2_ws/install/roverrobotics_driver/share/roverrobotics_driver/config/mega_config.yaml
-- Up-to-date symlink: /home/andrew/CompanionBot2/NavigationSoftware/ros2_ws/install/roverrobotics_driver/share/roverrobotics_driver/config/mini_2wd_config.yaml
-- Up-to-date symlink: /home/andrew/CompanionBot2/NavigationSoftware/ros2_ws/install/roverrobotics_driver/share/roverrobotics_driver/config/mini_config.yaml
-- Up-to-date symlink: /home/andrew/CompanionBot2/NavigationSoftware/ros2_ws/install/roverrobotics_driver/share/roverrobotics_driver/config/miti_65_config.yaml
-- Up-to-date symlink: /home/andrew/CompanionBot2/NavigationSoftware/ros2_ws/install/roverrobotics_driver/share/roverrobotics_driver/config/miti_config.yaml
-- Up-to-date symlink: /home/andrew/CompanionBot2/NavigationSoftware/ros2_ws/install/roverrobotics_driver/share/roverrobotics_driver/config/nav2_params.yaml
-- Up-to-date symlink: /home/andrew/CompanionBot2/NavigationSoftware/ros2_ws/install/roverrobotics_driver/share/roverrobotics_driver/config/pro_config.yaml
-- Up-to-date symlink: /home/andrew/CompanionBot2/NavigationSoftware/ros2_ws/install/roverrobotics_driver/share/roverrobotics_driver/config/ps4_controller_config.yaml
-- Up-to-date symlink: /home/andrew/CompanionBot2/NavigationSoftware/ros2_ws/install/roverrobotics_driver/share/roverrobotics_driver/config/ps4_controller_config_jp6.yaml
-- Up-to-date symlink: /home/andrew/CompanionBot2/NavigationSoftware/ros2_ws/install/roverrobotics_driver/share/roverrobotics_driver/config/ps5_controller_config.yaml
-- Up-to-date symlink: /home/andrew/CompanionBot2/NavigationSoftware/ros2_ws/install/roverrobotics_driver/share/roverrobotics_driver/config/ps5_controller_config_jp6.yaml
-- Up-to-date symlink: /home/andrew/CompanionBot2/NavigationSoftware/ros2_ws/install/roverrobotics_driver/share/roverrobotics_driver/config/realsense_config.yaml
-- Up-to-date symlink: /home/andrew/CompanionBot2/NavigationSoftware/ros2_ws/install/roverrobotics_driver/share/roverrobotics_driver/config/rviz_configs/nav2_default_view.rviz
-- Up-to-date symlink: /home/andrew/CompanionBot2/NavigationSoftware/ros2_ws/install/roverrobotics_driver/share/roverrobotics_driver/config/rviz_configs/realsense_rviz_layout.rviz
-- Up-to-date symlink: /home/andrew/CompanionBot2/NavigationSoftware/ros2_ws/install/roverrobotics_driver/share/roverrobotics_driver/config/rviz_configs/slam_rviz_layout.rviz
-- Up-to-date symlink: /home/andrew/CompanionBot2/NavigationSoftware/ros2_ws/install/roverrobotics_driver/share/roverrobotics_driver/config/slam_configs/mapper_params_lifelong.yaml
-- Up-to-date symlink: /home/andrew/CompanionBot2/NavigationSoftware/ros2_ws/install/roverrobotics_driver/share/roverrobotics_driver/config/slam_configs/mapper_params_localization.yaml
-- Up-to-date symlink: /home/andrew/CompanionBot2/NavigationSoftware/ros2_ws/install/roverrobotics_driver/share/roverrobotics_driver/config/slam_configs/mapper_params_offline.yaml
-- Up-to-date symlink: /home/andrew/CompanionBot2/NavigationSoftware/ros2_ws/install/roverrobotics_driver/share/roverrobotics_driver/config/slam_configs/mapper_params_online_async.yaml
-- Up-to-date symlink: /home/andrew/CompanionBot2/NavigationSoftware/ros2_ws/install/roverrobotics_driver/share/roverrobotics_driver/config/slam_configs/mapper_params_online_sync.yaml
-- Up-to-date symlink: /home/andrew/CompanionBot2/NavigationSoftware/ros2_ws/install/roverrobotics_driver/share/roverrobotics_driver/config/topics.yaml
-- Up-to-date symlink: /home/andrew/CompanionBot2/NavigationSoftware/ros2_ws/install/roverrobotics_driver/share/roverrobotics_driver/config/zero_config.yaml
-- Up-to-date symlink: /home/andrew/CompanionBot2/NavigationSoftware/ros2_ws/install/roverrobotics_driver/share/roverrobotics_driver/maps/maze_map.data
-- Up-to-date symlink: /home/andrew/CompanionBot2/NavigationSoftware/ros2_ws/install/roverrobotics_driver/share/roverrobotics_driver/maps/maze_map.pgm
-- Up-to-date symlink: /home/andrew/CompanionBot2/NavigationSoftware/ros2_ws/install/roverrobotics_driver/share/roverrobotics_driver/maps/maze_map.posegraph
-- Up-to-date symlink: /home/andrew/CompanionBot2/NavigationSoftware/ros2_ws/install/roverrobotics_driver/share/roverrobotics_driver/maps/maze_map.yaml
-- Up-to-date symlink: /home/andrew/CompanionBot2/NavigationSoftware/ros2_ws/install/roverrobotics_driver/lib/roverrobotics_driver/roverrobotics_driver
-- Up-to-date symlink: /home/andrew/CompanionBot2/NavigationSoftware/ros2_ws/install/roverrobotics_driver/share/ament_index/resource_index/package_run_dependencies/roverrobotics_driver
-- Up-to-date symlink: /home/andrew/CompanionBot2/NavigationSoftware/ros2_ws/install/roverrobotics_driver/share/ament_index/resource_index/parent_prefix_path/roverrobotics_driver
-- Up-to-date symlink: /home/andrew/CompanionBot2/NavigationSoftware/ros2_ws/install/roverrobotics_driver/share/roverrobotics_driver/environment/ament_prefix_path.sh
-- Up-to-date symlink: /home/andrew/CompanionBot2/NavigationSoftware/ros2_ws/install/roverrobotics_driver/share/roverrobotics_driver/environment/ament_prefix_path.dsv
-- Up-to-date symlink: /home/andrew/CompanionBot2/NavigationSoftware/ros2_ws/install/roverrobotics_driver/share/roverrobotics_driver/environment/path.sh
-- Up-to-date symlink: /home/andrew/CompanionBot2/NavigationSoftware/ros2_ws/install/roverrobotics_driver/share/roverrobotics_driver/environment/path.dsv
-- Up-to-date symlink: /home/andrew/CompanionBot2/NavigationSoftware/ros2_ws/install/roverrobotics_driver/share/roverrobotics_driver/local_setup.bash
-- Up-to-date symlink: /home/andrew/CompanionBot2/NavigationSoftware/ros2_ws/install/roverrobotics_driver/share/roverrobotics_driver/local_setup.sh
-- Up-to-date symlink: /home/andrew/CompanionBot2/NavigationSoftware/ros2_ws/install/roverrobotics_driver/share/roverrobotics_driver/local_setup.zsh
-- Up-to-date symlink: /home/andrew/CompanionBot2/NavigationSoftware/ros2_ws/install/roverrobotics_driver/share/roverrobotics_driver/local_setup.dsv
-- Symlinking: /home/andrew/CompanionBot2/NavigationSoftware/ros2_ws/install/roverrobotics_driver/share/roverrobotics_driver/package.dsv
-- Up-to-date symlink: /home/andrew/CompanionBot2/NavigationSoftware/ros2_ws/install/roverrobotics_driver/share/ament_index/resource_index/packages/roverrobotics_driver
-- Up-to-date symlink: /home/andrew/CompanionBot2/NavigationSoftware/ros2_ws/install/roverrobotics_driver/share/roverrobotics_driver/cmake/roverrobotics_driverConfig.cmake
-- Up-to-date symlink: /home/andrew/CompanionBot2/NavigationSoftware/ros2_ws/install/roverrobotics_driver/share/roverrobotics_driver/cmake/roverrobotics_driverConfig-version.cmake
-- Up-to-date symlink: /home/andrew/CompanionBot2/NavigationSoftware/ros2_ws/install/roverrobotics_driver/share/roverrobotics_driver/package.xml
