-- The C compiler identification is GNU 11.4.0
-- The CXX compiler identification is GNU 11.4.0
-- Detecting C compiler ABI info
-- Detecting C compiler ABI info - done
-- Check for working C compiler: /usr/bin/cc - skipped
-- Detecting C compile features
-- Detecting C compile features - done
-- Detecting CXX compiler ABI info
-- Detecting CXX compiler ABI info - done
-- Check for working CXX compiler: /usr/bin/c++ - skipped
-- Detecting CXX compile features
-- Detecting CXX compile features - done
-- Found ament_cmake: 1.3.14 (/opt/ros/humble/share/ament_cmake/cmake)
-- Found Python3: /usr/bin/python3 (found version "3.10.12") found components: Interpreter 
-- Override CMake install command with custom implementation using symlinks instead of copying resources
-- Configuring done
-- Generating done
-- Build files have been written to: /home/andrew/CompanionBot2/NavigationSoftware/ros2_ws/build/roverrobotics_input_manager
-- Install configuration: ""
-- Execute custom install script
-- Symlinking: /home/andrew/CompanionBot2/NavigationSoftware/ros2_ws/install/roverrobotics_input_manager/lib/roverrobotics_input_manager/modules/Controller.py
-- Symlinking: /home/andrew/CompanionBot2/NavigationSoftware/ros2_ws/install/roverrobotics_input_manager/lib/roverrobotics_input_manager/modules/PadHeartbeat.py
-- Symlinking: /home/andrew/CompanionBot2/NavigationSoftware/ros2_ws/install/roverrobotics_input_manager/lib/roverrobotics_input_manager/modules/Topics.py
-- Symlinking: /home/andrew/CompanionBot2/NavigationSoftware/ros2_ws/install/roverrobotics_input_manager/lib/roverrobotics_input_manager/modules/__pycache__/Controller.cpython-310.pyc
-- Symlinking: /home/andrew/CompanionBot2/NavigationSoftware/ros2_ws/install/roverrobotics_input_manager/lib/roverrobotics_input_manager/modules/__pycache__/Controller.cpython-38.pyc
-- Symlinking: /home/andrew/CompanionBot2/NavigationSoftware/ros2_ws/install/roverrobotics_input_manager/lib/roverrobotics_input_manager/modules/__pycache__/Topics.cpython-310.pyc
-- Symlinking: /home/andrew/CompanionBot2/NavigationSoftware/ros2_ws/install/roverrobotics_input_manager/lib/roverrobotics_input_manager/modules/__pycache__/Topics.cpython-38.pyc
-- Symlinking: /home/andrew/CompanionBot2/NavigationSoftware/ros2_ws/install/roverrobotics_input_manager/lib/roverrobotics_input_manager/joys_manager.py
-- Symlinking: /home/andrew/CompanionBot2/NavigationSoftware/ros2_ws/install/roverrobotics_input_manager/share/ament_index/resource_index/package_run_dependencies/roverrobotics_input_manager
-- Symlinking: /home/andrew/CompanionBot2/NavigationSoftware/ros2_ws/install/roverrobotics_input_manager/share/ament_index/resource_index/parent_prefix_path/roverrobotics_input_manager
-- Symlinking: /home/andrew/CompanionBot2/NavigationSoftware/ros2_ws/install/roverrobotics_input_manager/share/roverrobotics_input_manager/environment/ament_prefix_path.sh
-- Symlinking: /home/andrew/CompanionBot2/NavigationSoftware/ros2_ws/install/roverrobotics_input_manager/share/roverrobotics_input_manager/environment/ament_prefix_path.dsv
-- Symlinking: /home/andrew/CompanionBot2/NavigationSoftware/ros2_ws/install/roverrobotics_input_manager/share/roverrobotics_input_manager/environment/path.sh
-- Symlinking: /home/andrew/CompanionBot2/NavigationSoftware/ros2_ws/install/roverrobotics_input_manager/share/roverrobotics_input_manager/environment/path.dsv
-- Symlinking: /home/andrew/CompanionBot2/NavigationSoftware/ros2_ws/install/roverrobotics_input_manager/share/roverrobotics_input_manager/local_setup.bash
-- Symlinking: /home/andrew/CompanionBot2/NavigationSoftware/ros2_ws/install/roverrobotics_input_manager/share/roverrobotics_input_manager/local_setup.sh
-- Symlinking: /home/andrew/CompanionBot2/NavigationSoftware/ros2_ws/install/roverrobotics_input_manager/share/roverrobotics_input_manager/local_setup.zsh
-- Symlinking: /home/andrew/CompanionBot2/NavigationSoftware/ros2_ws/install/roverrobotics_input_manager/share/roverrobotics_input_manager/local_setup.dsv
-- Symlinking: /home/andrew/CompanionBot2/NavigationSoftware/ros2_ws/install/roverrobotics_input_manager/share/roverrobotics_input_manager/package.dsv
-- Symlinking: /home/andrew/CompanionBot2/NavigationSoftware/ros2_ws/install/roverrobotics_input_manager/share/ament_index/resource_index/packages/roverrobotics_input_manager
-- Symlinking: /home/andrew/CompanionBot2/NavigationSoftware/ros2_ws/install/roverrobotics_input_manager/share/roverrobotics_input_manager/cmake/roverrobotics_input_managerConfig.cmake
-- Symlinking: /home/andrew/CompanionBot2/NavigationSoftware/ros2_ws/install/roverrobotics_input_manager/share/roverrobotics_input_manager/cmake/roverrobotics_input_managerConfig-version.cmake
-- Symlinking: /home/andrew/CompanionBot2/NavigationSoftware/ros2_ws/install/roverrobotics_input_manager/share/roverrobotics_input_manager/package.xml
